Component: ARM Compiler 5.06 update 7 (build 960) Tool: armlink [4d3601]

==============================================================================

Section Cross References

    main.o(i.Clock_HSE_Configuration) refers to stm32f10x_rcc.o(i.RCC_DeInit) for RCC_DeInit
    main.o(i.Clock_HSE_Configuration) refers to stm32f10x_rcc.o(i.RCC_HSEConfig) for RCC_HSEConfig
    main.o(i.Clock_HSE_Configuration) refers to stm32f10x_rcc.o(i.RCC_WaitForHSEStartUp) for RCC_WaitForHSEStartUp
    main.o(i.Clock_HSE_Configuration) refers to stm32f10x_flash.o(i.FLASH_PrefetchBufferCmd) for FLASH_PrefetchBufferCmd
    main.o(i.Clock_HSE_Configuration) refers to stm32f10x_flash.o(i.FLASH_SetLatency) for FLASH_SetLatency
    main.o(i.Clock_HSE_Configuration) refers to stm32f10x_rcc.o(i.RCC_HCLKConfig) for RCC_HCLKConfig
    main.o(i.Clock_HSE_Configuration) refers to stm32f10x_rcc.o(i.RCC_PCLK2Config) for RCC_PCLK2Config
    main.o(i.Clock_HSE_Configuration) refers to stm32f10x_rcc.o(i.RCC_PCLK1Config) for RCC_PCLK1Config
    main.o(i.Clock_HSE_Configuration) refers to stm32f10x_rcc.o(i.RCC_PLLConfig) for RCC_PLLConfig
    main.o(i.Clock_HSE_Configuration) refers to stm32f10x_rcc.o(i.RCC_PLLCmd) for RCC_PLLCmd
    main.o(i.Clock_HSE_Configuration) refers to stm32f10x_rcc.o(i.RCC_GetFlagStatus) for RCC_GetFlagStatus
    main.o(i.Clock_HSE_Configuration) refers to stm32f10x_rcc.o(i.RCC_SYSCLKConfig) for RCC_SYSCLKConfig
    main.o(i.Clock_HSE_Configuration) refers to stm32f10x_rcc.o(i.RCC_GetSYSCLKSource) for RCC_GetSYSCLKSource
    main.o(i.Clock_HSE_Configuration) refers to main.o(.data) for HSEStartUpStatus
    main.o(i.Delay) refers to main.o(.data) for TimingDelay
    main.o(i.main) refers to main.o(i.Clock_HSE_Configuration) for Clock_HSE_Configuration
    main.o(i.main) refers to stm32f10x_rcc.o(i.RCC_GetClocksFreq) for RCC_GetClocksFreq
    main.o(i.main) refers to system_stm32f10x.o(i.SystemCoreClockUpdate) for SystemCoreClockUpdate
    main.o(i.main) refers to user_delay.o(i.UDELAY_Configure) for UDELAY_Configure
    main.o(i.main) refers to user_led.o(i.ULED_Configure) for ULED_Configure
    main.o(i.main) refers to user_hallsensor.o(i.UHALL_GPIO_Configure) for UHALL_GPIO_Configure
    main.o(i.main) refers to user_pwm.o(i.UPWM_GPIO_Configure) for UPWM_GPIO_Configure
    main.o(i.main) refers to user_adc.o(i.UADC_GPIO_Configure) for UADC_GPIO_Configure
    main.o(i.main) refers to user_pwm.o(i.UPWM_TIM_Configure) for UPWM_TIM_Configure
    main.o(i.main) refers to user_delay.o(i.UDELAY_ms) for UDELAY_ms
    main.o(i.main) refers to user_can.o(i.UCAN_GPIO_Configure) for UCAN_GPIO_Configure
    main.o(i.main) refers to user_hallsensor.o(i.UHALL_TIM_Configure) for UHALL_TIM_Configure
    main.o(i.main) refers to user_encoder.o(i.UENC_Configure) for UENC_Configure
    main.o(i.main) refers to user_can.o(i.UCAN_CAN_Configure) for UCAN_CAN_Configure
    main.o(i.main) refers to user_adc.o(i.UADC_ADC_DMA_Configure) for UADC_ADC_DMA_Configure
    main.o(i.main) refers to user_pwm.o(i.UPWM_StopPWM) for UPWM_StopPWM
    main.o(i.main) refers to user_algorithm.o(i.UALTHM_UpdatePIDParams) for UALTHM_UpdatePIDParams
    main.o(i.main) refers to user_algorithm.o(i.UALTHM_UpdateFuzzyParams) for UALTHM_UpdateFuzzyParams
    main.o(i.main) refers to user_algorithm.o(i.UALTHM_UpdateParameters) for UALTHM_UpdateParameters
    main.o(i.main) refers to user_can.o(i.UCAN_PassSystemReady) for UCAN_PassSystemReady
    main.o(i.main) refers to user_can.o(i.UCAN_Checksum) for UCAN_Checksum
    main.o(i.main) refers to user_led.o(i.ULED_Toggle) for ULED_Toggle
    main.o(i.main) refers to main.o(.bss) for RCC_ClockFreq
    main.o(i.main) refers to main.o(.data) for clock_source
    user_pwm.o(i.UPWM_ControlBLDCFET) refers to user_hallsensor.o(i.UHALL_GetHALLHA) for UHALL_GetHALLHA
    user_pwm.o(i.UPWM_ControlBLDCFET) refers to stm32f10x_tim.o(i.TIM_SelectOCxM) for TIM_SelectOCxM
    user_pwm.o(i.UPWM_ControlBLDCFET) refers to stm32f10x_tim.o(i.TIM_CCxCmd) for TIM_CCxCmd
    user_pwm.o(i.UPWM_ControlBLDCFET) refers to stm32f10x_tim.o(i.TIM_CCxNCmd) for TIM_CCxNCmd
    user_pwm.o(i.UPWM_ControlBLDCFET) refers to user_hallsensor.o(i.UHALL_GetHALLLA) for UHALL_GetHALLLA
    user_pwm.o(i.UPWM_ControlBLDCFET) refers to user_hallsensor.o(i.UHALL_GetHALLHB) for UHALL_GetHALLHB
    user_pwm.o(i.UPWM_ControlBLDCFET) refers to user_hallsensor.o(i.UHALL_GetHALLLB) for UHALL_GetHALLLB
    user_pwm.o(i.UPWM_ControlBLDCFET) refers to user_hallsensor.o(i.UHALL_GetHALLHC) for UHALL_GetHALLHC
    user_pwm.o(i.UPWM_ControlBLDCFET) refers to user_hallsensor.o(i.UHALL_GetHALLLC) for UHALL_GetHALLLC
    user_pwm.o(i.UPWM_GPIO_Configure) refers to stm32f10x_rcc.o(i.RCC_APB2PeriphClockCmd) for RCC_APB2PeriphClockCmd
    user_pwm.o(i.UPWM_GPIO_Configure) refers to stm32f10x_gpio.o(i.GPIO_Init) for GPIO_Init
    user_pwm.o(i.UPWM_GetBytesDutyCycle) refers to stm32f10x_tim.o(i.TIM_GetCapture1) for TIM_GetCapture1
[...]
    CMSIS\\core_cm3.c                        0x00000000   Number         0  core_cm3.o ABSOLUTE
    CMSIS\core_cm3.c                         0x00000000   Number         0  core_cm3.o ABSOLUTE
    CMSIS\stm32f10x_it.c                     0x00000000   Number         0  stm32f10x_it.o ABSOLUTE
    RTE\Device\STM32F103C8\startup_stm32f10x_md.s 0x00000000   Number         0  startup_stm32f10x_md.o ABSOLUTE
    RTE\Device\STM32F103C8\system_stm32f10x.c 0x00000000   Number         0  system_stm32f10x.o ABSOLUTE
    STM32F10x_StdPeriph_Driver\src\misc.c    0x00000000   Number         0  misc.o ABSOLUTE
    STM32F10x_StdPeriph_Driver\src\stm32f10x_adc.c 0x00000000   Number         0  stm32f10x_adc.o ABSOLUTE
    STM32F10x_StdPeriph_Driver\src\stm32f10x_can.c 0x00000000   Number         0  stm32f10x_can.o ABSOLUTE
    STM32F10x_StdPeriph_Driver\src\stm32f10x_dma.c 0x00000000   Number         0  stm32f10x_dma.o ABSOLUTE
    STM32F10x_StdPeriph_Driver\src\stm32f10x_exti.c 0x00000000   Number         0  stm32f10x_exti.o ABSOLUTE
    STM32F10x_StdPeriph_Driver\src\stm32f10x_flash.c 0x00000000   Number         0  stm32f10x_flash.o ABSOLUTE
    STM32F10x_StdPeriph_Driver\src\stm32f10x_gpio.c 0x00000000   Number         0  stm32f10x_gpio.o ABSOLUTE
    STM32F10x_StdPeriph_Driver\src\stm32f10x_rcc.c 0x00000000   Number         0  stm32f10x_rcc.o ABSOLUTE
    STM32F10x_StdPeriph_Driver\src\stm32f10x_tim.c 0x00000000   Number         0  stm32f10x_tim.o ABSOLUTE
    STM32F10x_StdPeriph_Driver\src\stm32f10x_wwdg.c 0x00000000   Number         0  stm32f10x_wwdg.o ABSOLUTE
    User_ADC.c                               0x00000000   Number         0  user_adc.o ABSOLUTE
    User_Algorithm.c                         0x00000000   Number         0  user_algorithm.o ABSOLUTE
    User_Brake.c                             0x00000000   Number         0  user_brake.o ABSOLUTE
    User_CAN.c                               0x00000000   Number         0  user_can.o ABSOLUTE
    User_Delay.c                             0x00000000   Number         0  user_delay.o ABSOLUTE
    User_Encoder.c                           0x00000000   Number         0  user_encoder.o ABSOLUTE
    User_Filter.c                            0x00000000   Number         0  user_filter.o ABSOLUTE
    User_HALLSensor.c                        0x00000000   Number         0  user_hallsensor.o ABSOLUTE
    User_LED.c                               0x00000000   Number         0  user_led.o ABSOLUTE
    User_PWM.c                               0x00000000   Number         0  user_pwm.o ABSOLUTE
    User_ResetHardfault.c                    0x00000000   Number         0  user_resethardfault.o ABSOLUTE
    cdcmple.s                                0x00000000   Number         0  cdcmple.o ABSOLUTE
    cdrcmple.s                               0x00000000   Number         0  cdrcmple.o ABSOLUTE
    cfcmple.s                                0x00000000   Number         0  cfcmple.o ABSOLUTE
    dc.s                                     0x00000000   Number         0  dc.o ABSOLUTE
    filter.c                                 0x00000000   Number         0  filter.o ABSOLUTE
    handlers.s                               0x00000000   Number         0  handlers.o ABSOLUTE
    init.s                                   0x00000000   Number         0  init.o ABSOLUTE
    main.c                                   0x00000000   Number         0  main.o ABSOLUTE
    matrix.c                                 0x00000000   Number         0  matrix.o ABSOLUTE
    RESET                                    0x08000000   Section      236  startup_stm32f10x_md.o(RESET)
    .ARM.Collect$$$$00000000                 0x080000ec   Section        0  entry.o(.ARM.Collect$$$$00000000)
    .ARM.Collect$$$$00000001                 0x080000ec   Section        4  entry2.o(.ARM.Collect$$$$00000001)
    .ARM.Collect$$$$00000004                 0x080000f0   Section        4  entry5.o(.ARM.Collect$$$$00000004)
    .ARM.Collect$$$$00000008                 0x080000f4   Section        0  entry7b.o(.ARM.Collect$$$$00000008)
    .ARM.Collect$$$$0000000A                 0x080000f4   Section        0  entry8b.o(.ARM.Collect$$$$0000000A)
    .ARM.Collect$$$$0000000B                 0x080000f4   Section        8  entry9a.o(.ARM.Collect$$$$0000000B)
    .ARM.Collect$$$$0000000E                 0x080000fc   Section        4  entry12b.o(.ARM.Collect$$$$0000000E)
    .ARM.Collect$$$$0000000F                 0x08000100   Section        0  entry10a.o(.ARM.Collect$$$$0000000F)
    .ARM.Collect$$$$00000011                 0x08000100   Section        0  entry11a.o(.ARM.Collect$$$$00000011)
    .ARM.Collect$$$$00002712                 0x08000100   Section        4  entry2.o(.ARM.Collect$$$$00002712)
    __lit__00000000                          0x08000100   Data           4  entry2.o(.ARM.Collect$$$$00002712)
    .text                                    0x08000104   Section       36  startup_stm32f10x_md.o(.text)
    .text                                    0x08000128   Section        0  fadd.o(.text)
    .text                                    0x080001d8   Section        0  fmul.o(.text)
    .text                                    0x0800023c   Section        0  fdiv.o(.text)
    .text                                    0x080002b8   Section        0  dadd.o(.text)
    .text                                    0x08000406   Section        0  dmul.o(.text)
    .text                                    0x080004ea   Section        0  ddiv.o(.text)
    .text                                    0x080005c8   Section        0  fflti.o(.text)
    .text                                    0x080005da   Section        0  ffltui.o(.text)
    .text                                    0x080005e4   Section        0  dfltui.o(.text)
    .text                                    0x080005fe   Section        0  ffixi.o(.text)
    .text                                    0x08000630   Section        0  ffixui.o(.text)
    .text                                    0x08000658   Section        0  dfixui.o(.text)
    .text                                    0x0800068a   Section        0  f2d.o(.text)
    .text                                    0x080006b0   Section        0  d2f.o(.text)
    .text                                    0x080006e8   Section        0  llshl.o(.text)
    .text                                    0x08000706   Section        0  llushr.o(.text)
    .text                                    0x08000726   Section        0  llsshr.o(.text)
    .text                                    0x0800074a   Section        0  iusefp.o(.text)
    .text                                    0x0800074a   Section        0  fepilogue.o(.text)
    .text                                    0x080007b8   Section        0  depilogue.o(.text)
    .text                                    0x08000874   Section       36  init.o(.text)
    .text                                    0x08000898   Section        0  __dczerorl2.o(.text)
    i.ADC_Cmd                                0x080008ee   Section        0  stm32f10x_adc.o(i.ADC_Cmd)
    i.ADC_DMACmd                             0x08000904   Section        0  stm32f10x_adc.o(i.ADC_DMACmd)
    i.ADC_GetCalibrationStatus               0x0800091a   Section        0  stm32f10x_adc.o(i.ADC_GetCalibrationStatus)
    i.ADC_GetResetCalibrationStatus          0x0800092e   Section        0  stm32f10x_adc.o(i.ADC_GetResetCalibrationStatus)
    i.ADC_Init                               0x08000944   Section        0  stm32f10x_adc.o(i.ADC_Init)
    i.ADC_RegularChannelConfig               0x08000994   Section        0  stm32f10x_adc.o(i.ADC_RegularChannelConfig)
    i.ADC_ResetCalibration                   0x08000a4c   Section        0  stm32f10x_adc.o(i.ADC_ResetCalibration)
    i.ADC_SoftwareStartConvCmd               0x08000a56   Section        0  stm32f10x_adc.o(i.ADC_SoftwareStartConvCmd)
    i.ADC_StartCalibration                   0x08000a6c   Section        0  stm32f10x_adc.o(i.ADC_StartCalibration)
    i.ADC_TempSensorVrefintCmd               0x08000a78   Section        0  stm32f10x_adc.o(i.ADC_TempSensorVrefintCmd)
    i.BusFault_Handler                       0x08000a9c   Section        0  stm32f10x_it.o(i.BusFault_Handler)
    i.CAN_DeInit                             0x08000aa0   Section        0  stm32f10x_can.o(i.CAN_DeInit)
    i.CAN_FilterInit                         0x08000ad8   Section        0  stm32f10x_can.o(i.CAN_FilterInit)
    i.CAN_ITConfig                           0x08000be0   Section        0  stm32f10x_can.o(i.CAN_ITConfig)
    i.CAN_Init                               0x08000bf2   Section        0  stm32f10x_can.o(i.CAN_Init)
    i.CAN_Receive                            0x08000d06   Section        0  stm32f10x_can.o(i.CAN_Receive)
    i.CAN_StructInit                         0x08000df6   Section        0  stm32f10x_can.o(i.CAN_StructInit)
    i.CAN_Transmit                           0x08000e16   Section        0  stm32f10x_can.o(i.CAN_Transmit)
    i.CAN_TransmitStatus                     0x08000f3c   Section        0  stm32f10x_can.o(i.CAN_TransmitStatus)
    i.Clock_HSE_Configuration                0x08000fdc   Section        0  main.o(i.Clock_HSE_Configuration)
    i.DMA1_Channel1_IRQHandler               0x08001054   Section        0  user_adc.o(i.DMA1_Channel1_IRQHandler)
    i.DMA_ClearITPendingBit                  0x08001194   Section        0  stm32f10x_dma.o(i.DMA_ClearITPendingBit)
    i.DMA_Cmd                                0x080011b0   Section        0  stm32f10x_dma.o(i.DMA_Cmd)
    i.DMA_DeInit                             0x080011c8   Section        0  stm32f10x_dma.o(i.DMA_DeInit)
    i.DMA_GetITStatus                        0x08001314   Section        0  stm32f10x_dma.o(i.DMA_GetITStatus)
    i.DMA_ITConfig                           0x08001340   Section        0  stm32f10x_dma.o(i.DMA_ITConfig)
    i.DMA_Init                               0x08001352   Section        0  stm32f10x_dma.o(i.DMA_Init)
    i.DebugMon_Handler                       0x0800138e   Section        0  stm32f10x_it.o(i.DebugMon_Handler)
    i.EXTI0_IRQHandler                       0x08001390   Section        0  user_hallsensor.o(i.EXTI0_IRQHandler)
    i.EXTI1_IRQHandler                       0x080013c0   Section        0  user_hallsensor.o(i.EXTI1_IRQHandler)
    i.EXTI2_IRQHandler                       0x080013f0   Section        0  user_hallsensor.o(i.EXTI2_IRQHandler)
    i.EXTI_ClearITPendingBit                 0x08001420   Section        0  stm32f10x_exti.o(i.EXTI_ClearITPendingBit)
    i.EXTI_GetITStatus                       0x0800142c   Section        0  stm32f10x_exti.o(i.EXTI_GetITStatus)
    i.EXTI_Init                              0x08001454   Section        0  stm32f10x_exti.o(i.EXTI_Init)
    i.FLASH_PrefetchBufferCmd                0x080014e8   Section        0  stm32f10x_flash.o(i.FLASH_PrefetchBufferCmd)
    i.FLASH_SetLatency                       0x08001504   Section        0  stm32f10x_flash.o(i.FLASH_SetLatency)
    i.GPIO_EXTILineConfig                    0x0800151c   Section        0  stm32f10x_gpio.o(i.GPIO_EXTILineConfig)
    i.GPIO_Init                              0x0800155c   Section        0  stm32f10x_gpio.o(i.GPIO_Init)
    i.GPIO_PinRemapConfig                    0x08001674   Section        0  stm32f10x_gpio.o(i.GPIO_PinRemapConfig)
    i.GPIO_ReadInputData                     0x08001704   Section        0  stm32f10x_gpio.o(i.GPIO_ReadInputData)
    i.GPIO_ResetBits                         0x0800170c   Section        0  stm32f10x_gpio.o(i.GPIO_ResetBits)
    i.GPIO_WriteBit                          0x08001710   Section        0  stm32f10x_gpio.o(i.GPIO_WriteBit)
    i.HardFault_Handler                      0x0800171a   Section        0  stm32f10x_it.o(i.HardFault_Handler)
    i.MemManage_Handler                      0x0800171e   Section        0  stm32f10x_it.o(i.MemManage_Handler)
    i.NMI_Handler                            0x08001722   Section        0  stm32f10x_it.o(i.NMI_Handler)
    i.NVIC_Init                              0x08001724   Section        0  misc.o(i.NVIC_Init)
    i.NVIC_PriorityGroupConfig               0x08001794   Section        0  misc.o(i.NVIC_PriorityGroupConfig)
    i.PendSV_Handler                         0x080017a8   Section        0  stm32f10x_it.o(i.PendSV_Handler)
    i.RCC_ADCCLKConfig                       0x080017ac   Section        0  stm32f10x_rcc.o(i.RCC_ADCCLKConfig)
    i.RCC_AHBPeriphClockCmd                  0x080017c4   Section        0  stm32f10x_rcc.o(i.RCC_AHBPeriphClockCmd)
    i.RCC_APB1PeriphClockCmd                 0x080017e4   Section        0  stm32f10x_rcc.o(i.RCC_APB1PeriphClockCmd)
    i.RCC_APB1PeriphResetCmd                 0x08001804   Section        0  stm32f10x_rcc.o(i.RCC_APB1PeriphResetCmd)
    i.RCC_APB2PeriphClockCmd                 0x08001824   Section        0  stm32f10x_rcc.o(i.RCC_APB2PeriphClockCmd)
    i.RCC_APB2PeriphResetCmd                 0x08001844   Section        0  stm32f10x_rcc.o(i.RCC_APB2PeriphResetCmd)
    i.RCC_DeInit                             0x08001864   Section        0  stm32f10x_rcc.o(i.RCC_DeInit)
    i.RCC_GetClocksFreq                      0x080018b0   Section        0  stm32f10x_rcc.o(i.RCC_GetClocksFreq)
    i.RCC_GetFlagStatus                      0x08001984   Section        0  stm32f10x_rcc.o(i.RCC_GetFlagStatus)
    i.RCC_GetSYSCLKSource                    0x080019c0   Section        0  stm32f10x_rcc.o(i.RCC_GetSYSCLKSource)
    i.RCC_HCLKConfig                         0x080019d0   Section        0  stm32f10x_rcc.o(i.RCC_HCLKConfig)
    i.RCC_HSEConfig                          0x080019e8   Section        0  stm32f10x_rcc.o(i.RCC_HSEConfig)
    i.RCC_PCLK1Config                        0x08001a34   Section        0  stm32f10x_rcc.o(i.RCC_PCLK1Config)
    i.RCC_PCLK2Config                        0x08001a4c   Section        0  stm32f10x_rcc.o(i.RCC_PCLK2Config)
    i.RCC_PLLCmd                             0x08001a64   Section        0  stm32f10x_rcc.o(i.RCC_PLLCmd)
    i.RCC_PLLConfig                          0x08001a70   Section        0  stm32f10x_rcc.o(i.RCC_PLLConfig)
    i.RCC_SYSCLKConfig                       0x08001a8c   Section        0  stm32f10x_rcc.o(i.RCC_SYSCLKConfig)
    i.RCC_WaitForHSEStartUp                  0x08001aa4   Section        0  stm32f10x_rcc.o(i.RCC_WaitForHSEStartUp)
    i.SVC_Handler                            0x08001adc   Section        0  stm32f10x_it.o(i.SVC_Handler)
    i.SetSysClock                            0x08001ade   Section        0  system_stm32f10x.o(i.SetSysClock)
    SetSysClock                              0x08001adf   Thumb Code     8  system_stm32f10x.o(i.SetSysClock)
    i.SetSysClockTo72                        0x08001ae8   Section        0  system_stm32f10x.o(i.SetSysClockTo72)
    SetSysClockTo72                          0x08001ae9   Thumb Code   214  system_stm32f10x.o(i.SetSysClockTo72)
    i.SysTick_Handler                        0x08001bc8   Section        0  stm32f10x_it.o(i.SysTick_Handler)
    i.SystemCoreClockUpdate                  0x08001bd8   Section        0  system_stm32f10x.o(i.SystemCoreClockUpdate)
    i.SystemInit                             0x08001c7c   Section        0  system_stm32f10x.o(i.SystemInit)
    i.TI1_Config                             0x08001cdc   Section        0  stm32f10x_tim.o(i.TI1_Config)
    TI1_Config                               0x08001cdd   Thumb Code   108  stm32f10x_tim.o(i.TI1_Config)
    i.TI2_Config                             0x08001d5c   Section        0  stm32f10x_tim.o(i.TI2_Config)
    TI2_Config                               0x08001d5d   Thumb Code   130  stm32f10x_tim.o(i.TI2_Config)
    i.TI3_Config                             0x08001df4   Section        0  stm32f10x_tim.o(i.TI3_Config)
    TI3_Config                               0x08001df5   Thumb Code   122  stm32f10x_tim.o(i.TI3_Config)
    i.TI4_Config                             0x08001e84   Section        0  stm32f10x_tim.o(i.TI4_Config)
    TI4_Config                               0x08001e85   Thumb Code   130  stm32f10x_tim.o(i.TI4_Config)
    i.TIM2_IRQHandler                        0x08001f1c   Section        0  user_encoder.o(i.TIM2_IRQHandler)
    i.TIM4_IRQHandler                        0x08001f68   Section        0  user_hallsensor.o(i.TIM4_IRQHandler)
    i.TIM_BDTRConfig                         0x08001fa0   Section        0  stm32f10x_tim.o(i.TIM_BDTRConfig)
    i.TIM_CCxCmd                             0x08001fc0   Section        0  stm32f10x_tim.o(i.TIM_CCxCmd)
    i.TIM_CCxNCmd                            0x08001fde   Section        0  stm32f10x_tim.o(i.TIM_CCxNCmd)
    i.TIM_ClearFlag                          0x08001ffc   Section        0  stm32f10x_tim.o(i.TIM_ClearFlag)
    i.TIM_ClearITPendingBit                  0x08002002   Section        0  stm32f10x_tim.o(i.TIM_ClearITPendingBit)
    i.TIM_Cmd                                0x08002008   Section        0  stm32f10x_tim.o(i.TIM_Cmd)
    i.TIM_CtrlPWMOutputs                     0x08002020   Section        0  stm32f10x_tim.o(i.TIM_CtrlPWMOutputs)
    i.TIM_DeInit                             0x08002040   Section        0  stm32f10x_tim.o(i.TIM_DeInit)
    i.TIM_EncoderInterfaceConfig             0x08002228   Section        0  stm32f10x_tim.o(i.TIM_EncoderInterfaceConfig)
    i.TIM_GetCapture1                        0x0800226a   Section        0  stm32f10x_tim.o(i.TIM_GetCapture1)
    i.TIM_GetCounter                         0x08002270   Section        0  stm32f10x_tim.o(i.TIM_GetCounter)
    i.TIM_GetFlagStatus                      0x08002276   Section        0  stm32f10x_tim.o(i.TIM_GetFlagStatus)
    i.TIM_GetITStatus                        0x08002288   Section        0  stm32f10x_tim.o(i.TIM_GetITStatus)
    i.TIM_ICInit                             0x080022ac   Section        0  stm32f10x_tim.o(i.TIM_ICInit)
    i.TIM_ICStructInit                       0x08002358   Section        0  stm32f10x_tim.o(i.TIM_ICStructInit)
    i.TIM_ITConfig                           0x0800236a   Section        0  stm32f10x_tim.o(i.TIM_ITConfig)
    i.TIM_OC1Init                            0x0800237c   Section        0  stm32f10x_tim.o(i.TIM_OC1Init)
    i.TIM_OC1PreloadConfig                   0x08002414   Section        0  stm32f10x_tim.o(i.TIM_OC1PreloadConfig)
    i.TIM_OC2Init                            0x08002428   Section        0  stm32f10x_tim.o(i.TIM_OC2Init)
    i.TIM_OC2PreloadConfig                   0x080024cc   Section        0  stm32f10x_tim.o(i.TIM_OC2PreloadConfig)
    i.TIM_OC3Init                            0x080024e8   Section        0  stm32f10x_tim.o(i.TIM_OC3Init)
    i.TIM_OC3PreloadConfig                   0x08002588   Section        0  stm32f10x_tim.o(i.TIM_OC3PreloadConfig)
    i.TIM_SelectOCxM                         0x0800259a   Section        0  stm32f10x_tim.o(i.TIM_SelectOCxM)
    i.TIM_SetCompare1                        0x080025ec   Section        0  stm32f10x_tim.o(i.TIM_SetCompare1)
    i.TIM_SetCompare2                        0x080025f0   Section        0  stm32f10x_tim.o(i.TIM_SetCompare2)
    i.TIM_SetCompare3                        0x080025f4   Section        0  stm32f10x_tim.o(i.TIM_SetCompare3)
    i.TIM_SetIC1Prescaler                    0x080025f8   Section        0  stm32f10x_tim.o(i.TIM_SetIC1Prescaler)
    i.TIM_SetIC2Prescaler                    0x0800260a   Section        0  stm32f10x_tim.o(i.TIM_SetIC2Prescaler)
    i.TIM_SetIC3Prescaler                    0x08002624   Section        0  stm32f10x_tim.o(i.TIM_SetIC3Prescaler)
    i.TIM_SetIC4Prescaler                    0x08002636   Section        0  stm32f10x_tim.o(i.TIM_SetIC4Prescaler)
    i.TIM_TimeBaseInit                       0x08002650   Section        0  stm32f10x_tim.o(i.TIM_TimeBaseInit)
    i.UADC_ADC_DMA_Configure                 0x080026f4   Section        0  user_adc.o(i.UADC_ADC_DMA_Configure)
    i.UADC_GPIO_Configure                    0x0800283c   Section        0  user_adc.o(i.UADC_GPIO_Configure)
    i.UADC_GetAvrValue                       0x08002868   Section        0  user_adc.o(i.UADC_GetAvrValue)
    i.UADC_GetBytesConverted                 0x080028a8   Section        0  user_adc.o(i.UADC_GetBytesConverted)
    i.UALTHM_GetBytesSetPosition             0x08002960   Section        0  user_algorithm.o(i.UALTHM_GetBytesSetPosition)
    i.UALTHM_GetBytesSetSpeed                0x080029a8   Section        0  user_algorithm.o(i.UALTHM_GetBytesSetSpeed)
    i.UALTHM_UpdateFuzzyParams               0x080029f0   Section        0  user_algorithm.o(i.UALTHM_UpdateFuzzyParams)
    i.UALTHM_UpdatePIDParams                 0x08002a00   Section        0  user_algorithm.o(i.UALTHM_UpdatePIDParams)
    i.UALTHM_UpdateParameters                0x08002a10   Section        0  user_algorithm.o(i.UALTHM_UpdateParameters)
    i.UCAN_CAN_Configure                     0x08002ad8   Section        0  user_can.o(i.UCAN_CAN_Configure)
    i.UCAN_Checksum                          0x08002c30   Section        0  user_can.o(i.UCAN_Checksum)
    i.UCAN_GPIO_Configure                    0x08002c50   Section        0  user_can.o(i.UCAN_GPIO_Configure)
    i.UCAN_GetFlag                           0x08002c98   Section        0  user_can.o(i.UCAN_GetFlag)
    i.UCAN_PassSystemReady                   0x08002cdc   Section        0  user_can.o(i.UCAN_PassSystemReady)
    i.UCAN_Transmit                          0x08002cf0   Section        0  user_can.o(i.UCAN_Transmit)
    i.UDELAY_Configure                       0x08002d54   Section        0  user_delay.o(i.UDELAY_Configure)
    i.UDELAY_ms                              0x08002d84   Section        0  user_delay.o(i.UDELAY_ms)
    i.UDELAY_us                              0x08002dd4   Section        0  user_delay.o(i.UDELAY_us)
    i.UENC_Configure                         0x08002e24   Section        0  user_encoder.o(i.UENC_Configure)
    i.UENC_GetActualPosition                 0x08002ee8   Section        0  user_encoder.o(i.UENC_GetActualPosition)
    i.UENC_GetActualSpeed                    0x08002f10   Section        0  user_encoder.o(i.UENC_GetActualSpeed)
    i.UENC_GetBytesActualPosition            0x08002fa8   Section        0  user_encoder.o(i.UENC_GetBytesActualPosition)
    i.UENC_GetCounterValue                   0x08002fe4   Section        0  user_encoder.o(i.UENC_GetCounterValue)
    i.UFIL_1stOrderFilter_Output             0x0800303c   Section        0  user_filter.o(i.UFIL_1stOrderFilter_Output)
    i.UHALL_GPIO_Configure                   0x08003088   Section        0  user_hallsensor.o(i.UHALL_GPIO_Configure)
    i.UHALL_GetActualSpeed                   0x08003194   Section        0  user_hallsensor.o(i.UHALL_GetActualSpeed)
    i.UHALL_GetBytesActualSpeed              0x080031b8   Section        0  user_hallsensor.o(i.UHALL_GetBytesActualSpeed)
    i.UHALL_GetHALLHA                        0x080031f4   Section        0  user_hallsensor.o(i.UHALL_GetHALLHA)
    i.UHALL_GetHALLHB                        0x08003200   Section        0  user_hallsensor.o(i.UHALL_GetHALLHB)
    i.UHALL_GetHALLHC                        0x0800320c   Section        0  user_hallsensor.o(i.UHALL_GetHALLHC)
    i.UHALL_GetHALLLA                        0x08003218   Section        0  user_hallsensor.o(i.UHALL_GetHALLLA)
    i.UHALL_GetHALLLB                        0x08003224   Section        0  user_hallsensor.o(i.UHALL_GetHALLLB)
    i.UHALL_GetHALLLC                        0x08003230   Section        0  user_hallsensor.o(i.UHALL_GetHALLLC)
    i.UHALL_ReadPosition                     0x0800323c   Section        0  user_hallsensor.o(i.UHALL_ReadPosition)
    i.UHALL_ResetPosHall                     0x0800337c   Section        0  user_hallsensor.o(i.UHALL_ResetPosHall)
    i.UHALL_TIM_Configure                    0x080033c4   Section        0  user_hallsensor.o(i.UHALL_TIM_Configure)
    i.ULED_Configure                         0x08003434   Section        0  user_led.o(i.ULED_Configure)
    i.ULED_Toggle                            0x08003498   Section        0  user_led.o(i.ULED_Toggle)
    i.UPWM_ControlBLDCFET                    0x08003508   Section        0  user_pwm.o(i.UPWM_ControlBLDCFET)
    i.UPWM_GPIO_Configure                    0x08003614   Section        0  user_pwm.o(i.UPWM_GPIO_Configure)
    i.UPWM_GetBytesDutyCycle                 0x08003684   Section        0  user_pwm.o(i.UPWM_GetBytesDutyCycle)
    i.UPWM_Pre_Charge_Bootstrap              0x08003714   Section        0  user_pwm.o(i.UPWM_Pre_Charge_Bootstrap)
    i.UPWM_SetBytesDutyCycle                 0x0800379c   Section        0  user_pwm.o(i.UPWM_SetBytesDutyCycle)
    i.UPWM_SetDutyCycle                      0x08003834   Section        0  user_pwm.o(i.UPWM_SetDutyCycle)
    i.UPWM_StopPWM                           0x08003858   Section        0  user_pwm.o(i.UPWM_StopPWM)
    i.UPWM_TIM_Configure                     0x080038ac   Section        0  user_pwm.o(i.UPWM_TIM_Configure)
    i.USB_LP_CAN1_RX0_IRQHandler             0x080039b4   Section        0  user_can.o(i.USB_LP_CAN1_RX0_IRQHandler)
    i.UsageFault_Handler                     0x080041ec   Section        0  stm32f10x_it.o(i.UsageFault_Handler)
    i.__scatterload_copy                     0x080041f0   Section       14  handlers.o(i.__scatterload_copy)
    i.__scatterload_null                     0x080041fe   Section        2  handlers.o(i.__scatterload_null)
    i.__scatterload_zeroinit                 0x08004200   Section       14  handlers.o(i.__scatterload_zeroinit)
    i.main                                   0x08004210   Section        0  main.o(i.main)
    .constdata                               0x08004334   Section       96  user_hallsensor.o(.constdata)
    BLDC_MOTOR_BRIDGE_STATE_CW               0x08004334   Data          48  user_hallsensor.o(.constdata)
    BLDC_MOTOR_BRIDGE_STATE_CCW              0x08004364   Data          48  user_hallsensor.o(.constdata)
    .data                                    0x20000000   Section       72  main.o(.data)
    .data                                    0x20000048   Section       12  user_pwm.o(.data)
    UPWM_DutyCycle                           0x2000004c   Data           4  user_pwm.o(.data)
    UPWM_RefDutyCycle                        0x20000050   Data           4  user_pwm.o(.data)
    .data                                    0x20000054   Section       48  user_hallsensor.o(.data)
    UHALL_Position                           0x20000054   Data           6  user_hallsensor.o(.data)
    NewPosHall                               0x2000005a   Data           2  user_hallsensor.o(.data)
    OldPosHall                               0x2000005c   Data           2  user_hallsensor.o(.data)
    Timer_Overload                           0x20000060   Data           4  user_hallsensor.o(.data)
    Timer_Check_iMotor                       0x20000064   Data           4  user_hallsensor.o(.data)
    Timer_Check_VeloMotor                    0x20000068   Data           4  user_hallsensor.o(.data)
    Timer_CounterPerRevolution               0x2000006c   Data           4  user_hallsensor.o(.data)
    Timer_FilterCounterPerRevolution         0x20000070   Data           4  user_hallsensor.o(.data)
    Timer_RPM                                0x20000074   Data           4  user_hallsensor.o(.data)
    PoleCounts                               0x20000078   Data           1  user_hallsensor.o(.data)
    UALTHM_Time_Control                      0x20000079   Data           1  user_hallsensor.o(.data)
    Motor_Running                            0x2000007a   Data           1  user_hallsensor.o(.data)
    StartUp_Motor                            0x2000007b   Data           1  user_hallsensor.o(.data)
    Timer_Event                              0x2000007c   Data           1  user_hallsensor.o(.data)
    UHALL_ActualSpeed                        0x20000080   Data           4  user_hallsensor.o(.data)
    .data                                    0x20000084   Section       57  user_can.o(.data)
    _IDCANBUS_ARM_1                          0x20000084   Data           4  user_can.o(.data)
    _IDCANBUS_ARM_2                          0x20000088   Data           4  user_can.o(.data)
    _IDCANBUS_THRUSTER                       0x2000008c   Data           4  user_can.o(.data)
    _IDCANBUS_PISTOL                         0x20000090   Data           4  user_can.o(.data)
    _IDCANBUS_MASS_SHIFTER                   0x20000094   Data           4  user_can.o(.data)
    _IDCANBUS_EPC                            0x20000098   Data           4  user_can.o(.data)
    _IDCANBUS_BLACKBOX                       0x2000009c   Data           4  user_can.o(.data)
    Flag                                     0x200000b2   Data           7  user_can.o(.data)
    _need_respond_data                       0x200000b9   Data           1  user_can.o(.data)
    _system_ready                            0x200000ba   Data           1  user_can.o(.data)
    _need_system_ready                       0x200000bb   Data           1  user_can.o(.data)
    .data                                    0x200000c0   Section       84  user_algorithm.o(.data)
    UpdateParameters                         0x200000c0   Data           4  user_algorithm.o(.data)
    LowPassFilter_Parameter                  0x200000c4   Data           8  user_algorithm.o(.data)
    UALTHM_SetSpeed                          0x200000cc   Data           4  user_algorithm.o(.data)
    SpeedError                               0x200000d0   Data           4  user_algorithm.o(.data)
    Pre_SpeedError                           0x200000d4   Data           4  user_algorithm.o(.data)
    Pre_Pre_SpeedError                       0x200000d8   Data           4  user_algorithm.o(.data)
    _SetSpeedFiltered                        0x200000dc   Data           4  user_algorithm.o(.data)
    UALTHM_SetPosition                       0x200000e0   Data           4  user_algorithm.o(.data)
    _uk                                      0x200000f4   Data           4  user_algorithm.o(.data)
    _uk1                                     0x200000f8   Data           4  user_algorithm.o(.data)
    _yk                                      0x200000fc   Data           4  user_algorithm.o(.data)
    _yk1                                     0x20000100   Data           4  user_algorithm.o(.data)
    _DutyCycle                               0x20000104   Data           4  user_algorithm.o(.data)
    _preDutyCycle                            0x20000108   Data           4  user_algorithm.o(.data)
    _PrePositionPulse                        0x2000010c   Data           4  user_algorithm.o(.data)
    _DutyCycle_Temp                          0x20000110   Data           4  user_algorithm.o(.data)
    .data                                    0x20000114   Section       20  user_adc.o(.data)
    UADC_Temp_On_Chip                        0x20000114   Data           4  user_adc.o(.data)
    UADC_Temp_LM35                           0x20000118   Data           4  user_adc.o(.data)
    UADC_iMotor                              0x2000011c   Data           4  user_adc.o(.data)
    .data                                    0x20000128   Section       24  user_encoder.o(.data)
    UENC_ActualPosition                      0x20000128   Data           4  user_encoder.o(.data)
    UENC_ActualSpeed                         0x2000012c   Data           4  user_encoder.o(.data)
    preCounterValue                          0x2000013c   Data           4  user_encoder.o(.data)
    .data                                    0x20000140   Section        3  user_led.o(.data)
    state_BLUE                               0x20000140   Data           1  user_led.o(.data)
    state_GREEN                              0x20000141   Data           1  user_led.o(.data)
    state_ORANGE                             0x20000142   Data           1  user_led.o(.data)
    .data                                    0x20000144   Section       32  user_filter.o(.data)
    _uk1                                     0x20000144   Data           4  user_filter.o(.data)
    _yk1                                     0x20000148   Data           4  user_filter.o(.data)
    _yk                                      0x2000014c   Data           4  user_filter.o(.data)
    _uk_1                                    0x20000150   Data           4  user_filter.o(.data)
    _uk_2                                    0x20000154   Data           4  user_filter.o(.data)
    _yk_1                                    0x20000158   Data           4  user_filter.o(.data)
    _yk_2                                    0x2000015c   Data           4  user_filter.o(.data)
    _yk                                      0x20000160   Data           4  user_filter.o(.data)
    .data                                    0x20000164   Section       20  stm32f10x_rcc.o(.data)
    APBAHBPrescTable                         0x20000164   Data          16  stm32f10x_rcc.o(.data)
    ADCPrescTable                            0x20000174   Data           4  stm32f10x_rcc.o(.data)
    .data                                    0x20000178   Section       20  system_stm32f10x.o(.data)
    .bss                                     0x2000018c   Section       20  main.o(.bss)
    .bss                                     0x200001a0   Section       20  user_can.o(.bss)
    .bss                                     0x200001b4   Section       36  user_algorithm.o(.bss)
    PID_Parameter                            0x200001b4   Data          12  user_algorithm.o(.bss)
    Fuzzy_Parameter                          0x200001c0   Data          12  user_algorithm.o(.bss)
    PID_part                                 0x200001cc   Data          12  user_algorithm.o(.bss)
    .bss                                     0x200001d8   Section       40  user_adc.o(.bss)
    ADC_ConvertedValue                       0x200001d8   Data          40  user_adc.o(.bss)
    .bss                                     0x20000200   Section       10  user_delay.o(.bss)
    TIM_TimeBaseStructure                    0x20000200   Data          10  user_delay.o(.bss)
    STACK                                    0x20000210   Section     4095  startup_stm32f10x_md.o(STACK)

    Global Symbols

    Symbol Name                              Value     Ov Type        Size  Object(Section)

    BuildAttributes$$THM_ISAv4$P$D$K$B$S$PE$A:L22UL41UL21$X:L11$S22US41US21$IEEE1$IW$USESV6$~STKCKD$USESV7$~SHL$OTIME$ROPI$EBA8$MICROLIB$REQ8$PRES8$EABIv2 0x00000000   Number         0  anon$$obj.o ABSOLUTE
    __ARM_use_no_argv                        0x00000000   Number         0  main.o ABSOLUTE
    __arm_fini_                               - Undefined Weak Reference
    __cpp_initialize__aeabi_                  - Undefined Weak Reference
    __cxa_finalize                            - Undefined Weak Reference
    _clock_init                               - Undefined Weak Reference
    _microlib_exit                            - Undefined Weak Reference
    __Vectors_Size                           0x000000ec   Number         0  startup_stm32f10x_md.o ABSOLUTE
    __Vectors                                0x08000000   Data           4  startup_stm32f10x_md.o(RESET)
    __Vectors_End                            0x080000ec   Data           0  startup_stm32f10x_md.o(RESET)
    __main                                   0x080000ed   Thumb Code     0  entry.o(.ARM.Collect$$$$00000000)
    _main_stk                                0x080000ed   Thumb Code     0  entry2.o(.ARM.Collect$$$$00000001)
    _main_scatterload                        0x080000f1   Thumb Code     0  entry5.o(.ARM.Collect$$$$00000004)
    __main_after_scatterload                 0x080000f5   Thumb Code     0  entry5.o(.ARM.Collect$$$$00000004)
    _main_clock                              0x080000f5   Thumb Code     0  entry7b.o(.ARM.Collect$$$$00000008)
    _main_cpp_init                           0x080000f5   Thumb Code     0  entry8b.o(.ARM.Collect$$$$0000000A)
    _main_init                               0x080000f5   Thumb Code     0  entry9a.o(.ARM.Collect$$$$0000000B)
    __rt_lib_shutdown_fini                   0x080000fd   Thumb Code     0  entry12b.o(.ARM.Collect$$$$0000000E)
    __rt_final_cpp                           0x08000101   Thumb Code     0  entry10a.o(.ARM.Collect$$$$0000000F)
    __rt_final_exit                          0x08000101   Thumb Code     0  entry11a.o(.ARM.Collect$$$$00000011)
    Reset_Handler                            0x08000105   Thumb Code     8  startup_stm32f10x_md.o(.text)
    ADC1_2_IRQHandler                        0x0800011f   Thumb Code     0  startup_stm32f10x_md.o(.text)
    CAN1_RX1_IRQHandler                      0x0800011f   Thumb Code     0  startup_stm32f10x_md.o(.text)
    CAN1_SCE_IRQHandler                      0x0800011f   Thumb Code     0  startup_stm32f10x_md.o(.text)
    DMA1_Channel2_IRQHandler                 0x0800011f   Thumb Code     0  startup_stm32f10x_md.o(.text)
    DMA1_Channel3_IRQHandler                 0x0800011f   Thumb Code     0  startup_stm32f10x_md.o(.text)
    DMA1_Channel4_IRQHandler                 0x0800011f   Thumb Code     0  startup_stm32f10x_md.o(.text)
    DMA1_Channel5_IRQHandler                 0x0800011f   Thumb Code     0  startup_stm32f10x_md.o(.text)
    DMA1_Channel6_IRQHandler                 0x0800011f   Thumb Code     0  startup_stm32f10x_md.o(.text)
    DMA1_Channel7_IRQHandler                 0x0800011f   Thumb Code     0  startup_stm32f10x_md.o(.text)
    EXTI15_10_IRQHandler                     0x0800011f   Thumb Code     0  startup_stm32f10x_md.o(.text)
    EXTI3_IRQHandler                         0x0800011f   Thumb Code     0  startup_stm32f10x_md.o(.text)
    EXTI4_IRQHandler                         0x0800011f   Thumb Code     0  startup_stm32f10x_md.o(.text)
    EXTI9_5_IRQHandler                       0x0800011f   Thumb Code     0  startup_stm32f10x_md.o(.text)
    FLASH_IRQHandler                         0x0800011f   Thumb Code     0  startup_stm32f10x_md.o(.text)
    I2C1_ER_IRQHandler                       0x0800011f   Thumb Code     0  startup_stm32f10x_md.o(.text)
    I2C1_EV_IRQHandler                       0x0800011f   Thumb Code     0  startup_stm32f10x_md.o(.text)
    I2C2_ER_IRQHandler                       0x0800011f   Thumb Code     0  startup_stm32f10x_md.o(.text)
    I2C2_EV_IRQHandler                       0x0800011f   Thumb Code     0  startup_stm32f10x_md.o(.text)
    PVD_IRQHandler                           0x0800011f   Thumb Code     0  startup_stm32f10x_md.o(.text)
    RCC_IRQHandler                           0x0800011f   Thumb Code     0  startup_stm32f10x_md.o(.text)
    RTCAlarm_IRQHandler                      0x0800011f   Thumb Code     0  startup_stm32f10x_md.o(.text)
    RTC_IRQHandler                           0x0800011f   Thumb Code     0  startup_stm32f10x_md.o(.text)
    SPI1_IRQHandler                          0x0800011f   Thumb Code     0  startup_stm32f10x_md.o(.text)
    SPI2_IRQHandler                          0x0800011f   Thumb Code     0  startup_stm32f10x_md.o(.text)
    TAMPER_IRQHandler                        0x0800011f   Thumb Code     0  startup_stm32f10x_md.o(.text)
    TIM1_BRK_IRQHandler                      0x0800011f   Thumb Code     0  startup_stm32f10x_md.o(.text)
    TIM1_CC_IRQHandler                       0x0800011f   Thumb Code     0  startup_stm32f10x_md.o(.text)
    TIM1_TRG_COM_IRQHandler                  0x0800011f   Thumb Code     0  startup_stm32f10x_md.o(.text)
    TIM1_UP_IRQHandler                       0x0800011f   Thumb Code     0  startup_stm32f10x_md.o(.text)
    TIM3_IRQHandler                          0x0800011f   Thumb Code     0  startup_stm32f10x_md.o(.text)
    USART1_IRQHandler                        0x0800011f   Thumb Code     0  startup_stm32f10x_md.o(.text)
    USART2_IRQHandler                        0x0800011f   Thumb Code     0  startup_stm32f10x_md.o(.text)
    USART3_IRQHandler                        0x0800011f   Thumb Code     0  startup_stm32f10x_md.o(.text)
    USBWakeUp_IRQHandler                     0x0800011f   Thumb Code     0  startup_stm32f10x_md.o(.text)
    USB_HP_CAN1_TX_IRQHandler                0x0800011f   Thumb Code     0  startup_stm32f10x_md.o(.text)
    WWDG_IRQHandler                          0x0800011f   Thumb Code     0  startup_stm32f10x_md.o(.text)
    __aeabi_fadd                             0x08000129   Thumb Code   164  fadd.o(.text)
    __aeabi_fsub                             0x080001cd   Thumb Code     6  fadd.o(.text)
    __aeabi_frsub                            0x080001d3   Thumb Code     6  fadd.o(.text)
    __aeabi_fmul                             0x080001d9   Thumb Code   100  fmul.o(.text)
    __aeabi_fdiv                             0x0800023d   Thumb Code   124  fdiv.o(.text)
    __aeabi_dadd                             0x080002b9   Thumb Code   322  dadd.o(.text)
    __aeabi_dsub                             0x080003fb   Thumb Code     6  dadd.o(.text)
    __aeabi_drsub                            0x08000401   Thumb Code     6  dadd.o(.text)
    __aeabi_dmul                             0x08000407   Thumb Code   228  dmul.o(.text)
    __aeabi_ddiv                             0x080004eb   Thumb Code   222  ddiv.o(.text)
    __aeabi_i2f                              0x080005c9   Thumb Code    18  fflti.o(.text)
    __aeabi_ui2f                             0x080005db   Thumb Code    10  ffltui.o(.text)
    __aeabi_ui2d                             0x080005e5   Thumb Code    26  dfltui.o(.text)
    __aeabi_f2iz                             0x080005ff   Thumb Code    50  ffixi.o(.text)
    __aeabi_f2uiz                            0x08000631   Thumb Code    40  ffixui.o(.text)
    __aeabi_d2uiz                            0x08000659   Thumb Code    50  dfixui.o(.text)
    __aeabi_f2d                              0x0800068b   Thumb Code    38  f2d.o(.text)
    __aeabi_d2f                              0x080006b1   Thumb Code    56  d2f.o(.text)
    __aeabi_llsl                             0x080006e9   Thumb Code    30  llshl.o(.text)
    _ll_shift_l                              0x080006e9   Thumb Code     0  llshl.o(.text)
    __aeabi_llsr                             0x08000707   Thumb Code    32  llushr.o(.text)
    _ll_ushift_r                             0x08000707   Thumb Code     0  llushr.o(.text)
    __aeabi_lasr                             0x08000727   Thumb Code    36  llsshr.o(.text)
    _ll_sshift_r                             0x08000727   Thumb Code     0  llsshr.o(.text)
    __I$use$fp                               0x0800074b   Thumb Code     0  iusefp.o(.text)
    _float_round                             0x0800074b   Thumb Code    18  fepilogue.o(.text)
    _float_epilogue                          0x0800075d   Thumb Code    92  fepilogue.o(.text)
    _double_round                            0x080007b9   Thumb Code    30  depilogue.o(.text)
    _double_epilogue                         0x080007d7   Thumb Code   156  depilogue.o(.text)
    __scatterload                            0x08000875   Thumb Code    28  init.o(.text)
    __scatterload_rt2                        0x08000875   Thumb Code     0  init.o(.text)
    __decompress                             0x08000899   Thumb Code     0  __dczerorl2.o(.text)
    __decompress1                            0x08000899   Thumb Code    86  __dczerorl2.o(.text)
    ADC_Cmd                                  0x080008ef   Thumb Code    22  stm32f10x_adc.o(i.ADC_Cmd)
    ADC_DMACmd                               0x08000905   Thumb Code    22  stm32f10x_adc.o(i.ADC_DMACmd)
    ADC_GetCalibrationStatus                 0x0800091b   Thumb Code    20  stm32f10x_adc.o(i.ADC_GetCalibrationStatus)
    ADC_GetResetCalibrationStatus            0x0800092f   Thumb Code    20  stm32f10x_adc.o(i.ADC_GetResetCalibrationStatus)
    ADC_Init                                 0x08000945   Thumb Code    70  stm32f10x_adc.o(i.ADC_Init)
    ADC_RegularChannelConfig                 0x08000995   Thumb Code   184  stm32f10x_adc.o(i.ADC_RegularChannelConfig)
    ADC_ResetCalibration                     0x08000a4d   Thumb Code    10  stm32f10x_adc.o(i.ADC_ResetCalibration)
    ADC_SoftwareStartConvCmd                 0x08000a57   Thumb Code    22  stm32f10x_adc.o(i.ADC_SoftwareStartConvCmd)
    ADC_StartCalibration                     0x08000a6d   Thumb Code    10  stm32f10x_adc.o(i.ADC_StartCalibration)
    ADC_TempSensorVrefintCmd                 0x08000a79   Thumb Code    30  stm32f10x_adc.o(i.ADC_TempSensorVrefintCmd)
    BusFault_Handler                         0x08000a9d   Thumb Code     4  stm32f10x_it.o(i.BusFault_Handler)
    CAN_DeInit                               0x08000aa1   Thumb Code    50  stm32f10x_can.o(i.CAN_DeInit)
    CAN_FilterInit                           0x08000ad9   Thumb Code   258  stm32f10x_can.o(i.CAN_FilterInit)
    CAN_ITConfig                             0x08000be1   Thumb Code    18  stm32f10x_can.o(i.CAN_ITConfig)
    CAN_Init                                 0x08000bf3   Thumb Code   276  stm32f10x_can.o(i.CAN_Init)
    CAN_Receive                              0x08000d07   Thumb Code   240  stm32f10x_can.o(i.CAN_Receive)
    CAN_StructInit                           0x08000df7   Thumb Code    32  stm32f10x_can.o(i.CAN_StructInit)
    CAN_Transmit                             0x08000e17   Thumb Code   294  stm32f10x_can.o(i.CAN_Transmit)
    CAN_TransmitStatus                       0x08000f3d   Thumb Code   138  stm32f10x_can.o(i.CAN_TransmitStatus)
    Clock_HSE_Configuration                  0x08000fdd   Thumb Code   116  main.o(i.Clock_HSE_Configuration)
    DMA1_Channel1_IRQHandler                 0x08001055   Thumb Code   258  user_adc.o(i.DMA1_Channel1_IRQHandler)
    DMA_ClearITPendingBit                    0x08001195   Thumb Code    18  stm32f10x_dma.o(i.DMA_ClearITPendingBit)
    DMA_Cmd                                  0x080011b1   Thumb Code    24  stm32f10x_dma.o(i.DMA_Cmd)
    DMA_DeInit                               0x080011c9   Thumb Code   324  stm32f10x_dma.o(i.DMA_DeInit)
    DMA_GetITStatus                          0x08001315   Thumb Code    36  stm32f10x_dma.o(i.DMA_GetITStatus)
    DMA_ITConfig                             0x08001341   Thumb Code    18  stm32f10x_dma.o(i.DMA_ITConfig)
    DMA_Init                                 0x08001353   Thumb Code    60  stm32f10x_dma.o(i.DMA_Init)
    DebugMon_Handler                         0x0800138f   Thumb Code     2  stm32f10x_it.o(i.DebugMon_Handler)
    EXTI0_IRQHandler                         0x08001391   Thumb Code    48  user_hallsensor.o(i.EXTI0_IRQHandler)
    EXTI1_IRQHandler                         0x080013c1   Thumb Code    48  user_hallsensor.o(i.EXTI1_IRQHandler)
    EXTI2_IRQHandler                         0x080013f1   Thumb Code    48  user_hallsensor.o(i.EXTI2_IRQHandler)
    EXTI_ClearITPendingBit                   0x08001421   Thumb Code     6  stm32f10x_exti.o(i.EXTI_ClearITPendingBit)
    EXTI_GetITStatus                         0x0800142d   Thumb Code    34  stm32f10x_exti.o(i.EXTI_GetITStatus)
    EXTI_Init                                0x08001455   Thumb Code   142  stm32f10x_exti.o(i.EXTI_Init)
    FLASH_PrefetchBufferCmd                  0x080014e9   Thumb Code    22  stm32f10x_flash.o(i.FLASH_PrefetchBufferCmd)
    FLASH_SetLatency                         0x08001505   Thumb Code    18  stm32f10x_flash.o(i.FLASH_SetLatency)
    GPIO_EXTILineConfig                      0x0800151d   Thumb Code    60  stm32f10x_gpio.o(i.GPIO_EXTILineConfig)
    GPIO_Init                                0x0800155d   Thumb Code   278  stm32f10x_gpio.o(i.GPIO_Init)
    GPIO_PinRemapConfig                      0x08001675   Thumb Code   138  stm32f10x_gpio.o(i.GPIO_PinRemapConfig)
    GPIO_ReadInputData                       0x08001705   Thumb Code     8  stm32f10x_gpio.o(i.GPIO_ReadInputData)
    GPIO_ResetBits                           0x0800170d   Thumb Code     4  stm32f10x_gpio.o(i.GPIO_ResetBits)
    GPIO_WriteBit                            0x08001711   Thumb Code    10  stm32f10x_gpio.o(i.GPIO_WriteBit)
    HardFault_Handler                        0x0800171b   Thumb Code     4  stm32f10x_it.o(i.HardFault_Handler)
    MemManage_Handler                        0x0800171f   Thumb Code     4  stm32f10x_it.o(i.MemManage_Handler)
    NMI_Handler                              0x08001723   Thumb Code     2  stm32f10x_it.o(i.NMI_Handler)
    NVIC_Init                                0x08001725   Thumb Code   100  misc.o(i.NVIC_Init)
    NVIC_PriorityGroupConfig                 0x08001795   Thumb Code    10  misc.o(i.NVIC_PriorityGroupConfig)
    PendSV_Handler                           0x080017a9   Thumb Code     2  stm32f10x_it.o(i.PendSV_Handler)
    RCC_ADCCLKConfig                         0x080017ad   Thumb Code    18  stm32f10x_rcc.o(i.RCC_ADCCLKConfig)
    RCC_AHBPeriphClockCmd                    0x080017c5   Thumb Code    26  stm32f10x_rcc.o(i.RCC_AHBPeriphClockCmd)
    RCC_APB1PeriphClockCmd                   0x080017e5   Thumb Code    26  stm32f10x_rcc.o(i.RCC_APB1PeriphClockCmd)
    RCC_APB1PeriphResetCmd                   0x08001805   Thumb Code    26  stm32f10x_rcc.o(i.RCC_APB1PeriphResetCmd)
    RCC_APB2PeriphClockCmd                   0x08001825   Thumb Code    26  stm32f10x_rcc.o(i.RCC_APB2PeriphClockCmd)
    RCC_APB2PeriphResetCmd                   0x08001845   Thumb Code    26  stm32f10x_rcc.o(i.RCC_APB2PeriphResetCmd)
    RCC_DeInit                               0x08001865   Thumb Code    64  stm32f10x_rcc.o(i.RCC_DeInit)
    RCC_GetClocksFreq                        0x080018b1   Thumb Code   192  stm32f10x_rcc.o(i.RCC_GetClocksFreq)
    RCC_GetFlagStatus                        0x08001985   Thumb Code    56  stm32f10x_rcc.o(i.RCC_GetFlagStatus)
    RCC_GetSYSCLKSource                      0x080019c1   Thumb Code    10  stm32f10x_rcc.o(i.RCC_GetSYSCLKSource)
    RCC_HCLKConfig                           0x080019d1   Thumb Code    18  stm32f10x_rcc.o(i.RCC_HCLKConfig)
    RCC_HSEConfig                            0x080019e9   Thumb Code    70  stm32f10x_rcc.o(i.RCC_HSEConfig)
    RCC_PCLK1Config                          0x08001a35   Thumb Code    18  stm32f10x_rcc.o(i.RCC_PCLK1Config)
    RCC_PCLK2Config                          0x08001a4d   Thumb Code    20  stm32f10x_rcc.o(i.RCC_PCLK2Config)
    RCC_PLLCmd                               0x08001a65   Thumb Code     6  stm32f10x_rcc.o(i.RCC_PLLCmd)
    RCC_PLLConfig                            0x08001a71   Thumb Code    24  stm32f10x_rcc.o(i.RCC_PLLConfig)
    RCC_SYSCLKConfig                         0x08001a8d   Thumb Code    18  stm32f10x_rcc.o(i.RCC_SYSCLKConfig)
    RCC_WaitForHSEStartUp                    0x08001aa5   Thumb Code    56  stm32f10x_rcc.o(i.RCC_WaitForHSEStartUp)
    SVC_Handler                              0x08001add   Thumb Code     2  stm32f10x_it.o(i.SVC_Handler)
    SysTick_Handler                          0x08001bc9   Thumb Code    12  stm32f10x_it.o(i.SysTick_Handler)
    SystemCoreClockUpdate                    0x08001bd9   Thumb Code   142  system_stm32f10x.o(i.SystemCoreClockUpdate)
    SystemInit                               0x08001c7d   Thumb Code    78  system_stm32f10x.o(i.SystemInit)
    TIM2_IRQHandler                          0x08001f1d   Thumb Code    70  user_encoder.o(i.TIM2_IRQHandler)
    TIM4_IRQHandler                          0x08001f69   Thumb Code    48  user_hallsensor.o(i.TIM4_IRQHandler)
    TIM_BDTRConfig                           0x08001fa1   Thumb Code    32  stm32f10x_tim.o(i.TIM_BDTRConfig)
    TIM_CCxCmd                               0x08001fc1   Thumb Code    30  stm32f10x_tim.o(i.TIM_CCxCmd)
    TIM_CCxNCmd                              0x08001fdf   Thumb Code    30  stm32f10x_tim.o(i.TIM_CCxNCmd)
    TIM_ClearFlag                            0x08001ffd   Thumb Code     6  stm32f10x_tim.o(i.TIM_ClearFlag)
    TIM_ClearITPendingBit                    0x08002003   Thumb Code     6  stm32f10x_tim.o(i.TIM_ClearITPendingBit)
    TIM_Cmd                                  0x08002009   Thumb Code    24  stm32f10x_tim.o(i.TIM_Cmd)
    TIM_CtrlPWMOutputs                       0x08002021   Thumb Code    30  stm32f10x_tim.o(i.TIM_CtrlPWMOutputs)
    TIM_DeInit                               0x08002041   Thumb Code   424  stm32f10x_tim.o(i.TIM_DeInit)
    TIM_EncoderInterfaceConfig               0x08002229   Thumb Code    66  stm32f10x_tim.o(i.TIM_EncoderInterfaceConfig)
    TIM_GetCapture1                          0x0800226b   Thumb Code     6  stm32f10x_tim.o(i.TIM_GetCapture1)
    TIM_GetCounter                           0x08002271   Thumb Code     6  stm32f10x_tim.o(i.TIM_GetCounter)
    TIM_GetFlagStatus                        0x08002277   Thumb Code    18  stm32f10x_tim.o(i.TIM_GetFlagStatus)
    TIM_GetITStatus                          0x08002289   Thumb Code    34  stm32f10x_tim.o(i.TIM_GetITStatus)
    TIM_ICInit                               0x080022ad   Thumb Code   150  stm32f10x_tim.o(i.TIM_ICInit)
    TIM_ICStructInit                         0x08002359   Thumb Code    18  stm32f10x_tim.o(i.TIM_ICStructInit)
    TIM_ITConfig                             0x0800236b   Thumb Code    18  stm32f10x_tim.o(i.TIM_ITConfig)
    TIM_OC1Init                              0x0800237d   Thumb Code   132  stm32f10x_tim.o(i.TIM_OC1Init)
    TIM_OC1PreloadConfig                     0x08002415   Thumb Code    18  stm32f10x_tim.o(i.TIM_OC1PreloadConfig)
    TIM_OC2Init                              0x08002429   Thumb Code   154  stm32f10x_tim.o(i.TIM_OC2Init)
    TIM_OC2PreloadConfig                     0x080024cd   Thumb Code    26  stm32f10x_tim.o(i.TIM_OC2PreloadConfig)
    TIM_OC3Init                              0x080024e9   Thumb Code   150  stm32f10x_tim.o(i.TIM_OC3Init)
    TIM_OC3PreloadConfig                     0x08002589   Thumb Code    18  stm32f10x_tim.o(i.TIM_OC3PreloadConfig)
    TIM_SelectOCxM                           0x0800259b   Thumb Code    82  stm32f10x_tim.o(i.TIM_SelectOCxM)
    TIM_SetCompare1                          0x080025ed   Thumb Code     4  stm32f10x_tim.o(i.TIM_SetCompare1)
    TIM_SetCompare2                          0x080025f1   Thumb Code     4  stm32f10x_tim.o(i.TIM_SetCompare2)
    TIM_SetCompare3                          0x080025f5   Thumb Code     4  stm32f10x_tim.o(i.TIM_SetCompare3)
    TIM_SetIC1Prescaler                      0x080025f9   Thumb Code    18  stm32f10x_tim.o(i.TIM_SetIC1Prescaler)
    TIM_SetIC2Prescaler                      0x0800260b   Thumb Code    26  stm32f10x_tim.o(i.TIM_SetIC2Prescaler)
    TIM_SetIC3Prescaler                      0x08002625   Thumb Code    18  stm32f10x_tim.o(i.TIM_SetIC3Prescaler)
    TIM_SetIC4Prescaler                      0x08002637   Thumb Code    26  stm32f10x_tim.o(i.TIM_SetIC4Prescaler)
    TIM_TimeBaseInit                         0x08002651   Thumb Code   122  stm32f10x_tim.o(i.TIM_TimeBaseInit)
    UADC_ADC_DMA_Configure                   0x080026f5   Thumb Code   302  user_adc.o(i.UADC_ADC_DMA_Configure)
    UADC_GPIO_Configure                      0x0800283d   Thumb Code    38  user_adc.o(i.UADC_GPIO_Configure)
    UADC_GetAvrValue                         0x08002869   Thumb Code    58  user_adc.o(i.UADC_GetAvrValue)
    UADC_GetBytesConverted                   0x080028a9   Thumb Code   170  user_adc.o(i.UADC_GetBytesConverted)
    UALTHM_GetBytesSetPosition               0x08002961   Thumb Code    62  user_algorithm.o(i.UALTHM_GetBytesSetPosition)
    UALTHM_GetBytesSetSpeed                  0x080029a9   Thumb Code    62  user_algorithm.o(i.UALTHM_GetBytesSetSpeed)
    UALTHM_UpdateFuzzyParams                 0x080029f1   Thumb Code    10  user_algorithm.o(i.UALTHM_UpdateFuzzyParams)
    UALTHM_UpdatePIDParams                   0x08002a01   Thumb Code    10  user_algorithm.o(i.UALTHM_UpdatePIDParams)
    UALTHM_UpdateParameters                  0x08002a11   Thumb Code   178  user_algorithm.o(i.UALTHM_UpdateParameters)
    UCAN_CAN_Configure                       0x08002ad9   Thumb Code   326  user_can.o(i.UCAN_CAN_Configure)
    UCAN_Checksum                            0x08002c31   Thumb Code    30  user_can.o(i.UCAN_Checksum)
    UCAN_GPIO_Configure                      0x08002c51   Thumb Code    68  user_can.o(i.UCAN_GPIO_Configure)
    UCAN_GetFlag                             0x08002c99   Thumb Code    62  user_can.o(i.UCAN_GetFlag)
    UCAN_PassSystemReady                     0x08002cdd   Thumb Code    16  user_can.o(i.UCAN_PassSystemReady)
    UCAN_Transmit                            0x08002cf1   Thumb Code   100  user_can.o(i.UCAN_Transmit)
    UDELAY_Configure                         0x08002d55   Thumb Code    40  user_delay.o(i.UDELAY_Configure)
    UDELAY_ms                                0x08002d85   Thumb Code    72  user_delay.o(i.UDELAY_ms)
    UDELAY_us                                0x08002dd5   Thumb Code    70  user_delay.o(i.UDELAY_us)
    UENC_Configure                           0x08002e25   Thumb Code   190  user_encoder.o(i.UENC_Configure)
    UENC_GetActualPosition                   0x08002ee9   Thumb Code    30  user_encoder.o(i.UENC_GetActualPosition)
    UENC_GetActualSpeed                      0x08002f11   Thumb Code   128  user_encoder.o(i.UENC_GetActualSpeed)
    UENC_GetBytesActualPosition              0x08002fa9   Thumb Code    54  user_encoder.o(i.UENC_GetBytesActualPosition)
    UENC_GetCounterValue                     0x08002fe5   Thumb Code    62  user_encoder.o(i.UENC_GetCounterValue)
    UFIL_1stOrderFilter_Output               0x0800303d   Thumb Code    62  user_filter.o(i.UFIL_1stOrderFilter_Output)
    UHALL_GPIO_Configure                     0x08003089   Thumb Code   258  user_hallsensor.o(i.UHALL_GPIO_Configure)
    UHALL_GetActualSpeed                     0x08003195   Thumb Code    22  user_hallsensor.o(i.UHALL_GetActualSpeed)
    UHALL_GetBytesActualSpeed                0x080031b9   Thumb Code    54  user_hallsensor.o(i.UHALL_GetBytesActualSpeed)
    UHALL_GetHALLHA                          0x080031f5   Thumb Code     6  user_hallsensor.o(i.UHALL_GetHALLHA)
    UHALL_GetHALLHB                          0x08003201   Thumb Code     6  user_hallsensor.o(i.UHALL_GetHALLHB)
    UHALL_GetHALLHC                          0x0800320d   Thumb Code     6  user_hallsensor.o(i.UHALL_GetHALLHC)
    UHALL_GetHALLLA                          0x08003219   Thumb Code     6  user_hallsensor.o(i.UHALL_GetHALLLA)
    UHALL_GetHALLLB                          0x08003225   Thumb Code     6  user_hallsensor.o(i.UHALL_GetHALLLB)
    UHALL_GetHALLLC                          0x08003231   Thumb Code     6  user_hallsensor.o(i.UHALL_GetHALLLC)
    UHALL_ReadPosition                       0x0800323d   Thumb Code   294  user_hallsensor.o(i.UHALL_ReadPosition)
    UHALL_ResetPosHall                       0x0800337d   Thumb Code    40  user_hallsensor.o(i.UHALL_ResetPosHall)
    UHALL_TIM_Configure                      0x080033c5   Thumb Code   106  user_hallsensor.o(i.UHALL_TIM_Configure)
    ULED_Configure                           0x08003435   Thumb Code    88  user_led.o(i.ULED_Configure)
    ULED_Toggle                              0x08003499   Thumb Code    92  user_led.o(i.ULED_Toggle)
    UPWM_ControlBLDCFET                      0x08003509   Thumb Code   262  user_pwm.o(i.UPWM_ControlBLDCFET)
    UPWM_GPIO_Configure                      0x08003615   Thumb Code   102  user_pwm.o(i.UPWM_GPIO_Configure)
    UPWM_GetBytesDutyCycle                   0x08003685   Thumb Code   128  user_pwm.o(i.UPWM_GetBytesDutyCycle)
    UPWM_Pre_Charge_Bootstrap                0x08003715   Thumb Code   130  user_pwm.o(i.UPWM_Pre_Charge_Bootstrap)
    UPWM_SetBytesDutyCycle                   0x0800379d   Thumb Code   140  user_pwm.o(i.UPWM_SetBytesDutyCycle)
    UPWM_SetDutyCycle                        0x08003835   Thumb Code    30  user_pwm.o(i.UPWM_SetDutyCycle)
    UPWM_StopPWM                             0x08003859   Thumb Code    80  user_pwm.o(i.UPWM_StopPWM)
    UPWM_TIM_Configure                       0x080038ad   Thumb Code   248  user_pwm.o(i.UPWM_TIM_Configure)
    USB_LP_CAN1_RX0_IRQHandler               0x080039b5   Thumb Code  2104  user_can.o(i.USB_LP_CAN1_RX0_IRQHandler)
    UsageFault_Handler                       0x080041ed   Thumb Code     4  stm32f10x_it.o(i.UsageFault_Handler)
    __scatterload_copy                       0x080041f1   Thumb Code    14  handlers.o(i.__scatterload_copy)
    __scatterload_null                       0x080041ff   Thumb Code     2  handlers.o(i.__scatterload_null)
    __scatterload_zeroinit                   0x08004201   Thumb Code    14  handlers.o(i.__scatterload_zeroinit)
    main                                     0x08004211   Thumb Code   256  main.o(i.main)
    Region$$Table$$Base                      0x08004394   Number         0  anon$$obj.o(Region$$Table)
    Region$$Table$$Limit                     0x080043b4   Number         0  anon$$obj.o(Region$$Table)
    HSEStartUpStatus                         0x20000000   Data           1  main.o(.data)
    TimingDelay                              0x20000004   Data           4  main.o(.data)
    A                                        0x20000008   Data           4  main.o(.data)
    B                                        0x2000000c   Data           4  main.o(.data)
    C                                        0x20000010   Data           4  main.o(.data)
    PWM                                      0x20000014   Data           4  main.o(.data)
    pHall                                    0x20000018   Data           2  main.o(.data)
    CAN_Data                                 0x2000001a   Data           8  main.o(.data)
    clock_source                             0x20000024   Data           4  main.o(.data)
    CAN_count                                0x20000028   Data           1  main.o(.data)
    counter                                  0x2000002c   Data           4  main.o(.data)
    pulse                                    0x20000030   Data           4  main.o(.data)
    __position                               0x20000034   Data           4  main.o(.data)
    Kp                                       0x20000038   Data           4  main.o(.data)
    Ki                                       0x2000003c   Data           4  main.o(.data)
    Kd                                       0x20000040   Data           4  main.o(.data)
    posi                                     0x20000044   Data           4  main.o(.data)
    UPWM_TimerPeriod                         0x20000048   Data           2  user_pwm.o(.data)
    CAN_RxMessage                            0x200000a0   Data           8  user_can.o(.data)
    CAN_TxData                               0x200000a8   Data           8  user_can.o(.data)
    _checksum                                0x200000b0   Data           1  user_can.o(.data)
    _can_respond_count                       0x200000b1   Data           1  user_can.o(.data)
    flag_run                                 0x200000bc   Data           1  user_can.o(.data)
    _Position_Pulse                          0x200000e4   Data           4  user_algorithm.o(.data)
    PositionError                            0x200000e8   Data           4  user_algorithm.o(.data)
    Pre_PositionError                        0x200000ec   Data           4  user_algorithm.o(.data)
    Pre_Pre_PositionError                    0x200000f0   Data           4  user_algorithm.o(.data)
    myFilter                                 0x20000120   Data           8  user_adc.o(.data)
    revolution_count                         0x20000130   Data           2  user_encoder.o(.data)
    myFilterEnc                              0x20000134   Data           8  user_encoder.o(.data)
    SystemCoreClock                          0x20000178   Data           4  system_stm32f10x.o(.data)
    AHBPrescTable                            0x2000017c   Data          16  system_stm32f10x.o(.data)
    RCC_ClockFreq                            0x2000018c   Data          20  main.o(.bss)
    RxMessage                                0x200001a0   Data          20  user_can.o(.bss)
    __initial_sp                             0x2000120f   Data           0  startup_stm32f10x_md.o(STACK)



==============================================================================

Memory Map of the image

  Image Entry point : 0x080000ed

  Load Region LR_IROM1 (Base: 0x08000000, Size: 0x00004540, Max: 0x00010000, ABSOLUTE, COMPRESSED[0x000043f8])

    Execution Region ER_IROM1 (Exec base: 0x08000000, Load base: 0x08000000, Size: 0x000043b4, Max: 0x00010000, ABSOLUTE)

    Exec Addr    Load Addr    Size         Type   Attr      Idx    E Section Name        Object

    0x08000000   0x08000000   0x000000ec   Data   RO         2674    RESET               startup_stm32f10x_md.o
    0x080000ec   0x080000ec   0x00000000   Code   RO         2713  * .ARM.Collect$$$$00000000  mc_w.l(entry.o)
    0x080000ec   0x080000ec   0x00000004   Code   RO         2786    .ARM.Collect$$$$00000001  mc_w.l(entry2.o)
    0x080000f0   0x080000f0   0x00000004   Code   RO         2789    .ARM.Collect$$$$00000004  mc_w.l(entry5.o)
    0x080000f4   0x080000f4   0x00000000   Code   RO         2791    .ARM.Collect$$$$00000008  mc_w.l(entry7b.o)
    0x080000f4   0x080000f4   0x00000000   Code   RO         2793    .ARM.Collect$$$$0000000A  mc_w.l(entry8b.o)
    0x080000f4   0x080000f4   0x00000008   Code   RO         2794    .ARM.Collect$$$$0000000B  mc_w.l(entry9a.o)
    0x080000fc   0x080000fc   0x00000004   Code   RO         2801    .ARM.Collect$$$$0000000E  mc_w.l(entry12b.o)
    0x08000100   0x08000100   0x00000000   Code   RO         2796    .ARM.Collect$$$$0000000F  mc_w.l(entry10a.o)
    0x08000100   0x08000100   0x00000000   Code   RO         2798    .ARM.Collect$$$$00000011  mc_w.l(entry11a.o)
    0x08000100   0x08000100   0x00000004   Code   RO         2787    .ARM.Collect$$$$00002712  mc_w.l(entry2.o)
    0x08000104   0x08000104   0x00000024   Code   RO         2675    .text               startup_stm32f10x_md.o
    0x08000128   0x08000128   0x000000b0   Code   RO         2752    .text               mf_w.l(fadd.o)
    0x080001d8   0x080001d8   0x00000064   Code   RO         2754    .text               mf_w.l(fmul.o)
    0x0800023c   0x0800023c   0x0000007c   Code   RO         2756    .text               mf_w.l(fdiv.o)
    0x080002b8   0x080002b8   0x0000014e   Code   RO         2758    .text               mf_w.l(dadd.o)
    0x08000406   0x08000406   0x000000e4   Code   RO         2760    .text               mf_w.l(dmul.o)
    0x080004ea   0x080004ea   0x000000de   Code   RO         2762    .text               mf_w.l(ddiv.o)
    0x080005c8   0x080005c8   0x00000012   Code   RO         2764    .text               mf_w.l(fflti.o)
    0x080005da   0x080005da   0x0000000a   Code   RO         2766    .text               mf_w.l(ffltui.o)
    0x080005e4   0x080005e4   0x0000001a   Code   RO         2768    .text               mf_w.l(dfltui.o)
    0x080005fe   0x080005fe   0x00000032   Code   RO         2770    .text               mf_w.l(ffixi.o)
    0x08000630   0x08000630   0x00000028   Code   RO         2772    .text               mf_w.l(ffixui.o)
    0x08000658   0x08000658   0x00000032   Code   RO         2774    .text               mf_w.l(dfixui.o)
    0x0800068a   0x0800068a   0x00000026   Code   RO         2776    .text               mf_w.l(f2d.o)
    0x080006b0   0x080006b0   0x00000038   Code   RO         2782    .text               mf_w.l(d2f.o)
    0x080006e8   0x080006e8   0x0000001e   Code   RO         2802    .text               mc_w.l(llshl.o)
    0x08000706   0x08000706   0x00000020   Code   RO         2804    .text               mc_w.l(llushr.o)
    0x08000726   0x08000726   0x00000024   Code   RO         2806    .text               mc_w.l(llsshr.o)
    0x0800074a   0x0800074a   0x00000000   Code   RO         2810    .text               mc_w.l(iusefp.o)
    0x0800074a   0x0800074a   0x0000006e   Code   RO         2811    .text               mf_w.l(fepilogue.o)
    0x080007b8   0x080007b8   0x000000ba   Code   RO         2813    .text               mf_w.l(depilogue.o)
    0x08000872   0x08000872   0x00000002   PAD
    0x08000874   0x08000874   0x00000024   Code   RO         2815    .text               mc_w.l(init.o)
    0x08000898   0x08000898   0x00000056   Code   RO         2825    .text               mc_w.l(__dczerorl2.o)
    0x080008ee   0x080008ee   0x00000016   Code   RO         2282    i.ADC_Cmd           stm32f10x_adc.o
    0x08000904   0x08000904   0x00000016   Code   RO         2283    i.ADC_DMACmd        stm32f10x_adc.o
    0x0800091a   0x0800091a   0x00000014   Code   RO         2290    i.ADC_GetCalibrationStatus  stm32f10x_adc.o
    0x0800092e   0x0800092e   0x00000014   Code   RO         2296    i.ADC_GetResetCalibrationStatus  stm32f10x_adc.o
    0x08000942   0x08000942   0x00000002   PAD
    0x08000944   0x08000944   0x00000050   Code   RO         2300    i.ADC_Init          stm32f10x_adc.o
    0x08000994   0x08000994   0x000000b8   Code   RO         2304    i.ADC_RegularChannelConfig  stm32f10x_adc.o
    0x08000a4c   0x08000a4c   0x0000000a   Code   RO         2305    i.ADC_ResetCalibration  stm32f10x_adc.o
    0x08000a56   0x08000a56   0x00000016   Code   RO         2307    i.ADC_SoftwareStartConvCmd  stm32f10x_adc.o
    0x08000a6c   0x08000a6c   0x0000000a   Code   RO         2309    i.ADC_StartCalibration  stm32f10x_adc.o
    0x08000a76   0x08000a76   0x00000002   PAD
    0x08000a78   0x08000a78   0x00000024   Code   RO         2311    i.ADC_TempSensorVrefintCmd  stm32f10x_adc.o
    0x08000a9c   0x08000a9c   0x00000004   Code   RO          953    i.BusFault_Handler  stm32f10x_it.o
    0x08000aa0   0x08000aa0   0x00000038   Code   RO         1397    i.CAN_DeInit        stm32f10x_can.o
    0x08000ad8   0x08000ad8   0x00000108   Code   RO         1399    i.CAN_FilterInit    stm32f10x_can.o
    0x08000be0   0x08000be0   0x00000012   Code   RO         1405    i.CAN_ITConfig      stm32f10x_can.o
    0x08000bf2   0x08000bf2   0x00000114   Code   RO         1406    i.CAN_Init          stm32f10x_can.o
    0x08000d06   0x08000d06   0x000000f0   Code   RO         1409    i.CAN_Receive       stm32f10x_can.o
    0x08000df6   0x08000df6   0x00000020   Code   RO         1412    i.CAN_StructInit    stm32f10x_can.o
    0x08000e16   0x08000e16   0x00000126   Code   RO         1414    i.CAN_Transmit      stm32f10x_can.o
    0x08000f3c   0x08000f3c   0x000000a0   Code   RO         1415    i.CAN_TransmitStatus  stm32f10x_can.o
    0x08000fdc   0x08000fdc   0x00000078   Code   RO            1    i.Clock_HSE_Configuration  main.o
    0x08001054   0x08001054   0x00000140   Code   RO          729    i.DMA1_Channel1_IRQHandler  user_adc.o
    0x08001194   0x08001194   0x0000001c   Code   RO         1549    i.DMA_ClearITPendingBit  stm32f10x_dma.o
    0x080011b0   0x080011b0   0x00000018   Code   RO         1550    i.DMA_Cmd           stm32f10x_dma.o
    0x080011c8   0x080011c8   0x0000014c   Code   RO         1551    i.DMA_DeInit        stm32f10x_dma.o
    0x08001314   0x08001314   0x0000002c   Code   RO         1554    i.DMA_GetITStatus   stm32f10x_dma.o
    0x08001340   0x08001340   0x00000012   Code   RO         1555    i.DMA_ITConfig      stm32f10x_dma.o
    0x08001352   0x08001352   0x0000003c   Code   RO         1556    i.DMA_Init          stm32f10x_dma.o
    0x0800138e   0x0800138e   0x00000002   Code   RO          954    i.DebugMon_Handler  stm32f10x_it.o
    0x08001390   0x08001390   0x00000030   Code   RO          215    i.EXTI0_IRQHandler  user_hallsensor.o
    0x080013c0   0x080013c0   0x00000030   Code   RO          216    i.EXTI1_IRQHandler  user_hallsensor.o
    0x080013f0   0x080013f0   0x00000030   Code   RO          217    i.EXTI2_IRQHandler  user_hallsensor.o
    0x08001420   0x08001420   0x0000000c   Code   RO         1621    i.EXTI_ClearITPendingBit  stm32f10x_exti.o
    0x0800142c   0x0800142c   0x00000028   Code   RO         1625    i.EXTI_GetITStatus  stm32f10x_exti.o
    0x08001454   0x08001454   0x00000094   Code   RO         1626    i.EXTI_Init         stm32f10x_exti.o
    0x080014e8   0x080014e8   0x0000001c   Code   RO         2515    i.FLASH_PrefetchBufferCmd  stm32f10x_flash.o
    0x08001504   0x08001504   0x00000018   Code   RO         2520    i.FLASH_SetLatency  stm32f10x_flash.o
    0x0800151c   0x0800151c   0x00000040   Code   RO         1082    i.GPIO_EXTILineConfig  stm32f10x_gpio.o
    0x0800155c   0x0800155c   0x00000116   Code   RO         1085    i.GPIO_Init         stm32f10x_gpio.o
    0x08001672   0x08001672   0x00000002   PAD
    0x08001674   0x08001674   0x00000090   Code   RO         1087    i.GPIO_PinRemapConfig  stm32f10x_gpio.o
    0x08001704   0x08001704   0x00000008   Code   RO         1088    i.GPIO_ReadInputData  stm32f10x_gpio.o
    0x0800170c   0x0800170c   0x00000004   Code   RO         1092    i.GPIO_ResetBits    stm32f10x_gpio.o
    0x08001710   0x08001710   0x0000000a   Code   RO         1096    i.GPIO_WriteBit     stm32f10x_gpio.o
    0x0800171a   0x0800171a   0x00000004   Code   RO          955    i.HardFault_Handler  stm32f10x_it.o
    0x0800171e   0x0800171e   0x00000004   Code   RO          956    i.MemManage_Handler  stm32f10x_it.o
    0x08001722   0x08001722   0x00000002   Code   RO          957    i.NMI_Handler       stm32f10x_it.o
    0x08001724   0x08001724   0x00000070   Code   RO         1043    i.NVIC_Init         misc.o
    0x08001794   0x08001794   0x00000014   Code   RO         1044    i.NVIC_PriorityGroupConfig  misc.o
    0x080017a8   0x080017a8   0x00000002   Code   RO          958    i.PendSV_Handler    stm32f10x_it.o
    0x080017aa   0x080017aa   0x00000002   PAD
    0x080017ac   0x080017ac   0x00000018   Code   RO         1193    i.RCC_ADCCLKConfig  stm32f10x_rcc.o
    0x080017c4   0x080017c4   0x00000020   Code   RO         1194    i.RCC_AHBPeriphClockCmd  stm32f10x_rcc.o
    0x080017e4   0x080017e4   0x00000020   Code   RO         1195    i.RCC_APB1PeriphClockCmd  stm32f10x_rcc.o
    0x08001804   0x08001804   0x00000020   Code   RO         1196    i.RCC_APB1PeriphResetCmd  stm32f10x_rcc.o
    0x08001824   0x08001824   0x00000020   Code   RO         1197    i.RCC_APB2PeriphClockCmd  stm32f10x_rcc.o
    0x08001844   0x08001844   0x00000020   Code   RO         1198    i.RCC_APB2PeriphResetCmd  stm32f10x_rcc.o
    0x08001864   0x08001864   0x0000004c   Code   RO         1204    i.RCC_DeInit        stm32f10x_rcc.o
    0x080018b0   0x080018b0   0x000000d4   Code   RO         1205    i.RCC_GetClocksFreq  stm32f10x_rcc.o
    0x08001984   0x08001984   0x0000003c   Code   RO         1206    i.RCC_GetFlagStatus  stm32f10x_rcc.o
    0x080019c0   0x080019c0   0x00000010   Code   RO         1208    i.RCC_GetSYSCLKSource  stm32f10x_rcc.o
    0x080019d0   0x080019d0   0x00000018   Code   RO         1209    i.RCC_HCLKConfig    stm32f10x_rcc.o
    0x080019e8   0x080019e8   0x0000004c   Code   RO         1210    i.RCC_HSEConfig     stm32f10x_rcc.o
    0x08001a34   0x08001a34   0x00000018   Code   RO         1216    i.RCC_PCLK1Config   stm32f10x_rcc.o
    0x08001a4c   0x08001a4c   0x00000018   Code   RO         1217    i.RCC_PCLK2Config   stm32f10x_rcc.o
    0x08001a64   0x08001a64   0x0000000c   Code   RO         1218    i.RCC_PLLCmd        stm32f10x_rcc.o
    0x08001a70   0x08001a70   0x0000001c   Code   RO         1219    i.RCC_PLLConfig     stm32f10x_rcc.o
    0x08001a8c   0x08001a8c   0x00000018   Code   RO         1222    i.RCC_SYSCLKConfig  stm32f10x_rcc.o
    0x08001aa4   0x08001aa4   0x00000038   Code   RO         1224    i.RCC_WaitForHSEStartUp  stm32f10x_rcc.o
    0x08001adc   0x08001adc   0x00000002   Code   RO          959    i.SVC_Handler       stm32f10x_it.o
    0x08001ade   0x08001ade   0x00000008   Code   RO         2679    i.SetSysClock       system_stm32f10x.o
    0x08001ae6   0x08001ae6   0x00000002   PAD
    0x08001ae8   0x08001ae8   0x000000e0   Code   RO         2680    i.SetSysClockTo72   system_stm32f10x.o
    0x08001bc8   0x08001bc8   0x00000010   Code   RO          960    i.SysTick_Handler   stm32f10x_it.o
    0x08001bd8   0x08001bd8   0x000000a4   Code   RO         2681    i.SystemCoreClockUpdate  system_stm32f10x.o
    0x08001c7c   0x08001c7c   0x00000060   Code   RO         2682    i.SystemInit        system_stm32f10x.o
    0x08001cdc   0x08001cdc   0x00000080   Code   RO         1674    i.TI1_Config        stm32f10x_tim.o
    0x08001d5c   0x08001d5c   0x00000098   Code   RO         1675    i.TI2_Config        stm32f10x_tim.o
    0x08001df4   0x08001df4   0x00000090   Code   RO         1676    i.TI3_Config        stm32f10x_tim.o
    0x08001e84   0x08001e84   0x00000098   Code   RO         1677    i.TI4_Config        stm32f10x_tim.o
    0x08001f1c   0x08001f1c   0x0000004c   Code   RO          804    i.TIM2_IRQHandler   user_encoder.o
    0x08001f68   0x08001f68   0x00000038   Code   RO          218    i.TIM4_IRQHandler   user_hallsensor.o
    0x08001fa0   0x08001fa0   0x00000020   Code   RO         1679    i.TIM_BDTRConfig    stm32f10x_tim.o
    0x08001fc0   0x08001fc0   0x0000001e   Code   RO         1682    i.TIM_CCxCmd        stm32f10x_tim.o
    0x08001fde   0x08001fde   0x0000001e   Code   RO         1683    i.TIM_CCxNCmd       stm32f10x_tim.o
    0x08001ffc   0x08001ffc   0x00000006   Code   RO         1684    i.TIM_ClearFlag     stm32f10x_tim.o
    0x08002002   0x08002002   0x00000006   Code   RO         1685    i.TIM_ClearITPendingBit  stm32f10x_tim.o
    0x08002008   0x08002008   0x00000018   Code   RO         1690    i.TIM_Cmd           stm32f10x_tim.o
    0x08002020   0x08002020   0x0000001e   Code   RO         1692    i.TIM_CtrlPWMOutputs  stm32f10x_tim.o
    0x0800203e   0x0800203e   0x00000002   PAD
    0x08002040   0x08002040   0x000001e8   Code   RO         1695    i.TIM_DeInit        stm32f10x_tim.o
    0x08002228   0x08002228   0x00000042   Code   RO         1699    i.TIM_EncoderInterfaceConfig  stm32f10x_tim.o
    0x0800226a   0x0800226a   0x00000006   Code   RO         1705    i.TIM_GetCapture1   stm32f10x_tim.o
    0x08002270   0x08002270   0x00000006   Code   RO         1709    i.TIM_GetCounter    stm32f10x_tim.o
    0x08002276   0x08002276   0x00000012   Code   RO         1710    i.TIM_GetFlagStatus  stm32f10x_tim.o
    0x08002288   0x08002288   0x00000022   Code   RO         1711    i.TIM_GetITStatus   stm32f10x_tim.o
    0x080022aa   0x080022aa   0x00000002   PAD
    0x080022ac   0x080022ac   0x000000ac   Code   RO         1713    i.TIM_ICInit        stm32f10x_tim.o
    0x08002358   0x08002358   0x00000012   Code   RO         1714    i.TIM_ICStructInit  stm32f10x_tim.o
    0x0800236a   0x0800236a   0x00000012   Code   RO         1715    i.TIM_ITConfig      stm32f10x_tim.o
    0x0800237c   0x0800237c   0x00000098   Code   RO         1719    i.TIM_OC1Init       stm32f10x_tim.o
    0x08002414   0x08002414   0x00000012   Code   RO         1722    i.TIM_OC1PreloadConfig  stm32f10x_tim.o
    0x08002426   0x08002426   0x00000002   PAD
    0x08002428   0x08002428   0x000000a4   Code   RO         1724    i.TIM_OC2Init       stm32f10x_tim.o
    0x080024cc   0x080024cc   0x0000001a   Code   RO         1727    i.TIM_OC2PreloadConfig  stm32f10x_tim.o
    0x080024e6   0x080024e6   0x00000002   PAD
    0x080024e8   0x080024e8   0x000000a0   Code   RO         1729    i.TIM_OC3Init       stm32f10x_tim.o
    0x08002588   0x08002588   0x00000012   Code   RO         1732    i.TIM_OC3PreloadConfig  stm32f10x_tim.o
    0x0800259a   0x0800259a   0x00000052   Code   RO         1745    i.TIM_SelectOCxM    stm32f10x_tim.o
    0x080025ec   0x080025ec   0x00000004   Code   RO         1751    i.TIM_SetCompare1   stm32f10x_tim.o
    0x080025f0   0x080025f0   0x00000004   Code   RO         1752    i.TIM_SetCompare2   stm32f10x_tim.o
    0x080025f4   0x080025f4   0x00000004   Code   RO         1753    i.TIM_SetCompare3   stm32f10x_tim.o
    0x080025f8   0x080025f8   0x00000012   Code   RO         1756    i.TIM_SetIC1Prescaler  stm32f10x_tim.o
    0x0800260a   0x0800260a   0x0000001a   Code   RO         1757    i.TIM_SetIC2Prescaler  stm32f10x_tim.o
    0x08002624   0x08002624   0x00000012   Code   RO         1758    i.TIM_SetIC3Prescaler  stm32f10x_tim.o
    0x08002636   0x08002636   0x0000001a   Code   RO         1759    i.TIM_SetIC4Prescaler  stm32f10x_tim.o
    0x08002650   0x08002650   0x000000a4   Code   RO         1761    i.TIM_TimeBaseInit  stm32f10x_tim.o
    0x080026f4   0x080026f4   0x00000148   Code   RO          730    i.UADC_ADC_DMA_Configure  user_adc.o
    0x0800283c   0x0800283c   0x0000002c   Code   RO          731    i.UADC_GPIO_Configure  user_adc.o
    0x08002868   0x08002868   0x00000040   Code   RO          732    i.UADC_GetAvrValue  user_adc.o
    0x080028a8   0x080028a8   0x000000b8   Code   RO          733    i.UADC_GetBytesConverted  user_adc.o
    0x08002960   0x08002960   0x00000048   Code   RO          561    i.UALTHM_GetBytesSetPosition  user_algorithm.o
    0x080029a8   0x080029a8   0x00000048   Code   RO          562    i.UALTHM_GetBytesSetSpeed  user_algorithm.o
    0x080029f0   0x080029f0   0x00000010   Code   RO          566    i.UALTHM_UpdateFuzzyParams  user_algorithm.o
    0x08002a00   0x08002a00   0x00000010   Code   RO          567    i.UALTHM_UpdatePIDParams  user_algorithm.o
    0x08002a10   0x08002a10   0x000000c8   Code   RO          568    i.UALTHM_UpdateParameters  user_algorithm.o
    0x08002ad8   0x08002ad8   0x00000158   Code   RO          367    i.UCAN_CAN_Configure  user_can.o
    0x08002c30   0x08002c30   0x0000001e   Code   RO          368    i.UCAN_Checksum     user_can.o
    0x08002c4e   0x08002c4e   0x00000002   PAD
    0x08002c50   0x08002c50   0x00000048   Code   RO          369    i.UCAN_GPIO_Configure  user_can.o
    0x08002c98   0x08002c98   0x00000044   Code   RO          370    i.UCAN_GetFlag      user_can.o
    0x08002cdc   0x08002cdc   0x00000014   Code   RO          375    i.UCAN_PassSystemReady  user_can.o
    0x08002cf0   0x08002cf0   0x00000064   Code   RO          385    i.UCAN_Transmit     user_can.o
    0x08002d54   0x08002d54   0x00000030   Code   RO          778    i.UDELAY_Configure  user_delay.o
    0x08002d84   0x08002d84   0x00000050   Code   RO          779    i.UDELAY_ms         user_delay.o
    0x08002dd4   0x08002dd4   0x00000050   Code   RO          780    i.UDELAY_us         user_delay.o
    0x08002e24   0x08002e24   0x000000c4   Code   RO          805    i.UENC_Configure    user_encoder.o
    0x08002ee8   0x08002ee8   0x00000028   Code   RO          806    i.UENC_GetActualPosition  user_encoder.o
    0x08002f10   0x08002f10   0x00000098   Code   RO          807    i.UENC_GetActualSpeed  user_encoder.o
    0x08002fa8   0x08002fa8   0x0000003c   Code   RO          808    i.UENC_GetBytesActualPosition  user_encoder.o
    0x08002fe4   0x08002fe4   0x00000058   Code   RO          810    i.UENC_GetCounterValue  user_encoder.o
    0x0800303c   0x0800303c   0x0000004c   Code   RO          923    i.UFIL_1stOrderFilter_Output  user_filter.o
    0x08003088   0x08003088   0x0000010c   Code   RO          220    i.UHALL_GPIO_Configure  user_hallsensor.o
    0x08003194   0x08003194   0x00000024   Code   RO          221    i.UHALL_GetActualSpeed  user_hallsensor.o
    0x080031b8   0x080031b8   0x0000003c   Code   RO          222    i.UHALL_GetBytesActualSpeed  user_hallsensor.o
    0x080031f4   0x080031f4   0x0000000c   Code   RO          223    i.UHALL_GetHALLHA   user_hallsensor.o
    0x08003200   0x08003200   0x0000000c   Code   RO          224    i.UHALL_GetHALLHB   user_hallsensor.o
    0x0800320c   0x0800320c   0x0000000c   Code   RO          225    i.UHALL_GetHALLHC   user_hallsensor.o
    0x08003218   0x08003218   0x0000000c   Code   RO          226    i.UHALL_GetHALLLA   user_hallsensor.o
    0x08003224   0x08003224   0x0000000c   Code   RO          227    i.UHALL_GetHALLLB   user_hallsensor.o
    0x08003230   0x08003230   0x0000000c   Code   RO          228    i.UHALL_GetHALLLC   user_hallsensor.o
    0x0800323c   0x0800323c   0x00000140   Code   RO          232    i.UHALL_ReadPosition  user_hallsensor.o
    0x0800337c   0x0800337c   0x00000048   Code   RO          233    i.UHALL_ResetPosHall  user_hallsensor.o
    0x080033c4   0x080033c4   0x00000070   Code   RO          236    i.UHALL_TIM_Configure  user_hallsensor.o
    0x08003434   0x08003434   0x00000064   Code   RO          897    i.ULED_Configure    user_led.o
    0x08003498   0x08003498   0x00000070   Code   RO          898    i.ULED_Toggle       user_led.o
    0x08003508   0x08003508   0x0000010c   Code   RO          151    i.UPWM_ControlBLDCFET  user_pwm.o
    0x08003614   0x08003614   0x00000070   Code   RO          152    i.UPWM_GPIO_Configure  user_pwm.o
    0x08003684   0x08003684   0x00000090   Code   RO          153    i.UPWM_GetBytesDutyCycle  user_pwm.o
    0x08003714   0x08003714   0x00000088   Code   RO          155    i.UPWM_Pre_Charge_Bootstrap  user_pwm.o
    0x0800379c   0x0800379c   0x00000098   Code   RO          156    i.UPWM_SetBytesDutyCycle  user_pwm.o
    0x08003834   0x08003834   0x00000024   Code   RO          157    i.UPWM_SetDutyCycle  user_pwm.o
    0x08003858   0x08003858   0x00000054   Code   RO          158    i.UPWM_StopPWM      user_pwm.o
    0x080038ac   0x080038ac   0x00000108   Code   RO          159    i.UPWM_TIM_Configure  user_pwm.o
    0x080039b4   0x080039b4   0x00000838   Code   RO          386    i.USB_LP_CAN1_RX0_IRQHandler  user_can.o
    0x080041ec   0x080041ec   0x00000004   Code   RO          961    i.UsageFault_Handler  stm32f10x_it.o
    0x080041f0   0x080041f0   0x0000000e   Code   RO         2819    i.__scatterload_copy  mc_w.l(handlers.o)
    0x080041fe   0x080041fe   0x00000002   Code   RO         2820    i.__scatterload_null  mc_w.l(handlers.o)
    0x08004200   0x08004200   0x0000000e   Code   RO         2821    i.__scatterload_zeroinit  mc_w.l(handlers.o)
    0x0800420e   0x0800420e   0x00000002   PAD
    0x08004210   0x08004210   0x00000124   Code   RO            3    i.main              main.o
    0x08004334   0x08004334   0x00000060   Data   RO          237    .constdata          user_hallsensor.o
    0x08004394   0x08004394   0x00000020   Data   RO         2817    Region$$Table       anon$$obj.o


    Execution Region RW_IRAM1 (Exec base: 0x20000000, Load base: 0x080043b4, Size: 0x00001210, Max: 0x00005000, ABSOLUTE, COMPRESSED[0x00000044])

    Exec Addr    Load Addr    Size         Type   Attr      Idx    E Section Name        Object

    0x20000000   COMPRESSED   0x00000048   Data   RW            5    .data               main.o
    0x20000048   COMPRESSED   0x0000000c   Data   RW          161    .data               user_pwm.o
    0x20000054   COMPRESSED   0x00000030   Data   RW          238    .data               user_hallsensor.o
    0x20000084   COMPRESSED   0x00000039   Data   RW          389    .data               user_can.o
    0x200000bd   COMPRESSED   0x00000003   PAD
    0x200000c0   COMPRESSED   0x00000054   Data   RW          573    .data               user_algorithm.o
    0x20000114   COMPRESSED   0x00000014   Data   RW          736    .data               user_adc.o
    0x20000128   COMPRESSED   0x00000018   Data   RW          814    .data               user_encoder.o
    0x20000140   COMPRESSED   0x00000003   Data   RW          900    .data               user_led.o
    0x20000143   COMPRESSED   0x00000001   PAD
    0x20000144   COMPRESSED   0x00000020   Data   RW          925    .data               user_filter.o
    0x20000164   COMPRESSED   0x00000014   Data   RW         1225    .data               stm32f10x_rcc.o
    0x20000178   COMPRESSED   0x00000014   Data   RW         2683    .data               system_stm32f10x.o
    0x2000018c        -       0x00000014   Zero   RW            4    .bss                main.o
    0x200001a0        -       0x00000014   Zero   RW          387    .bss                user_can.o
    0x200001b4        -       0x00000024   Zero   RW          571    .bss                user_algorithm.o
    0x200001d8        -       0x00000028   Zero   RW          735    .bss                user_adc.o
    0x20000200        -       0x0000000a   Zero   RW          781    .bss                user_delay.o
    0x2000020a   COMPRESSED   0x00000006   PAD
    0x20000210        -       0x00000fff   Zero   RW         2672    STACK               startup_stm32f10x_md.o


==============================================================================

Image component sizes


      Code (inc. data)   RO Data    RW Data    ZI Data      Debug   Object Name

         0          0          0          0          0         32   core_cm3.o
       412         40          0         72         20     278489   main.o
       132         22          0          0          0       1559   misc.o
        36          8        236          0       4095        816   startup_stm32f10x_md.o
       426         16          0          0          0       7988   stm32f10x_adc.o
      1340         34          0          0          0       6219   stm32f10x_can.o
       506         26          0          0          0       5179   stm32f10x_dma.o
       200         18          0          0          0       2136   stm32f10x_exti.o
        52         12          0          0          0       1105   stm32f10x_flash.o
       508         10          0          0          0       5122   stm32f10x_gpio.o
        40          4          0          0          0       3722   stm32f10x_it.o
       816        116          0         20          0      12847   stm32f10x_rcc.o
      2444        254          0          0          0      22654   stm32f10x_tim.o
       492         50          0         20          0       2865   system_stm32f10x.o
       940        114          0         20         40       4045   user_adc.o
       376         62          0         84         36       5553   user_algorithm.o
      2738         88          0         57         20      22744   user_can.o
       208         26          0          0         10       1707   user_delay.o
       612         78          0         24          0       4314   user_encoder.o
        76         14          0         32          0       1490   user_filter.o
      1140        138         96         48          0       9269   user_hallsensor.o
       212         32          0          3          0       1215   user_led.o
      1196         76          0         12          0       5285   user_pwm.o

    ----------------------------------------------------------------------
     14922       1238        364        396       4228     406355   Object Totals
         0          0         32          0          0          0   (incl. Generated)
        20          0          0          4          7          0   (incl. Padding)

    ----------------------------------------------------------------------

      Code (inc. data)   RO Data    RW Data    ZI Data      Debug   Library Member Name

        86          0          0          0          0          0   __dczerorl2.o
         0          0          0          0          0          0   entry.o
         0          0          0          0          0          0   entry10a.o
         0          0          0          0          0          0   entry11a.o
         4          0          0          0          0          0   entry12b.o
         8          4          0          0          0          0   entry2.o
         4          0          0          0          0          0   entry5.o
         0          0          0          0          0          0   entry7b.o
         0          0          0          0          0          0   entry8b.o
         8          4          0          0          0          0   entry9a.o
        30          0          0          0          0          0   handlers.o
        36          8          0          0          0         68   init.o
         0          0          0          0          0          0   iusefp.o
        30          0          0          0          0         68   llshl.o
        36          0          0          0          0         68   llsshr.o
        32          0          0          0          0         68   llushr.o
        56          0          0          0          0         88   d2f.o
       334          0          0          0          0        148   dadd.o
       222          0          0          0          0        100   ddiv.o
       186          0          0          0          0        176   depilogue.o
        50          0          0          0          0         76   dfixui.o
        26          0          0          0          0         76   dfltui.o
       228          0          0          0          0         96   dmul.o
        38          0          0          0          0         68   f2d.o
       176          0          0          0          0        140   fadd.o
       124          0          0          0          0         88   fdiv.o
       110          0          0          0          0        168   fepilogue.o
        50          0          0          0          0         68   ffixi.o
        40          0          0          0          0         68   ffixui.o
        18          0          0          0          0         68   fflti.o
        10          0          0          0          0         68   ffltui.o
       100          0          0          0          0         76   fmul.o

    ----------------------------------------------------------------------
      2046         16          0          0          0       1844   Library Totals
         4          0          0          0          0          0   (incl. Padding)

    ----------------------------------------------------------------------

      Code (inc. data)   RO Data    RW Data    ZI Data      Debug   Library Name

       274         16          0          0          0        272   mc_w.l
      1768          0          0          0          0       1572   mf_w.l

    ----------------------------------------------------------------------
      2046         16          0          0          0       1844   Library Totals

    ----------------------------------------------------------------------

==============================================================================


      Code (inc. data)   RO Data    RW Data    ZI Data      Debug   

     16968       1254        364        396       4228     399539   Grand Totals
     16968       1254        364         68       4228     399539   ELF Image Totals (compressed)
     16968       1254        364         68          0          0   ROM Totals

==============================================================================

    Total RO  Size (Code + RO Data)                17332 (  16.93kB)
    Total RW  Size (RW Data + ZI Data)              4624 (   4.52kB)
    Total ROM Size (Code + RO Data + RW Data)      17400 (  16.99kB)

==============================================================================

