Component: ARM Compiler 5.06 update 7 (build 960) Tool: armlink [4d3601]

==============================================================================

Section Cross References

    main.o(i.ARM2_Init) refers to my_balance.o(i.Membership_Function_Declaration) for Membership_Function_Declaration
    main.o(i.ARM2_Init) refers to my_can.o(i.UCAN_Open_Thruster) for UCAN_Open_Thruster
    main.o(i.ARM2_Init) refers to stm32f4xx_usart.o(i.USART_DMACmd) for USART_DMACmd
    main.o(i.ARM2_Init) refers to stm32f4xx_dma.o(i.DMA_Cmd) for DMA_Cmd
    main.o(i.ARM2_Init) refers to stm32f4xx_tim.o(i.TIM_ITConfig) for TIM_ITConfig
    main.o(i.ARM2_Init) refers to my_can.o(.bss) for Flag
    main.o(i.ARM2_Init) refers to ugv_uart_joystick.o(.bss) for scalechannels
    main.o(i.SystemClock_Config) refers to stm32f4xx_rcc.o(i.RCC_DeInit) for RCC_DeInit
    main.o(i.SystemClock_Config) refers to stm32f4xx_rcc.o(i.RCC_HSEConfig) for RCC_HSEConfig
    main.o(i.SystemClock_Config) refers to stm32f4xx_rcc.o(i.RCC_WaitForHSEStartUp) for RCC_WaitForHSEStartUp
    main.o(i.SystemClock_Config) refers to stm32f4xx_rcc.o(i.RCC_PLLConfig) for RCC_PLLConfig
    main.o(i.SystemClock_Config) refers to stm32f4xx_rcc.o(i.RCC_PLLCmd) for RCC_PLLCmd
    main.o(i.SystemClock_Config) refers to stm32f4xx_rcc.o(i.RCC_GetFlagStatus) for RCC_GetFlagStatus
    main.o(i.SystemClock_Config) refers to stm32f4xx_flash.o(i.FLASH_SetLatency) for FLASH_SetLatency
    main.o(i.SystemClock_Config) refers to stm32f4xx_rcc.o(i.RCC_HCLKConfig) for RCC_HCLKConfig
    main.o(i.SystemClock_Config) refers to stm32f4xx_rcc.o(i.RCC_PCLK1Config) for RCC_PCLK1Config
    main.o(i.SystemClock_Config) refers to stm32f4xx_rcc.o(i.RCC_PCLK2Config) for RCC_PCLK2Config
    main.o(i.SystemClock_Config) refers to stm32f4xx_rcc.o(i.RCC_SYSCLKConfig) for RCC_SYSCLKConfig
    main.o(i.SystemClock_Config) refers to system_stm32f4xx.o(i.SystemCoreClockUpdate) for SystemCoreClockUpdate
    main.o(i.main) refers to main.o(i.SystemClock_Config) for SystemClock_Config
    main.o(i.main) refers to stm32f4xx_rcc.o(i.RCC_GetClocksFreq) for RCC_GetClocksFreq
    main.o(i.main) refers to my_delay.o(i.UDELAY_Configuration) for UDELAY_Configuration
    main.o(i.main) refers to my_io.o(i.UIO_Configuration) for UIO_Configuration
    main.o(i.main) refers to my_delay.o(i.UDELAY_ms) for UDELAY_ms
    main.o(i.main) refers to my_uart_esp.o(i.UART4_ESP_Config) for UART4_ESP_Config
    main.o(i.main) refers to my_can.o(i.UCAN_Configure) for UCAN_Configure
    main.o(i.main) refers to ugv_uart_joystick.o(i.USART6_DMA_Rx_Config) for USART6_DMA_Rx_Config
    main.o(i.main) refers to my_keller_pa3.o(i.UKELLER_Configuration) for UKELLER_Configuration
    main.o(i.main) refers to my_keller_pa3.o(i.UKELLER_KELLER_Init) for UKELLER_KELLER_Init
    main.o(i.main) refers to my_mx28.o(i.UMX28_Configuration) for UMX28_Configuration
    main.o(i.main) refers to my_mx28.o(i.UMX28_Init) for UMX28_Init
    main.o(i.main) refers to my_mx28.o(i.UMX28_pingServo) for UMX28_pingServo
    main.o(i.main) refers to my_io.o(i.UIO_LEDORANGE_ON) for UIO_LEDORANGE_ON
    main.o(i.main) refers to my_io.o(i.UIO_LEDORANGE_OFF) for UIO_LEDORANGE_OFF
    main.o(i.main) refers to main.o(i.ARM2_Init) for ARM2_Init
    main.o(i.main) refers to main.o(.bss) for RCC_Clocks
    my_delay.o(i.UDELAY_Configuration) refers to stm32f4xx_rcc.o(i.RCC_APB1PeriphClockCmd) for RCC_APB1PeriphClockCmd
    my_delay.o(i.UDELAY_Configuration) refers to stm32f4xx_tim.o(i.TIM_TimeBaseInit) for TIM_TimeBaseInit
    my_delay.o(i.UDELAY_Configuration) refers to my_delay.o(.bss) for TIM_TimeBaseStructure
    my_delay.o(i.UDELAY_ms) refers to stm32f4xx_tim.o(i.TIM_TimeBaseInit) for TIM_TimeBaseInit
    my_delay.o(i.UDELAY_ms) refers to stm32f4xx_tim.o(i.TIM_ClearFlag) for TIM_ClearFlag
    my_delay.o(i.UDELAY_ms) refers to stm32f4xx_tim.o(i.TIM_Cmd) for TIM_Cmd
    my_delay.o(i.UDELAY_ms) refers to stm32f4xx_tim.o(i.TIM_GetFlagStatus) for TIM_GetFlagStatus
    my_delay.o(i.UDELAY_ms) refers to system_stm32f4xx.o(.data) for SystemCoreClock
    my_delay.o(i.UDELAY_ms) refers to my_delay.o(.bss) for TIM_TimeBaseStructure
    my_delay.o(i.UDELAY_us) refers to stm32f4xx_tim.o(i.TIM_TimeBaseInit) for TIM_TimeBaseInit
    my_delay.o(i.UDELAY_us) refers to stm32f4xx_tim.o(i.TIM_ClearFlag) for TIM_ClearFlag
    my_delay.o(i.UDELAY_us) refers to stm32f4xx_tim.o(i.TIM_Cmd) for TIM_Cmd
    my_delay.o(i.UDELAY_us) refers to stm32f4xx_tim.o(i.TIM_GetFlagStatus) for TIM_GetFlagStatus
    my_delay.o(i.UDELAY_us) refers to system_stm32f4xx.o(.data) for SystemCoreClock
    my_delay.o(i.UDELAY_us) refers to my_delay.o(.bss) for TIM_TimeBaseStructure
    my_can.o(i.Balance_Mode) refers to my_can.o(i.UCAN_Run_Thruster) for UCAN_Run_Thruster
    my_can.o(i.Balance_Mode) refers to my_can.o(i.UCAN_Run_Pistol) for UCAN_Run_Pistol
    my_can.o(i.Balance_Mode) refers to my_balance.o(i.Balance_Operation) for Balance_Operation
[...]
    i.EXTI15_10_IRQHandler                   0x080022cc   Section        0  my_io.o(i.EXTI15_10_IRQHandler)
    i.EXTI_ClearITPendingBit                 0x08002354   Section        0  stm32f4xx_exti.o(i.EXTI_ClearITPendingBit)
    i.EXTI_GetITStatus                       0x08002360   Section        0  stm32f4xx_exti.o(i.EXTI_GetITStatus)
    i.EXTI_Init                              0x08002378   Section        0  stm32f4xx_exti.o(i.EXTI_Init)
    i.FLASH_SetLatency                       0x0800240c   Section        0  stm32f4xx_flash.o(i.FLASH_SetLatency)
    i.Filter_In                              0x08002418   Section        0  my_balance.o(i.Filter_In)
    Filter_In                                0x08002419   Thumb Code   150  my_balance.o(i.Filter_In)
    i.Filter_Out                             0x080024c0   Section        0  my_balance.o(i.Filter_Out)
    Filter_Out                               0x080024c1   Thumb Code    82  my_balance.o(i.Filter_Out)
    i.Fuzzy_Result                           0x08002524   Section        0  my_balance.o(i.Fuzzy_Result)
    i.Fuzzy_Trapzoid                         0x08002718   Section        0  my_balance.o(i.Fuzzy_Trapzoid)
    Fuzzy_Trapzoid                           0x08002719   Thumb Code   134  my_balance.o(i.Fuzzy_Trapzoid)
    i.GPIO_Init                              0x080027a4   Section        0  stm32f4xx_gpio.o(i.GPIO_Init)
    i.GPIO_PinAFConfig                       0x08002834   Section        0  stm32f4xx_gpio.o(i.GPIO_PinAFConfig)
    i.GPIO_ResetBits                         0x0800287a   Section        0  stm32f4xx_gpio.o(i.GPIO_ResetBits)
    i.GPIO_SetBits                           0x0800287e   Section        0  stm32f4xx_gpio.o(i.GPIO_SetBits)
    i.HardFault_Handler                      0x08002882   Section        0  stm32f4xx_it.o(i.HardFault_Handler)
    i.Jetson_Mode                            0x08002888   Section        0  my_can.o(i.Jetson_Mode)
    i.Main_Operation                         0x080028d0   Section        0  my_can.o(i.Main_Operation)
    i.MemManage_Handler                      0x080029e4   Section        0  stm32f4xx_it.o(i.MemManage_Handler)
    i.Membership_Function_Declaration        0x080029e8   Section        0  my_balance.o(i.Membership_Function_Declaration)
    i.NMI_Handler                            0x08002b08   Section        0  stm32f4xx_it.o(i.NMI_Handler)
    i.NVIC_Init                              0x08002b0c   Section        0  misc.o(i.NVIC_Init)
    i.Pack                                   0x08002b84   Section        0  my_uart_esp.o(i.Pack)
    i.PendSV_Handler                         0x08002c34   Section        0  stm32f4xx_it.o(i.PendSV_Handler)
    i.RCC_AHB1PeriphClockCmd                 0x08002c38   Section        0  stm32f4xx_rcc.o(i.RCC_AHB1PeriphClockCmd)
    i.RCC_APB1PeriphClockCmd                 0x08002c58   Section        0  stm32f4xx_rcc.o(i.RCC_APB1PeriphClockCmd)
    i.RCC_APB1PeriphResetCmd                 0x08002c78   Section        0  stm32f4xx_rcc.o(i.RCC_APB1PeriphResetCmd)
    i.RCC_APB2PeriphClockCmd                 0x08002c98   Section        0  stm32f4xx_rcc.o(i.RCC_APB2PeriphClockCmd)
    i.RCC_DeInit                             0x08002cb8   Section        0  stm32f4xx_rcc.o(i.RCC_DeInit)
    i.RCC_GetClocksFreq                      0x08002d1c   Section        0  stm32f4xx_rcc.o(i.RCC_GetClocksFreq)
    i.RCC_GetFlagStatus                      0x08002e04   Section        0  stm32f4xx_rcc.o(i.RCC_GetFlagStatus)
    i.RCC_HCLKConfig                         0x08002e44   Section        0  stm32f4xx_rcc.o(i.RCC_HCLKConfig)
    i.RCC_HSEConfig                          0x08002e5c   Section        0  stm32f4xx_rcc.o(i.RCC_HSEConfig)
    i.RCC_PCLK1Config                        0x08002e6c   Section        0  stm32f4xx_rcc.o(i.RCC_PCLK1Config)
    i.RCC_PCLK2Config                        0x08002e84   Section        0  stm32f4xx_rcc.o(i.RCC_PCLK2Config)
    i.RCC_PLLCmd                             0x08002e9c   Section        0  stm32f4xx_rcc.o(i.RCC_PLLCmd)
    i.RCC_PLLConfig                          0x08002ea8   Section        0  stm32f4xx_rcc.o(i.RCC_PLLConfig)
    i.RCC_SYSCLKConfig                       0x08002ecc   Section        0  stm32f4xx_rcc.o(i.RCC_SYSCLKConfig)
    i.RCC_WaitForHSEStartUp                  0x08002ee4   Section        0  stm32f4xx_rcc.o(i.RCC_WaitForHSEStartUp)
    i.Reset_Value                            0x08002f1c   Section        0  my_balance.o(i.Reset_Value)
    Reset_Value                              0x08002f1d   Thumb Code   150  my_balance.o(i.Reset_Value)
    i.SBUS_read                              0x08002fc0   Section        0  ugv_sbus.o(i.SBUS_read)
    i.SVC_Handler                            0x0800329c   Section        0  stm32f4xx_it.o(i.SVC_Handler)
    i.SYSCFG_EXTILineConfig                  0x080032a0   Section        0  stm32f4xx_syscfg.o(i.SYSCFG_EXTILineConfig)
    i.Send_Data_ESP                          0x080032e0   Section        0  my_uart_esp.o(i.Send_Data_ESP)
    i.SystemClock_Config                     0x08003380   Section        0  main.o(i.SystemClock_Config)
    SystemClock_Config                       0x08003381   Thumb Code   104  main.o(i.SystemClock_Config)
    i.SystemCoreClockUpdate                  0x080033e8   Section        0  system_stm32f4xx.o(i.SystemCoreClockUpdate)
    i.SystemInit                             0x080034a8   Section        0  system_stm32f4xx.o(i.SystemInit)
    i.TIM1_BRK_TIM9_IRQHandler               0x0800350c   Section        0  my_balance.o(i.TIM1_BRK_TIM9_IRQHandler)
    i.TIM2_IRQHandler                        0x08003528   Section        0  my_antiroll.o(i.TIM2_IRQHandler)
    i.TIM3_IRQHandler                        0x08003550   Section        0  my_can.o(i.TIM3_IRQHandler)
    i.TIM4_IRQHandler                        0x08003570   Section        0  my_antiroll.o(i.TIM4_IRQHandler)
    i.TIM7_IRQHandler                        0x08003628   Section        0  my_mx28.o(i.TIM7_IRQHandler)
    i.TIM_ClearFlag                          0x08003648   Section        0  stm32f4xx_tim.o(i.TIM_ClearFlag)
    i.TIM_ClearITPendingBit                  0x0800364e   Section        0  stm32f4xx_tim.o(i.TIM_ClearITPendingBit)
    i.TIM_Cmd                                0x08003654   Section        0  stm32f4xx_tim.o(i.TIM_Cmd)
    i.TIM_GetCounter                         0x0800366c   Section        0  stm32f4xx_tim.o(i.TIM_GetCounter)
    i.TIM_GetFlagStatus                      0x08003672   Section        0  stm32f4xx_tim.o(i.TIM_GetFlagStatus)
    i.TIM_GetITStatus                        0x08003684   Section        0  stm32f4xx_tim.o(i.TIM_GetITStatus)
    i.TIM_ITConfig                           0x080036a6   Section        0  stm32f4xx_tim.o(i.TIM_ITConfig)
    i.TIM_SetCompare1                        0x080036b8   Section        0  stm32f4xx_tim.o(i.TIM_SetCompare1)
    i.TIM_SetCounter                         0x080036bc   Section        0  stm32f4xx_tim.o(i.TIM_SetCounter)
    i.TIM_TimeBaseInit                       0x080036c0   Section        0  stm32f4xx_tim.o(i.TIM_TimeBaseInit)
    i.UANRO_CCW_Direction                    0x08003744   Section        0  my_antiroll.o(i.UANRO_CCW_Direction)
    UANRO_CCW_Direction                      0x08003745   Thumb Code    24  my_antiroll.o(i.UANRO_CCW_Direction)
    i.UANRO_CW_Direction                     0x08003760   Section        0  my_antiroll.o(i.UANRO_CW_Direction)
    UANRO_CW_Direction                       0x08003761   Thumb Code    24  my_antiroll.o(i.UANRO_CW_Direction)
    i.UANRO_Limit_value                      0x0800377c   Section        0  my_antiroll.o(i.UANRO_Limit_value)
    UANRO_Limit_value                        0x0800377d   Thumb Code    58  my_antiroll.o(i.UANRO_Limit_value)
    i.UANRO_PID_Control_Position             0x080037c4   Section        0  my_antiroll.o(i.UANRO_PID_Control_Position)
    UANRO_PID_Control_Position               0x080037c5   Thumb Code   432  my_antiroll.o(i.UANRO_PID_Control_Position)
    i.UANRO_PWM_Out                          0x0800399c   Section        0  my_antiroll.o(i.UANRO_PWM_Out)
    UANRO_PWM_Out                            0x0800399d   Thumb Code    14  my_antiroll.o(i.UANRO_PWM_Out)
    i.UANRO_ResetEncoder                     0x080039b0   Section        0  my_antiroll.o(i.UANRO_ResetEncoder)
    UANRO_ResetEncoder                       0x080039b1   Thumb Code    26  my_antiroll.o(i.UANRO_ResetEncoder)
    i.UANRO_Stop_Motor                       0x080039d4   Section        0  my_antiroll.o(i.UANRO_Stop_Motor)
    UANRO_Stop_Motor                         0x080039d5   Thumb Code    24  my_antiroll.o(i.UANRO_Stop_Motor)
    i.UART4_ESP_Config                       0x080039f0   Section        0  my_uart_esp.o(i.UART4_ESP_Config)
    i.UBMS40_ArrangeData                     0x08003b38   Section        0  my_bms24v40ah.o(i.UBMS40_ArrangeData)
    i.UBMS40_Checksum                        0x08003bb0   Section        0  my_bms24v40ah.o(i.UBMS40_Checksum)
    i.UBMS40_Convert_Bytes_to_Float          0x08003bce   Section        0  my_bms24v40ah.o(i.UBMS40_Convert_Bytes_to_Float)
    UBMS40_Convert_Bytes_to_Float            0x08003bcf   Thumb Code    32  my_bms24v40ah.o(i.UBMS40_Convert_Bytes_to_Float)
    i.UCAN_Checksum                          0x08003bee   Section        0  my_can.o(i.UCAN_Checksum)
    i.UCAN_Configure                         0x08003c0c   Section        0  my_can.o(i.UCAN_Configure)
    i.UCAN_Convert_Bytes_to_Float            0x08003da8   Section        0  my_can.o(i.UCAN_Convert_Bytes_to_Float)
    i.UCAN_Convert_Float_to_Bytes            0x08003dc8   Section        0  my_can.o(i.UCAN_Convert_Float_to_Bytes)
    i.UCAN_Open_Thruster                     0x08003de8   Section        0  my_can.o(i.UCAN_Open_Thruster)
    i.UCAN_Run_Mass                          0x08003e24   Section        0  my_can.o(i.UCAN_Run_Mass)
    i.UCAN_Run_Mass_Position                 0x08003ea8   Section        0  my_can.o(i.UCAN_Run_Mass_Position)
    i.UCAN_Run_Motor                         0x08003f0c   Section        0  my_can.o(i.UCAN_Run_Motor)
    i.UCAN_Run_Motor_Multi_Mode              0x08004060   Section        0  my_can.o(i.UCAN_Run_Motor_Multi_Mode)
    i.UCAN_Run_Pistol                        0x080040c8   Section        0  my_can.o(i.UCAN_Run_Pistol)
    i.UCAN_Run_Pistol_Position               0x0800414c   Section        0  my_can.o(i.UCAN_Run_Pistol_Position)
    i.UCAN_Run_Thruster                      0x080041b0   Section        0  my_can.o(i.UCAN_Run_Thruster)
    i.UCAN_Send_Data                         0x08004234   Section        0  my_can.o(i.UCAN_Send_Data)
    i.UCAN_Send_End_Frame_ARM2               0x08004418   Section        0  my_can.o(i.UCAN_Send_End_Frame_ARM2)
    i.UCAN_Transmit                          0x08004458   Section        0  my_can.o(i.UCAN_Transmit)
    i.UDELAY_Configuration                   0x080044c0   Section        0  my_delay.o(i.UDELAY_Configuration)
    i.UDELAY_ms                              0x080044e0   Section        0  my_delay.o(i.UDELAY_ms)
    i.UDELAY_us                              0x08004548   Section        0  my_delay.o(i.UDELAY_us)
    i.UDVL_ArrangeData                       0x080045b0   Section        0  my_dvl.o(i.UDVL_ArrangeData)
    i.UHRST_ResetCNT                         0x080045ec   Section        0  my_hardwarereset.o(i.UHRST_ResetCNT)
    i.UIO_Configuration                      0x080045f8   Section        0  my_io.o(i.UIO_Configuration)
    i.UIO_LEDORANGE_OFF                      0x080049ac   Section        0  my_io.o(i.UIO_LEDORANGE_OFF)
    i.UIO_LEDORANGE_ON                       0x080049c0   Section        0  my_io.o(i.UIO_LEDORANGE_ON)
    i.UKELLER_Configuration                  0x080049d4   Section        0  my_keller_pa3.o(i.UKELLER_Configuration)
    i.UKELLER_Convert_Bytes_to_Float         0x08004b20   Section        0  my_keller_pa3.o(i.UKELLER_Convert_Bytes_to_Float)
    UKELLER_Convert_Bytes_to_Float           0x08004b21   Thumb Code    32  my_keller_pa3.o(i.UKELLER_Convert_Bytes_to_Float)
    i.UKELLER_KELLER_Init                    0x08004b40   Section        0  my_keller_pa3.o(i.UKELLER_KELLER_Init)
    i.UKELLER_KELLER_ReadP1                  0x08004c00   Section        0  my_keller_pa3.o(i.UKELLER_KELLER_ReadP1)
    i.UKELLER_KELLER_ReadTOB1                0x08004c48   Section        0  my_keller_pa3.o(i.UKELLER_KELLER_ReadTOB1)
    i.UKELLER_TxData                         0x08004c90   Section        0  my_keller_pa3.o(i.UKELLER_TxData)
    i.UMX28_AnalycsData                      0x08004cb0   Section        0  my_mx28.o(i.UMX28_AnalycsData)
    i.UMX28_CheckSum                         0x08004d68   Section        0  my_mx28.o(i.UMX28_CheckSum)
    i.UMX28_Configuration                    0x08004d8c   Section        0  my_mx28.o(i.UMX28_Configuration)
    i.UMX28_Convert_Byte2Uint                0x08004f30   Section        0  my_mx28.o(i.UMX28_Convert_Byte2Uint)
    i.UMX28_Init                             0x08004f48   Section        0  my_mx28.o(i.UMX28_Init)
    i.UMX28_Transmit                         0x08004f94   Section        0  my_mx28.o(i.UMX28_Transmit)
    i.UMX28_getStallTorque                   0x08004fc4   Section        0  my_mx28.o(i.UMX28_getStallTorque)
    i.UMX28_pingServo                        0x0800501c   Section        0  my_mx28.o(i.UMX28_pingServo)
    i.UMX28_readStatusData                   0x08005050   Section        0  my_mx28.o(i.UMX28_readStatusData)
    i.UMX28_setBaudrate                      0x08005090   Section        0  my_mx28.o(i.UMX28_setBaudrate)
    i.UMX28_setGoalPosition                  0x080050d0   Section        0  my_mx28.o(i.UMX28_setGoalPosition)
    i.UMX28_setMovingSpeed                   0x08005118   Section        0  my_mx28.o(i.UMX28_setMovingSpeed)
    i.USART6_DMA_Rx_Config                   0x08005160   Section        0  ugv_uart_joystick.o(i.USART6_DMA_Rx_Config)
    i.USART_Cmd                              0x08005280   Section        0  stm32f4xx_usart.o(i.USART_Cmd)
    i.USART_DMACmd                           0x08005298   Section        0  stm32f4xx_usart.o(i.USART_DMACmd)
    i.USART_GetFlagStatus                    0x080052aa   Section        0  stm32f4xx_usart.o(i.USART_GetFlagStatus)
    i.USART_Init                             0x080052c4   Section        0  stm32f4xx_usart.o(i.USART_Init)
    i.USART_ReceiveData                      0x08005398   Section        0  stm32f4xx_usart.o(i.USART_ReceiveData)
    i.USART_SendData                         0x080053a2   Section        0  stm32f4xx_usart.o(i.USART_SendData)
    i.Update_Fuzzy_Data                      0x080053ac   Section        0  my_uart_esp.o(i.Update_Fuzzy_Data)
    i.UsageFault_Handler                     0x08005490   Section        0  stm32f4xx_it.o(i.UsageFault_Handler)
    i.WWDG_ClearFlag                         0x08005494   Section        0  stm32f4xx_wwdg.o(i.WWDG_ClearFlag)
    i.WWDG_IRQHandler                        0x080054a0   Section        0  my_hardwarereset.o(i.WWDG_IRQHandler)
    i.WWDG_SetCounter                        0x080054ac   Section        0  stm32f4xx_wwdg.o(i.WWDG_SetCounter)
    i.__ARM_fpclassify                       0x080054bc   Section        0  fpclassify.o(i.__ARM_fpclassify)
    i.__hardfp_exp                           0x080054f0   Section        0  exp.o(i.__hardfp_exp)
    i.__kernel_poly                          0x08005848   Section        0  poly.o(i.__kernel_poly)
    i.__mathlib_dbl_infnan                   0x08005940   Section        0  dunder.o(i.__mathlib_dbl_infnan)
    i.__mathlib_dbl_overflow                 0x08005958   Section        0  dunder.o(i.__mathlib_dbl_overflow)
    i.__mathlib_dbl_underflow                0x08005978   Section        0  dunder.o(i.__mathlib_dbl_underflow)
    i.__scatterload_copy                     0x08005998   Section       14  handlers.o(i.__scatterload_copy)
    i.__scatterload_null                     0x080059a6   Section        2  handlers.o(i.__scatterload_null)
    i.__scatterload_zeroinit                 0x080059a8   Section       14  handlers.o(i.__scatterload_zeroinit)
    i.__set_errno                            0x080059b8   Section        0  errno.o(i.__set_errno)
    i.main                                   0x080059c4   Section        0  main.o(i.main)
    i.map                                    0x08005a54   Section        0  ugv_sbus.o(i.map)
    i.map_Ecap                               0x08005a6c   Section        0  ugv_sbus.o(i.map_Ecap)
    i.map_double                             0x08005b14   Section        0  ugv_sbus.o(i.map_double)
    i.map_float                              0x08005bb0   Section        0  ugv_sbus.o(i.map_float)
    i.min                                    0x08005bce   Section        0  my_balance.o(i.min)
    min                                      0x08005bcf   Thumb Code    26  my_balance.o(i.min)
    i.rad2do                                 0x08005be8   Section        0  my_balance.o(i.rad2do)
    rad2do                                   0x08005be9   Thumb Code    68  my_balance.o(i.rad2do)
    i.x2xdot                                 0x08005c3c   Section        0  my_balance.o(i.x2xdot)
    .constdata                               0x08005ca0   Section       32  ugv_sbus.o(.constdata)
    .constdata                               0x08005cc0   Section       24  system_stm32f4xx.o(.constdata)
    .constdata                               0x08005cd8   Section       88  exp.o(.constdata)
    halF                                     0x08005cd8   Data          16  exp.o(.constdata)
    ln2HI                                    0x08005ce8   Data          16  exp.o(.constdata)
    ln2LO                                    0x08005cf8   Data          16  exp.o(.constdata)
    P                                        0x08005d08   Data          40  exp.o(.constdata)
    .data                                    0x20000000   Section      108  my_can.o(.data)
    _need_respond_data                       0x20000000   Data           1  my_can.o(.data)
    _system_ready                            0x20000001   Data           1  my_can.o(.data)
    _need_system_ready                       0x20000002   Data           1  my_can.o(.data)
    _IDCANBUS_ARM_1                          0x20000004   Data           4  my_can.o(.data)
    _IDCANBUS_ARM_2                          0x20000008   Data           4  my_can.o(.data)
    _IDCANBUS_THRUSTER                       0x2000000c   Data           4  my_can.o(.data)
    _IDCANBUS_PISTOL                         0x20000010   Data           4  my_can.o(.data)
    _IDCANBUS_MASS_SHIFTER                   0x20000014   Data           4  my_can.o(.data)
    _IDCANBUS_EPC                            0x20000018   Data           4  my_can.o(.data)
    _MASKCANBUS_ARM_2                        0x2000001c   Data           4  my_can.o(.data)
    Rudder_Counter                           0x2000003c   Data           1  my_can.o(.data)
    .data                                    0x2000006c   Section        5  my_io.o(.data)
    .data                                    0x20000074   Section       12  my_keller_pa3.o(.data)
    Mode                                     0x20000074   Data           1  my_keller_pa3.o(.data)
    .data                                    0x20000080   Section       64  my_antiroll.o(.data)
    pulse                                    0x20000084   Data           4  my_antiroll.o(.data)
    error                                    0x20000088   Data           4  my_antiroll.o(.data)
    error1                                   0x2000008c   Data           4  my_antiroll.o(.data)
    error2                                   0x20000090   Data           4  my_antiroll.o(.data)
    value                                    0x20000094   Data           4  my_antiroll.o(.data)
    .data                                    0x200000c0   Section       32  ugv_uart_joystick.o(.data)
    .data                                    0x200000e0   Section       88  my_balance.o(.data)
    error                                    0x2000010c   Data           4  my_balance.o(.data)
    pre_error                                0x20000110   Data           4  my_balance.o(.data)
    errordot                                 0x20000114   Data           4  my_balance.o(.data)
    error_filtered                           0x20000118   Data           4  my_balance.o(.data)
    errordot_filtered                        0x2000011c   Data           4  my_balance.o(.data)
    _sample_count                            0x20000120   Data           1  my_balance.o(.data)
    test                                     0x20000124   Data           4  my_balance.o(.data)
    .data                                    0x20000138   Section        9  my_uart_esp.o(.data)
    UART_ESP_DMABuffer                       0x2000013c   Data           5  my_uart_esp.o(.data)
    .data                                    0x20000141   Section       16  stm32f4xx_rcc.o(.data)
    APBAHBPrescTable                         0x20000141   Data          16  stm32f4xx_rcc.o(.data)
    .data                                    0x20000154   Section        4  system_stm32f4xx.o(.data)
    .data                                    0x20000158   Section        4  errno.o(.data)
    _errno                                   0x20000158   Data           4  errno.o(.data)
    .bss                                     0x2000015c   Section       72  main.o(.bss)
    .bss                                     0x200001a4   Section       12  my_delay.o(.bss)
    TIM_TimeBaseStructure                    0x200001a4   Data          12  my_delay.o(.bss)
    .bss                                     0x200001b0   Section       32  my_can.o(.bss)
    .bss                                     0x200001d0   Section       96  my_bms24v40ah.o(.bss)
    UBMS40_DMABuffer                         0x200001d0   Data          36  my_bms24v40ah.o(.bss)
    UBMS40_DataBuffer                        0x200001f4   Data          36  my_bms24v40ah.o(.bss)
    .bss                                     0x20000230   Section       76  my_dvl.o(.bss)
    UDVL_DMABuffer                           0x20000230   Data          38  my_dvl.o(.bss)
    UDVL_DataBuffer                          0x20000256   Data          38  my_dvl.o(.bss)
    .bss                                     0x2000027c   Section       48  my_mx28.o(.bss)
    UMX28_DMABuffer                          0x2000027c   Data          14  my_mx28.o(.bss)
    UMX28_DataBuffer                         0x2000028a   Data          14  my_mx28.o(.bss)
    .bss                                     0x200002ac   Section       18  my_keller_pa3.o(.bss)
    SC_Buffer                                0x200002ac   Data           9  my_keller_pa3.o(.bss)
    UKELLER_DMABuffer                        0x200002b5   Data           9  my_keller_pa3.o(.bss)
    .bss                                     0x200002be   Section      300  ugv_uart_joystick.o(.bss)
    .bss                                     0x200003ec   Section      148  my_balance.o(.bss)
    .bss                                     0x20000480   Section       12  my_uart_esp.o(.bss)
    package                                  0x20000480   Data          12  my_uart_esp.o(.bss)
    STACK                                    0x20000490   Section     4095  startup_stm32f407xx.o(STACK)

    Global Symbols

    Symbol Name                              Value     Ov Type        Size  Object(Section)

    BuildAttributes$$THM_ISAv4$E$P$D$K$B$S$7EM$VFPi3$EXTD16$VFPS$VFMA$PE$A:L22UL41UL21$X:L11$S22US41US21$IEEE1$IW$USESV6$~STKCKD$USESV7$~SHL$OTIME$ROPI$IEEEX$EBA8$MICROLIB$REQ8$PRES8$EABIv2 0x00000000   Number         0  anon$$obj.o ABSOLUTE
    __ARM_use_no_argv                        0x00000000   Number         0  main.o ABSOLUTE
    __arm_fini_                               - Undefined Weak Reference
    __cpp_initialize__aeabi_                  - Undefined Weak Reference
    __cxa_finalize                            - Undefined Weak Reference
    _clock_init                               - Undefined Weak Reference
    _microlib_exit                            - Undefined Weak Reference
    __Vectors_Size                           0x00000188   Number         0  startup_stm32f407xx.o ABSOLUTE
    __Vectors                                0x08000000   Data           4  startup_stm32f407xx.o(RESET)
    __Vectors_End                            0x08000188   Data           0  startup_stm32f407xx.o(RESET)
    __main                                   0x08000189   Thumb Code     0  entry.o(.ARM.Collect$$$$00000000)
    _main_stk                                0x08000189   Thumb Code     0  entry2.o(.ARM.Collect$$$$00000001)
    _main_scatterload                        0x0800018d   Thumb Code     0  entry5.o(.ARM.Collect$$$$00000004)
    __main_after_scatterload                 0x08000191   Thumb Code     0  entry5.o(.ARM.Collect$$$$00000004)
    _main_clock                              0x08000191   Thumb Code     0  entry7b.o(.ARM.Collect$$$$00000008)
    _main_cpp_init                           0x08000191   Thumb Code     0  entry8b.o(.ARM.Collect$$$$0000000A)
    _main_init                               0x08000191   Thumb Code     0  entry9a.o(.ARM.Collect$$$$0000000B)
    __rt_lib_shutdown_fini                   0x08000199   Thumb Code     0  entry12b.o(.ARM.Collect$$$$0000000E)
    __rt_final_cpp                           0x0800019d   Thumb Code     0  entry10a.o(.ARM.Collect$$$$0000000F)
    __rt_final_exit                          0x0800019d   Thumb Code     0  entry11a.o(.ARM.Collect$$$$00000011)
    Reset_Handler                            0x080001a1   Thumb Code     8  startup_stm32f407xx.o(.text)
    SysTick_Handler                          0x080001b9   Thumb Code     2  startup_stm32f407xx.o(.text)
    ADC_IRQHandler                           0x080001bb   Thumb Code     0  startup_stm32f407xx.o(.text)
    CAN1_RX1_IRQHandler                      0x080001bb   Thumb Code     0  startup_stm32f407xx.o(.text)
    CAN1_SCE_IRQHandler                      0x080001bb   Thumb Code     0  startup_stm32f407xx.o(.text)
    CAN1_TX_IRQHandler                       0x080001bb   Thumb Code     0  startup_stm32f407xx.o(.text)
    CAN2_RX0_IRQHandler                      0x080001bb   Thumb Code     0  startup_stm32f407xx.o(.text)
    CAN2_RX1_IRQHandler                      0x080001bb   Thumb Code     0  startup_stm32f407xx.o(.text)
    CAN2_SCE_IRQHandler                      0x080001bb   Thumb Code     0  startup_stm32f407xx.o(.text)
    CAN2_TX_IRQHandler                       0x080001bb   Thumb Code     0  startup_stm32f407xx.o(.text)
    DCMI_IRQHandler                          0x080001bb   Thumb Code     0  startup_stm32f407xx.o(.text)
    DMA1_Stream3_IRQHandler                  0x080001bb   Thumb Code     0  startup_stm32f407xx.o(.text)
    DMA1_Stream4_IRQHandler                  0x080001bb   Thumb Code     0  startup_stm32f407xx.o(.text)
    DMA1_Stream6_IRQHandler                  0x080001bb   Thumb Code     0  startup_stm32f407xx.o(.text)
    DMA1_Stream7_IRQHandler                  0x080001bb   Thumb Code     0  startup_stm32f407xx.o(.text)
    DMA2_Stream2_IRQHandler                  0x080001bb   Thumb Code     0  startup_stm32f407xx.o(.text)
    DMA2_Stream3_IRQHandler                  0x080001bb   Thumb Code     0  startup_stm32f407xx.o(.text)
    DMA2_Stream4_IRQHandler                  0x080001bb   Thumb Code     0  startup_stm32f407xx.o(.text)
    DMA2_Stream6_IRQHandler                  0x080001bb   Thumb Code     0  startup_stm32f407xx.o(.text)
    DMA2_Stream7_IRQHandler                  0x080001bb   Thumb Code     0  startup_stm32f407xx.o(.text)
    ETH_IRQHandler                           0x080001bb   Thumb Code     0  startup_stm32f407xx.o(.text)
    ETH_WKUP_IRQHandler                      0x080001bb   Thumb Code     0  startup_stm32f407xx.o(.text)
    EXTI0_IRQHandler                         0x080001bb   Thumb Code     0  startup_stm32f407xx.o(.text)
    EXTI1_IRQHandler                         0x080001bb   Thumb Code     0  startup_stm32f407xx.o(.text)
    EXTI2_IRQHandler                         0x080001bb   Thumb Code     0  startup_stm32f407xx.o(.text)
    EXTI3_IRQHandler                         0x080001bb   Thumb Code     0  startup_stm32f407xx.o(.text)
    EXTI4_IRQHandler                         0x080001bb   Thumb Code     0  startup_stm32f407xx.o(.text)
    EXTI9_5_IRQHandler                       0x080001bb   Thumb Code     0  startup_stm32f407xx.o(.text)
    FLASH_IRQHandler                         0x080001bb   Thumb Code     0  startup_stm32f407xx.o(.text)
    FMC_IRQHandler                           0x080001bb   Thumb Code     0  startup_stm32f407xx.o(.text)
    FPU_IRQHandler                           0x080001bb   Thumb Code     0  startup_stm32f407xx.o(.text)
    HASH_RNG_IRQHandler                      0x080001bb   Thumb Code     0  startup_stm32f407xx.o(.text)
    I2C1_ER_IRQHandler                       0x080001bb   Thumb Code     0  startup_stm32f407xx.o(.text)
    I2C1_EV_IRQHandler                       0x080001bb   Thumb Code     0  startup_stm32f407xx.o(.text)
    I2C2_ER_IRQHandler                       0x080001bb   Thumb Code     0  startup_stm32f407xx.o(.text)
    I2C2_EV_IRQHandler                       0x080001bb   Thumb Code     0  startup_stm32f407xx.o(.text)
    I2C3_ER_IRQHandler                       0x080001bb   Thumb Code     0  startup_stm32f407xx.o(.text)
    I2C3_EV_IRQHandler                       0x080001bb   Thumb Code     0  startup_stm32f407xx.o(.text)
    OTG_FS_IRQHandler                        0x080001bb   Thumb Code     0  startup_stm32f407xx.o(.text)
    OTG_FS_WKUP_IRQHandler                   0x080001bb   Thumb Code     0  startup_stm32f407xx.o(.text)
    OTG_HS_EP1_IN_IRQHandler                 0x080001bb   Thumb Code     0  startup_stm32f407xx.o(.text)
    OTG_HS_EP1_OUT_IRQHandler                0x080001bb   Thumb Code     0  startup_stm32f407xx.o(.text)
    OTG_HS_IRQHandler                        0x080001bb   Thumb Code     0  startup_stm32f407xx.o(.text)
    OTG_HS_WKUP_IRQHandler                   0x080001bb   Thumb Code     0  startup_stm32f407xx.o(.text)
    PVD_IRQHandler                           0x080001bb   Thumb Code     0  startup_stm32f407xx.o(.text)
    RCC_IRQHandler                           0x080001bb   Thumb Code     0  startup_stm32f407xx.o(.text)
    RTC_Alarm_IRQHandler                     0x080001bb   Thumb Code     0  startup_stm32f407xx.o(.text)
    RTC_WKUP_IRQHandler                      0x080001bb   Thumb Code     0  startup_stm32f407xx.o(.text)
    SDIO_IRQHandler                          0x080001bb   Thumb Code     0  startup_stm32f407xx.o(.text)
    SPI1_IRQHandler                          0x080001bb   Thumb Code     0  startup_stm32f407xx.o(.text)
    SPI2_IRQHandler                          0x080001bb   Thumb Code     0  startup_stm32f407xx.o(.text)
    SPI3_IRQHandler                          0x080001bb   Thumb Code     0  startup_stm32f407xx.o(.text)
    TAMP_STAMP_IRQHandler                    0x080001bb   Thumb Code     0  startup_stm32f407xx.o(.text)
    TIM1_CC_IRQHandler                       0x080001bb   Thumb Code     0  startup_stm32f407xx.o(.text)
    TIM1_TRG_COM_TIM11_IRQHandler            0x080001bb   Thumb Code     0  startup_stm32f407xx.o(.text)
    TIM1_UP_TIM10_IRQHandler                 0x080001bb   Thumb Code     0  startup_stm32f407xx.o(.text)
    TIM5_IRQHandler                          0x080001bb   Thumb Code     0  startup_stm32f407xx.o(.text)
    TIM6_DAC_IRQHandler                      0x080001bb   Thumb Code     0  startup_stm32f407xx.o(.text)
    TIM8_BRK_TIM12_IRQHandler                0x080001bb   Thumb Code     0  startup_stm32f407xx.o(.text)
    TIM8_CC_IRQHandler                       0x080001bb   Thumb Code     0  startup_stm32f407xx.o(.text)
    TIM8_TRG_COM_TIM14_IRQHandler            0x080001bb   Thumb Code     0  startup_stm32f407xx.o(.text)
    TIM8_UP_TIM13_IRQHandler                 0x080001bb   Thumb Code     0  startup_stm32f407xx.o(.text)
    UART4_IRQHandler                         0x080001bb   Thumb Code     0  startup_stm32f407xx.o(.text)
    UART5_IRQHandler                         0x080001bb   Thumb Code     0  startup_stm32f407xx.o(.text)
    USART1_IRQHandler                        0x080001bb   Thumb Code     0  startup_stm32f407xx.o(.text)
    USART2_IRQHandler                        0x080001bb   Thumb Code     0  startup_stm32f407xx.o(.text)
    USART3_IRQHandler                        0x080001bb   Thumb Code     0  startup_stm32f407xx.o(.text)
    USART6_IRQHandler                        0x080001bb   Thumb Code     0  startup_stm32f407xx.o(.text)
    __aeabi_dadd                             0x080001c5   Thumb Code   322  dadd.o(.text)
    __aeabi_dsub                             0x08000307   Thumb Code     6  dadd.o(.text)
    __aeabi_drsub                            0x0800030d   Thumb Code     6  dadd.o(.text)
    __aeabi_dmul                             0x08000313   Thumb Code   228  dmul.o(.text)
    __aeabi_ddiv                             0x080003f7   Thumb Code   222  ddiv.o(.text)
    __aeabi_i2d                              0x080004d5   Thumb Code    34  dflti.o(.text)
    __aeabi_ui2d                             0x080004f7   Thumb Code    26  dfltui.o(.text)
    __aeabi_d2iz                             0x08000511   Thumb Code    62  dfixi.o(.text)
    __aeabi_d2uiz                            0x0800054f   Thumb Code    50  dfixui.o(.text)
    __aeabi_f2d                              0x08000581   Thumb Code    38  f2d.o(.text)
    __aeabi_cdrcmple                         0x080005a9   Thumb Code    48  cdrcmple.o(.text)
    __aeabi_d2f                              0x080005d9   Thumb Code    56  d2f.o(.text)
    __aeabi_llsl                             0x08000611   Thumb Code    30  llshl.o(.text)
    _ll_shift_l                              0x08000611   Thumb Code     0  llshl.o(.text)
    __aeabi_llsr                             0x0800062f   Thumb Code    32  llushr.o(.text)
    _ll_ushift_r                             0x0800062f   Thumb Code     0  llushr.o(.text)
    __aeabi_lasr                             0x0800064f   Thumb Code    36  llsshr.o(.text)
    _ll_sshift_r                             0x0800064f   Thumb Code     0  llsshr.o(.text)
    __I$use$fp                               0x08000673   Thumb Code     0  iusefp.o(.text)
    _float_round                             0x08000673   Thumb Code    18  fepilogue.o(.text)
    _float_epilogue                          0x08000685   Thumb Code    92  fepilogue.o(.text)
    _double_round                            0x080006e1   Thumb Code    30  depilogue.o(.text)
    _double_epilogue                         0x080006ff   Thumb Code   156  depilogue.o(.text)
    __aeabi_cdcmpeq                          0x0800079d   Thumb Code     0  cdcmple.o(.text)
    __aeabi_cdcmple                          0x0800079d   Thumb Code    48  cdcmple.o(.text)
    __scatterload                            0x080007cd   Thumb Code    28  init.o(.text)
    __scatterload_rt2                        0x080007cd   Thumb Code     0  init.o(.text)
    __decompress                             0x080007f1   Thumb Code     0  __dczerorl2.o(.text)
    __decompress1                            0x080007f1   Thumb Code    86  __dczerorl2.o(.text)
    ARM2_Init                                0x08000849   Thumb Code    58  main.o(i.ARM2_Init)
    Balance_Mode                             0x08000899   Thumb Code   270  my_can.o(i.Balance_Mode)
    Balance_Operation                        0x080009c5   Thumb Code   232  my_balance.o(i.Balance_Operation)
    BusFault_Handler                         0x08000ae9   Thumb Code     4  stm32f4xx_it.o(i.BusFault_Handler)
    CAN1_RX0_IRQHandler                      0x08000aed   Thumb Code   690  my_can.o(i.CAN1_RX0_IRQHandler)
    CAN_DeInit                               0x08000de1   Thumb Code    50  stm32f4xx_can.o(i.CAN_DeInit)
    CAN_FIFORelease                          0x08000e19   Thumb Code    22  stm32f4xx_can.o(i.CAN_FIFORelease)
    CAN_FilterInit                           0x08000e31   Thumb Code   258  stm32f4xx_can.o(i.CAN_FilterInit)
    CAN_ITConfig                             0x08000f39   Thumb Code    18  stm32f4xx_can.o(i.CAN_ITConfig)
    CAN_Init                                 0x08000f4b   Thumb Code   276  stm32f4xx_can.o(i.CAN_Init)
    CAN_MessagePending                       0x0800105f   Thumb Code    30  stm32f4xx_can.o(i.CAN_MessagePending)
    CAN_Receive                              0x0800107d   Thumb Code   240  stm32f4xx_can.o(i.CAN_Receive)
    CAN_Transmit                             0x0800116d   Thumb Code   294  stm32f4xx_can.o(i.CAN_Transmit)
    CAN_TransmitStatus                       0x08001295   Thumb Code   138  stm32f4xx_can.o(i.CAN_TransmitStatus)
    CalcCRC16                                0x08001335   Thumb Code    94  my_keller_pa3.o(i.CalcCRC16)
    DMA1_Stream0_IRQHandler                  0x08001561   Thumb Code   196  my_bms24v40ah.o(i.DMA1_Stream0_IRQHandler)
    DMA1_Stream1_IRQHandler                  0x0800163d   Thumb Code   132  my_keller_pa3.o(i.DMA1_Stream1_IRQHandler)
    DMA1_Stream2_IRQHandler                  0x080016d5   Thumb Code    44  my_uart_esp.o(i.DMA1_Stream2_IRQHandler)
    DMA1_Stream5_IRQHandler                  0x08001715   Thumb Code   448  my_mx28.o(i.DMA1_Stream5_IRQHandler)
    DMA2_Stream0_IRQHandler                  0x08001901   Thumb Code    20  my_adc.o(i.DMA2_Stream0_IRQHandler)
    DMA2_Stream1_IRQHandler                  0x08001921   Thumb Code    38  ugv_uart_joystick.o(i.DMA2_Stream1_IRQHandler)
    DMA2_Stream5_IRQHandler                  0x08001969   Thumb Code    30  my_dvl.o(i.DMA2_Stream5_IRQHandler)
    DMA_ClearITPendingBit                    0x0800199d   Thumb Code    38  stm32f4xx_dma.o(i.DMA_ClearITPendingBit)
    DMA_Cmd                                  0x080019d1   Thumb Code    22  stm32f4xx_dma.o(i.DMA_Cmd)
    DMA_GetITStatus                          0x080019e9   Thumb Code    82  stm32f4xx_dma.o(i.DMA_GetITStatus)
    DMA_ITConfig                             0x08001a4d   Thumb Code    58  stm32f4xx_dma.o(i.DMA_ITConfig)
    DMA_Init                                 0x08001a89   Thumb Code    82  stm32f4xx_dma.o(i.DMA_Init)
    DebugMon_Handler                         0x08001ae1   Thumb Code     2  stm32f4xx_it.o(i.DebugMon_Handler)
    Defuzzy_Result                           0x08001ae5   Thumb Code   960  my_balance.o(i.Defuzzy_Result)
    Diving_Mode_U                            0x08001eb5   Thumb Code   582  my_can.o(i.Diving_Mode_U)
    Diving_Mode_V                            0x08002121   Thumb Code   400  my_can.o(i.Diving_Mode_V)
    EXTI15_10_IRQHandler                     0x080022cd   Thumb Code   114  my_io.o(i.EXTI15_10_IRQHandler)
    EXTI_ClearITPendingBit                   0x08002355   Thumb Code     6  stm32f4xx_exti.o(i.EXTI_ClearITPendingBit)
    EXTI_GetITStatus                         0x08002361   Thumb Code    20  stm32f4xx_exti.o(i.EXTI_GetITStatus)
    EXTI_Init                                0x08002379   Thumb Code   142  stm32f4xx_exti.o(i.EXTI_Init)
    FLASH_SetLatency                         0x0800240d   Thumb Code     6  stm32f4xx_flash.o(i.FLASH_SetLatency)
    Fuzzy_Result                             0x08002525   Thumb Code   484  my_balance.o(i.Fuzzy_Result)
    GPIO_Init                                0x080027a5   Thumb Code   144  stm32f4xx_gpio.o(i.GPIO_Init)
    GPIO_PinAFConfig                         0x08002835   Thumb Code    70  stm32f4xx_gpio.o(i.GPIO_PinAFConfig)
    GPIO_ResetBits                           0x0800287b   Thumb Code     4  stm32f4xx_gpio.o(i.GPIO_ResetBits)
    GPIO_SetBits                             0x0800287f   Thumb Code     4  stm32f4xx_gpio.o(i.GPIO_SetBits)
    HardFault_Handler                        0x08002883   Thumb Code     4  stm32f4xx_it.o(i.HardFault_Handler)
    Jetson_Mode                              0x08002889   Thumb Code    62  my_can.o(i.Jetson_Mode)
    Main_Operation                           0x080028d1   Thumb Code   224  my_can.o(i.Main_Operation)
    MemManage_Handler                        0x080029e5   Thumb Code     4  stm32f4xx_it.o(i.MemManage_Handler)
    Membership_Function_Declaration          0x080029e9   Thumb Code   230  my_balance.o(i.Membership_Function_Declaration)
    NMI_Handler                              0x08002b09   Thumb Code     2  stm32f4xx_it.o(i.NMI_Handler)
    NVIC_Init                                0x08002b0d   Thumb Code   106  misc.o(i.NVIC_Init)
    Pack                                     0x08002b85   Thumb Code   138  my_uart_esp.o(i.Pack)
    PendSV_Handler                           0x08002c35   Thumb Code     2  stm32f4xx_it.o(i.PendSV_Handler)
    RCC_AHB1PeriphClockCmd                   0x08002c39   Thumb Code    26  stm32f4xx_rcc.o(i.RCC_AHB1PeriphClockCmd)
    RCC_APB1PeriphClockCmd                   0x08002c59   Thumb Code    26  stm32f4xx_rcc.o(i.RCC_APB1PeriphClockCmd)
    RCC_APB1PeriphResetCmd                   0x08002c79   Thumb Code    26  stm32f4xx_rcc.o(i.RCC_APB1PeriphResetCmd)
    RCC_APB2PeriphClockCmd                   0x08002c99   Thumb Code    26  stm32f4xx_rcc.o(i.RCC_APB2PeriphClockCmd)
    RCC_DeInit                               0x08002cb9   Thumb Code    82  stm32f4xx_rcc.o(i.RCC_DeInit)
    RCC_GetClocksFreq                        0x08002d1d   Thumb Code   214  stm32f4xx_rcc.o(i.RCC_GetClocksFreq)
    RCC_GetFlagStatus                        0x08002e05   Thumb Code    60  stm32f4xx_rcc.o(i.RCC_GetFlagStatus)
    RCC_HCLKConfig                           0x08002e45   Thumb Code    18  stm32f4xx_rcc.o(i.RCC_HCLKConfig)
    RCC_HSEConfig                            0x08002e5d   Thumb Code    12  stm32f4xx_rcc.o(i.RCC_HSEConfig)
    RCC_PCLK1Config                          0x08002e6d   Thumb Code    18  stm32f4xx_rcc.o(i.RCC_PCLK1Config)
    RCC_PCLK2Config                          0x08002e85   Thumb Code    20  stm32f4xx_rcc.o(i.RCC_PCLK2Config)
    RCC_PLLCmd                               0x08002e9d   Thumb Code     6  stm32f4xx_rcc.o(i.RCC_PLLCmd)
    RCC_PLLConfig                            0x08002ea9   Thumb Code    30  stm32f4xx_rcc.o(i.RCC_PLLConfig)
    RCC_SYSCLKConfig                         0x08002ecd   Thumb Code    18  stm32f4xx_rcc.o(i.RCC_SYSCLKConfig)
    RCC_WaitForHSEStartUp                    0x08002ee5   Thumb Code    56  stm32f4xx_rcc.o(i.RCC_WaitForHSEStartUp)
    SBUS_read                                0x08002fc1   Thumb Code   688  ugv_sbus.o(i.SBUS_read)
    SVC_Handler                              0x0800329d   Thumb Code     2  stm32f4xx_it.o(i.SVC_Handler)
    SYSCFG_EXTILineConfig                    0x080032a1   Thumb Code    60  stm32f4xx_syscfg.o(i.SYSCFG_EXTILineConfig)
    Send_Data_ESP                            0x080032e1   Thumb Code   140  my_uart_esp.o(i.Send_Data_ESP)
    SystemCoreClockUpdate                    0x080033e9   Thumb Code   170  system_stm32f4xx.o(i.SystemCoreClockUpdate)
    SystemInit                               0x080034a9   Thumb Code    82  system_stm32f4xx.o(i.SystemInit)
    TIM1_BRK_TIM9_IRQHandler                 0x0800350d   Thumb Code    22  my_balance.o(i.TIM1_BRK_TIM9_IRQHandler)
    TIM2_IRQHandler                          0x08003529   Thumb Code    36  my_antiroll.o(i.TIM2_IRQHandler)
    TIM3_IRQHandler                          0x08003551   Thumb Code    26  my_can.o(i.TIM3_IRQHandler)
    TIM4_IRQHandler                          0x08003571   Thumb Code   138  my_antiroll.o(i.TIM4_IRQHandler)
    TIM7_IRQHandler                          0x08003629   Thumb Code    28  my_mx28.o(i.TIM7_IRQHandler)
    TIM_ClearFlag                            0x08003649   Thumb Code     6  stm32f4xx_tim.o(i.TIM_ClearFlag)
    TIM_ClearITPendingBit                    0x0800364f   Thumb Code     6  stm32f4xx_tim.o(i.TIM_ClearITPendingBit)
    TIM_Cmd                                  0x08003655   Thumb Code    24  stm32f4xx_tim.o(i.TIM_Cmd)
    TIM_GetCounter                           0x0800366d   Thumb Code     6  stm32f4xx_tim.o(i.TIM_GetCounter)
    TIM_GetFlagStatus                        0x08003673   Thumb Code    18  stm32f4xx_tim.o(i.TIM_GetFlagStatus)
    TIM_GetITStatus                          0x08003685   Thumb Code    34  stm32f4xx_tim.o(i.TIM_GetITStatus)
    TIM_ITConfig                             0x080036a7   Thumb Code    18  stm32f4xx_tim.o(i.TIM_ITConfig)
    TIM_SetCompare1                          0x080036b9   Thumb Code     4  stm32f4xx_tim.o(i.TIM_SetCompare1)
    TIM_SetCounter                           0x080036bd   Thumb Code     4  stm32f4xx_tim.o(i.TIM_SetCounter)
    TIM_TimeBaseInit                         0x080036c1   Thumb Code   104  stm32f4xx_tim.o(i.TIM_TimeBaseInit)
    UART4_ESP_Config                         0x080039f1   Thumb Code   312  my_uart_esp.o(i.UART4_ESP_Config)
    UBMS40_ArrangeData                       0x08003b39   Thumb Code   120  my_bms24v40ah.o(i.UBMS40_ArrangeData)
    UBMS40_Checksum                          0x08003bb1   Thumb Code    30  my_bms24v40ah.o(i.UBMS40_Checksum)
    UCAN_Checksum                            0x08003bef   Thumb Code    30  my_can.o(i.UCAN_Checksum)
    UCAN_Configure                           0x08003c0d   Thumb Code   392  my_can.o(i.UCAN_Configure)
    UCAN_Convert_Bytes_to_Float              0x08003da9   Thumb Code    32  my_can.o(i.UCAN_Convert_Bytes_to_Float)
    UCAN_Convert_Float_to_Bytes              0x08003dc9   Thumb Code    32  my_can.o(i.UCAN_Convert_Float_to_Bytes)
    UCAN_Open_Thruster                       0x08003de9   Thumb Code    52  my_can.o(i.UCAN_Open_Thruster)
    UCAN_Run_Mass                            0x08003e25   Thumb Code   118  my_can.o(i.UCAN_Run_Mass)
    UCAN_Run_Mass_Position                   0x08003ea9   Thumb Code    88  my_can.o(i.UCAN_Run_Mass_Position)
    UCAN_Run_Motor                           0x08003f0d   Thumb Code   314  my_can.o(i.UCAN_Run_Motor)
    UCAN_Run_Motor_Multi_Mode                0x08004061   Thumb Code    92  my_can.o(i.UCAN_Run_Motor_Multi_Mode)
    UCAN_Run_Pistol                          0x080040c9   Thumb Code   118  my_can.o(i.UCAN_Run_Pistol)
    UCAN_Run_Pistol_Position                 0x0800414d   Thumb Code    88  my_can.o(i.UCAN_Run_Pistol_Position)
    UCAN_Run_Thruster                        0x080041b1   Thumb Code   118  my_can.o(i.UCAN_Run_Thruster)
    UCAN_Send_Data                           0x08004235   Thumb Code   436  my_can.o(i.UCAN_Send_Data)
    UCAN_Send_End_Frame_ARM2                 0x08004419   Thumb Code    56  my_can.o(i.UCAN_Send_End_Frame_ARM2)
    UCAN_Transmit                            0x08004459   Thumb Code    98  my_can.o(i.UCAN_Transmit)
    UDELAY_Configuration                     0x080044c1   Thumb Code    24  my_delay.o(i.UDELAY_Configuration)
    UDELAY_ms                                0x080044e1   Thumb Code    88  my_delay.o(i.UDELAY_ms)
    UDELAY_us                                0x08004549   Thumb Code    86  my_delay.o(i.UDELAY_us)
    UDVL_ArrangeData                         0x080045b1   Thumb Code    60  my_dvl.o(i.UDVL_ArrangeData)
    UHRST_ResetCNT                           0x080045ed   Thumb Code    10  my_hardwarereset.o(i.UHRST_ResetCNT)
    UIO_Configuration                        0x080045f9   Thumb Code   934  my_io.o(i.UIO_Configuration)
    UIO_LEDORANGE_OFF                        0x080049ad   Thumb Code    14  my_io.o(i.UIO_LEDORANGE_OFF)
    UIO_LEDORANGE_ON                         0x080049c1   Thumb Code    14  my_io.o(i.UIO_LEDORANGE_ON)
    UKELLER_Configuration                    0x080049d5   Thumb Code   314  my_keller_pa3.o(i.UKELLER_Configuration)
    UKELLER_KELLER_Init                      0x08004b41   Thumb Code   180  my_keller_pa3.o(i.UKELLER_KELLER_Init)
    UKELLER_KELLER_ReadP1                    0x08004c01   Thumb Code    64  my_keller_pa3.o(i.UKELLER_KELLER_ReadP1)
    UKELLER_KELLER_ReadTOB1                  0x08004c49   Thumb Code    64  my_keller_pa3.o(i.UKELLER_KELLER_ReadTOB1)
    UKELLER_TxData                           0x08004c91   Thumb Code    28  my_keller_pa3.o(i.UKELLER_TxData)
    UMX28_AnalycsData                        0x08004cb1   Thumb Code   184  my_mx28.o(i.UMX28_AnalycsData)
    UMX28_CheckSum                           0x08004d69   Thumb Code    36  my_mx28.o(i.UMX28_CheckSum)
    UMX28_Configuration                      0x08004d8d   Thumb Code   398  my_mx28.o(i.UMX28_Configuration)
    UMX28_Convert_Byte2Uint                  0x08004f31   Thumb Code    22  my_mx28.o(i.UMX28_Convert_Byte2Uint)
    UMX28_Init                               0x08004f49   Thumb Code    70  my_mx28.o(i.UMX28_Init)
    UMX28_Transmit                           0x08004f95   Thumb Code    42  my_mx28.o(i.UMX28_Transmit)
    UMX28_getStallTorque                     0x08004fc5   Thumb Code    70  my_mx28.o(i.UMX28_getStallTorque)
    UMX28_pingServo                          0x0800501d   Thumb Code    52  my_mx28.o(i.UMX28_pingServo)
    UMX28_readStatusData                     0x08005051   Thumb Code    64  my_mx28.o(i.UMX28_readStatusData)
    UMX28_setBaudrate                        0x08005091   Thumb Code    64  my_mx28.o(i.UMX28_setBaudrate)
    UMX28_setGoalPosition                    0x080050d1   Thumb Code    72  my_mx28.o(i.UMX28_setGoalPosition)
    UMX28_setMovingSpeed                     0x08005119   Thumb Code    72  my_mx28.o(i.UMX28_setMovingSpeed)
    USART6_DMA_Rx_Config                     0x08005161   Thumb Code   266  ugv_uart_joystick.o(i.USART6_DMA_Rx_Config)
    USART_Cmd                                0x08005281   Thumb Code    24  stm32f4xx_usart.o(i.USART_Cmd)
    USART_DMACmd                             0x08005299   Thumb Code    18  stm32f4xx_usart.o(i.USART_DMACmd)
    USART_GetFlagStatus                      0x080052ab   Thumb Code    26  stm32f4xx_usart.o(i.USART_GetFlagStatus)
    USART_Init                               0x080052c5   Thumb Code   204  stm32f4xx_usart.o(i.USART_Init)
    USART_ReceiveData                        0x08005399   Thumb Code    10  stm32f4xx_usart.o(i.USART_ReceiveData)
    USART_SendData                           0x080053a3   Thumb Code     8  stm32f4xx_usart.o(i.USART_SendData)
    Update_Fuzzy_Data                        0x080053ad   Thumb Code   182  my_uart_esp.o(i.Update_Fuzzy_Data)
    UsageFault_Handler                       0x08005491   Thumb Code     4  stm32f4xx_it.o(i.UsageFault_Handler)
    WWDG_ClearFlag                           0x08005495   Thumb Code     8  stm32f4xx_wwdg.o(i.WWDG_ClearFlag)
    WWDG_IRQHandler                          0x080054a1   Thumb Code    12  my_hardwarereset.o(i.WWDG_IRQHandler)
    WWDG_SetCounter                          0x080054ad   Thumb Code    10  stm32f4xx_wwdg.o(i.WWDG_SetCounter)
    __ARM_fpclassify                         0x080054bd   Thumb Code    48  fpclassify.o(i.__ARM_fpclassify)
    __hardfp_exp                             0x080054f1   Thumb Code   714  exp.o(i.__hardfp_exp)
    __kernel_poly                            0x08005849   Thumb Code   248  poly.o(i.__kernel_poly)
    __mathlib_dbl_infnan                     0x08005941   Thumb Code    20  dunder.o(i.__mathlib_dbl_infnan)
    __mathlib_dbl_overflow                   0x08005959   Thumb Code    24  dunder.o(i.__mathlib_dbl_overflow)
    __mathlib_dbl_underflow                  0x08005979   Thumb Code    24  dunder.o(i.__mathlib_dbl_underflow)
    __scatterload_copy                       0x08005999   Thumb Code    14  handlers.o(i.__scatterload_copy)
    __scatterload_null                       0x080059a7   Thumb Code     2  handlers.o(i.__scatterload_null)
    __scatterload_zeroinit                   0x080059a9   Thumb Code    14  handlers.o(i.__scatterload_zeroinit)
    __set_errno                              0x080059b9   Thumb Code     6  errno.o(i.__set_errno)
    main                                     0x080059c5   Thumb Code   140  main.o(i.main)
    map                                      0x08005a55   Thumb Code    22  ugv_sbus.o(i.map)
    map_Ecap                                 0x08005a6d   Thumb Code   152  ugv_sbus.o(i.map_Ecap)
    map_double                               0x08005b15   Thumb Code   156  ugv_sbus.o(i.map_double)
    map_float                                0x08005bb1   Thumb Code    30  ugv_sbus.o(i.map_float)
    x2xdot                                   0x08005c3d   Thumb Code    86  my_balance.o(i.x2xdot)
    _sbusLostFrame                           0x08005ca0   Data           1  ugv_sbus.o(.constdata)
    _sbusFailSafe                            0x08005ca1   Data           1  ugv_sbus.o(.constdata)
    Rudder_position_min                      0x08005ca4   Data           4  ugv_sbus.o(.constdata)
    Rudder_position_max                      0x08005ca8   Data           4  ugv_sbus.o(.constdata)
    Rudder_position_mid                      0x08005cac   Data           4  ugv_sbus.o(.constdata)
    Mass_position_min                        0x08005cb0   Data           4  ugv_sbus.o(.constdata)
    Mass_position_max                        0x08005cb4   Data           4  ugv_sbus.o(.constdata)
    Pistol_position_min                      0x08005cb8   Data           4  ugv_sbus.o(.constdata)
    Pistol_position_max                      0x08005cbc   Data           4  ugv_sbus.o(.constdata)
    AHBPrescTable                            0x08005cc0   Data          16  system_stm32f4xx.o(.constdata)
    APBPrescTable                            0x08005cd0   Data           8  system_stm32f4xx.o(.constdata)
    Region$$Table$$Base                      0x08005d30   Number         0  anon$$obj.o(Region$$Table)
    Region$$Table$$Limit                     0x08005d50   Number         0  anon$$obj.o(Region$$Table)
    _can_respond_count                       0x20000003   Data           1  my_can.o(.data)
    CAN_RxMessage                            0x20000020   Data           8  my_can.o(.data)
    CAN_TxMessage                            0x20000028   Data           8  my_can.o(.data)
    Operation_Mode                           0x20000030   Data           1  my_can.o(.data)
    _send_status                             0x20000031   Data           1  my_can.o(.data)
    _diving                                  0x20000032   Data           1  my_can.o(.data)
    _balance                                 0x20000033   Data           1  my_can.o(.data)
    _diving_mode_V                           0x20000034   Data           1  my_can.o(.data)
    _diving_mode_U                           0x20000035   Data           1  my_can.o(.data)
    _timing                                  0x20000036   Data           2  my_can.o(.data)
    _up_speed                                0x20000038   Data           4  my_can.o(.data)
    UPWM_DutyCycle                           0x20000040   Data           4  my_can.o(.data)
    MX28_Data                                0x20000044   Data           4  my_can.o(.data)
    KELLER_Pressure                          0x20000048   Data           4  my_can.o(.data)
    KELLER_Temperature                       0x2000004c   Data           4  my_can.o(.data)
    Thruster_Speed                           0x20000050   Data           4  my_can.o(.data)
    ALTIMETER_Range                          0x20000054   Data           4  my_can.o(.data)
    XSEN_Pitch                               0x20000058   Data           4  my_can.o(.data)
    MASS_Position                            0x2000005c   Data           4  my_can.o(.data)
    PISTOL_Position                          0x20000060   Data           4  my_can.o(.data)
    Rudder_Angle                             0x20000064   Data           4  my_can.o(.data)
    Rudder_Angle_convert                     0x20000068   Data           4  my_can.o(.data)
    LEAK_POSITION_1                          0x2000006c   Data           1  my_io.o(.data)
    LEAK_POSITION_2                          0x2000006d   Data           1  my_io.o(.data)
    LEAK_POSITION_3                          0x2000006e   Data           1  my_io.o(.data)
    LEAK_POSITION_4                          0x2000006f   Data           1  my_io.o(.data)
    LEAK_POSITION_5                          0x20000070   Data           1  my_io.o(.data)
    UKellerPA3_Status                        0x20000078   Data           8  my_keller_pa3.o(.data)
    targetDuty                               0x20000080   Data           2  my_antiroll.o(.data)
    Count                                    0x20000082   Data           2  my_antiroll.o(.data)
    Rotary                                   0x20000098   Data           4  my_antiroll.o(.data)
    Counter                                  0x2000009c   Data           4  my_antiroll.o(.data)
    direct                                   0x200000a0   Data           1  my_antiroll.o(.data)
    dir                                      0x200000a1   Data           1  my_antiroll.o(.data)
    Position_PV                              0x200000a8   Data           8  my_antiroll.o(.data)
    Setpoint                                 0x200000b0   Data           4  my_antiroll.o(.data)
    Kp                                       0x200000b4   Data           4  my_antiroll.o(.data)
    Ki                                       0x200000b8   Data           4  my_antiroll.o(.data)
    Kd                                       0x200000bc   Data           4  my_antiroll.o(.data)
    failSafe                                 0x200000c0   Data           1  ugv_uart_joystick.o(.data)
    lostFrame                                0x200000c1   Data           1  ugv_uart_joystick.o(.data)
    mode_manual                              0x200000c4   Data           4  ugv_uart_joystick.o(.data)
    end_mode                                 0x200000c8   Data           4  ugv_uart_joystick.o(.data)
    speed1                                   0x200000d0   Data           8  ugv_uart_joystick.o(.data)
    speed2                                   0x200000d8   Data           8  ugv_uart_joystick.o(.data)
    SAMPLE_TIME                              0x200000e0   Data           4  my_balance.o(.data)
    SETPOINT                                 0x200000e4   Data           4  my_balance.o(.data)
    ERROR_MAX                                0x200000e8   Data           4  my_balance.o(.data)
    ERRORDOT_MAX                             0x200000ec   Data           4  my_balance.o(.data)
    OFFSET_MAX                               0x200000f0   Data           4  my_balance.o(.data)
    K1                                       0x200000f4   Data           4  my_balance.o(.data)
    K2                                       0x200000f8   Data           4  my_balance.o(.data)
    Ku                                       0x200000fc   Data           4  my_balance.o(.data)
    theta_in                                 0x20000100   Data           4  my_balance.o(.data)
    position_out                             0x20000104   Data           4  my_balance.o(.data)
    offset                                   0x20000108   Data           4  my_balance.o(.data)
    first_data_pass                          0x20000121   Data           1  my_balance.o(.data)
    theta                                    0x20000128   Data           8  my_balance.o(.data)
    thetadot                                 0x20000130   Data           8  my_balance.o(.data)
    data_init                                0x20000138   Data           1  my_uart_esp.o(.data)
    enable_sending_package                   0x20000139   Data           1  my_uart_esp.o(.data)
    byte_data                                0x2000013a   Data           1  my_uart_esp.o(.data)
    esp                                      0x2000013b   Data           1  my_uart_esp.o(.data)
    SystemCoreClock                          0x20000154   Data           4  system_stm32f4xx.o(.data)
    RCC_Clocks                               0x2000015c   Data          16  main.o(.bss)
    CAN_Data                                 0x2000016c   Data          56  main.o(.bss)
    RxMessage                                0x200001b0   Data          20  my_can.o(.bss)
    Flag                                     0x200001c4   Data          12  my_can.o(.bss)
    UBMS40_Status                            0x20000218   Data          24  my_bms24v40ah.o(.bss)
    MX28_Status                              0x20000298   Data          20  my_mx28.o(.bss)
    uart_buffer_u3                           0x200002be   Data         204  ugv_uart_joystick.o(.bss)
    channels                                 0x2000038a   Data          32  ugv_uart_joystick.o(.bss)
    scalechannels                            0x200003aa   Data          32  ugv_uart_joystick.o(.bss)
    old_scalechannels                        0x200003ca   Data          32  ugv_uart_joystick.o(.bss)
    muy_theta                                0x200003ec   Data          20  my_balance.o(.bss)
    muy_thetadot                             0x20000400   Data          20  my_balance.o(.bss)
    velocity                                 0x20000414   Data          36  my_balance.o(.bss)
    muy_velocity                             0x20000438   Data          36  my_balance.o(.bss)
    sum                                      0x2000045c   Data          36  my_balance.o(.bss)
    __initial_sp                             0x2000148f   Data           0  startup_stm32f407xx.o(STACK)



==============================================================================

Memory Map of the image

  Image Entry point : 0x08000189

  Load Region LR_IROM1 (Base: 0x08000000, Size: 0x00005eac, Max: 0x00100000, ABSOLUTE, COMPRESSED[0x00005d90])

    Execution Region ER_IROM1 (Exec base: 0x08000000, Load base: 0x08000000, Size: 0x00005d50, Max: 0x00100000, ABSOLUTE)

    Exec Addr    Load Addr    Size         Type   Attr      Idx    E Section Name        Object

    0x08000000   0x08000000   0x00000188   Data   RO         3816    RESET               startup_stm32f407xx.o
    0x08000188   0x08000188   0x00000000   Code   RO         3886  * .ARM.Collect$$$$00000000  mc_w.l(entry.o)
    0x08000188   0x08000188   0x00000004   Code   RO         3948    .ARM.Collect$$$$00000001  mc_w.l(entry2.o)
    0x0800018c   0x0800018c   0x00000004   Code   RO         3951    .ARM.Collect$$$$00000004  mc_w.l(entry5.o)
    0x08000190   0x08000190   0x00000000   Code   RO         3953    .ARM.Collect$$$$00000008  mc_w.l(entry7b.o)
    0x08000190   0x08000190   0x00000000   Code   RO         3955    .ARM.Collect$$$$0000000A  mc_w.l(entry8b.o)
    0x08000190   0x08000190   0x00000008   Code   RO         3956    .ARM.Collect$$$$0000000B  mc_w.l(entry9a.o)
    0x08000198   0x08000198   0x00000004   Code   RO         3963    .ARM.Collect$$$$0000000E  mc_w.l(entry12b.o)
    0x0800019c   0x0800019c   0x00000000   Code   RO         3958    .ARM.Collect$$$$0000000F  mc_w.l(entry10a.o)
    0x0800019c   0x0800019c   0x00000000   Code   RO         3960    .ARM.Collect$$$$00000011  mc_w.l(entry11a.o)
    0x0800019c   0x0800019c   0x00000004   Code   RO         3949    .ARM.Collect$$$$00002712  mc_w.l(entry2.o)
    0x080001a0   0x080001a0   0x00000024   Code   RO         3817    .text               startup_stm32f407xx.o
    0x080001c4   0x080001c4   0x0000014e   Code   RO         3889    .text               mf_w.l(dadd.o)
    0x08000312   0x08000312   0x000000e4   Code   RO         3891    .text               mf_w.l(dmul.o)
    0x080003f6   0x080003f6   0x000000de   Code   RO         3893    .text               mf_w.l(ddiv.o)
    0x080004d4   0x080004d4   0x00000022   Code   RO         3897    .text               mf_w.l(dflti.o)
    0x080004f6   0x080004f6   0x0000001a   Code   RO         3899    .text               mf_w.l(dfltui.o)
    0x08000510   0x08000510   0x0000003e   Code   RO         3901    .text               mf_w.l(dfixi.o)
    0x0800054e   0x0800054e   0x00000032   Code   RO         3903    .text               mf_w.l(dfixui.o)
    0x08000580   0x08000580   0x00000026   Code   RO         3905    .text               mf_w.l(f2d.o)
    0x080005a6   0x080005a6   0x00000002   PAD
    0x080005a8   0x080005a8   0x00000030   Code   RO         3907    .text               mf_w.l(cdrcmple.o)
    0x080005d8   0x080005d8   0x00000038   Code   RO         3909    .text               mf_w.l(d2f.o)
    0x08000610   0x08000610   0x0000001e   Code   RO         3964    .text               mc_w.l(llshl.o)
    0x0800062e   0x0800062e   0x00000020   Code   RO         3966    .text               mc_w.l(llushr.o)
    0x0800064e   0x0800064e   0x00000024   Code   RO         3968    .text               mc_w.l(llsshr.o)
    0x08000672   0x08000672   0x00000000   Code   RO         3977    .text               mc_w.l(iusefp.o)
    0x08000672   0x08000672   0x0000006e   Code   RO         3978    .text               mf_w.l(fepilogue.o)
    0x080006e0   0x080006e0   0x000000ba   Code   RO         3980    .text               mf_w.l(depilogue.o)
    0x0800079a   0x0800079a   0x00000002   PAD
    0x0800079c   0x0800079c   0x00000030   Code   RO         3984    .text               mf_w.l(cdcmple.o)
    0x080007cc   0x080007cc   0x00000024   Code   RO         3986    .text               mc_w.l(init.o)
    0x080007f0   0x080007f0   0x00000056   Code   RO         3998    .text               mc_w.l(__dczerorl2.o)
    0x08000846   0x08000846   0x00000002   PAD
    0x08000848   0x08000848   0x00000050   Code   RO            4    i.ARM2_Init         main.o
    0x08000898   0x08000898   0x0000012c   Code   RO          352    i.Balance_Mode      my_can.o
    0x080009c4   0x080009c4   0x00000124   Code   RO         1286    i.Balance_Operation  my_balance.o
    0x08000ae8   0x08000ae8   0x00000004   Code   RO         1485    i.BusFault_Handler  stm32f4xx_it.o
    0x08000aec   0x08000aec   0x000002f4   Code   RO          353    i.CAN1_RX0_IRQHandler  my_can.o
    0x08000de0   0x08000de0   0x00000038   Code   RO         1628    i.CAN_DeInit        stm32f4xx_can.o
    0x08000e18   0x08000e18   0x00000016   Code   RO         1629    i.CAN_FIFORelease   stm32f4xx_can.o
    0x08000e2e   0x08000e2e   0x00000002   PAD
    0x08000e30   0x08000e30   0x00000108   Code   RO         1630    i.CAN_FilterInit    stm32f4xx_can.o
    0x08000f38   0x08000f38   0x00000012   Code   RO         1636    i.CAN_ITConfig      stm32f4xx_can.o
    0x08000f4a   0x08000f4a   0x00000114   Code   RO         1637    i.CAN_Init          stm32f4xx_can.o
    0x0800105e   0x0800105e   0x0000001e   Code   RO         1638    i.CAN_MessagePending  stm32f4xx_can.o
    0x0800107c   0x0800107c   0x000000f0   Code   RO         1640    i.CAN_Receive       stm32f4xx_can.o
    0x0800116c   0x0800116c   0x00000126   Code   RO         1645    i.CAN_Transmit      stm32f4xx_can.o
    0x08001292   0x08001292   0x00000002   PAD
    0x08001294   0x08001294   0x000000a0   Code   RO         1646    i.CAN_TransmitStatus  stm32f4xx_can.o
    0x08001334   0x08001334   0x0000005e   Code   RO          976    i.CalcCRC16         my_keller_pa3.o
    0x08001392   0x08001392   0x00000026   Code   RO         1428    i.Checksum          my_uart_esp.o
    0x080013b8   0x080013b8   0x000001a8   Code   RO         1287    i.Control_Laws      my_balance.o
    0x08001560   0x08001560   0x000000dc   Code   RO          561    i.DMA1_Stream0_IRQHandler  my_bms24v40ah.o
    0x0800163c   0x0800163c   0x00000098   Code   RO          977    i.DMA1_Stream1_IRQHandler  my_keller_pa3.o
    0x080016d4   0x080016d4   0x00000040   Code   RO         1429    i.DMA1_Stream2_IRQHandler  my_uart_esp.o
    0x08001714   0x08001714   0x000001ec   Code   RO          793    i.DMA1_Stream5_IRQHandler  my_mx28.o
    0x08001900   0x08001900   0x00000020   Code   RO         1393    i.DMA2_Stream0_IRQHandler  my_adc.o
    0x08001920   0x08001920   0x00000048   Code   RO         1247    i.DMA2_Stream1_IRQHandler  ugv_uart_joystick.o
    0x08001968   0x08001968   0x00000034   Code   RO          740    i.DMA2_Stream5_IRQHandler  my_dvl.o
    0x0800199c   0x0800199c   0x00000034   Code   RO         1792    i.DMA_ClearITPendingBit  stm32f4xx_dma.o
    0x080019d0   0x080019d0   0x00000016   Code   RO         1793    i.DMA_Cmd           stm32f4xx_dma.o
    0x080019e6   0x080019e6   0x00000002   PAD
    0x080019e8   0x080019e8   0x00000064   Code   RO         1803    i.DMA_GetITStatus   stm32f4xx_dma.o
    0x08001a4c   0x08001a4c   0x0000003a   Code   RO         1804    i.DMA_ITConfig      stm32f4xx_dma.o
    0x08001a86   0x08001a86   0x00000002   PAD
    0x08001a88   0x08001a88   0x00000058   Code   RO         1805    i.DMA_Init          stm32f4xx_dma.o
    0x08001ae0   0x08001ae0   0x00000002   Code   RO         1486    i.DebugMon_Handler  stm32f4xx_it.o
    0x08001ae2   0x08001ae2   0x00000002   PAD
    0x08001ae4   0x08001ae4   0x000003d0   Code   RO         1288    i.Defuzzy_Result    my_balance.o
    0x08001eb4   0x08001eb4   0x0000026c   Code   RO          354    i.Diving_Mode_U     my_can.o
    0x08002120   0x08002120   0x000001ac   Code   RO          355    i.Diving_Mode_V     my_can.o
    0x080022cc   0x080022cc   0x00000088   Code   RO          644    i.EXTI15_10_IRQHandler  my_io.o
    0x08002354   0x08002354   0x0000000c   Code   RO         3440    i.EXTI_ClearITPendingBit  stm32f4xx_exti.o
    0x08002360   0x08002360   0x00000018   Code   RO         3444    i.EXTI_GetITStatus  stm32f4xx_exti.o
    0x08002378   0x08002378   0x00000094   Code   RO         3445    i.EXTI_Init         stm32f4xx_exti.o
    0x0800240c   0x0800240c   0x0000000c   Code   RO         3218    i.FLASH_SetLatency  stm32f4xx_flash.o
    0x08002418   0x08002418   0x000000a8   Code   RO         1289    i.Filter_In         my_balance.o
    0x080024c0   0x080024c0   0x00000064   Code   RO         1290    i.Filter_Out        my_balance.o
    0x08002524   0x08002524   0x000001f4   Code   RO         1292    i.Fuzzy_Result      my_balance.o
    0x08002718   0x08002718   0x0000008c   Code   RO         1293    i.Fuzzy_Trapzoid    my_balance.o
    0x080027a4   0x080027a4   0x00000090   Code   RO         1924    i.GPIO_Init         stm32f4xx_gpio.o
    0x08002834   0x08002834   0x00000046   Code   RO         1925    i.GPIO_PinAFConfig  stm32f4xx_gpio.o
    0x0800287a   0x0800287a   0x00000004   Code   RO         1931    i.GPIO_ResetBits    stm32f4xx_gpio.o
    0x0800287e   0x0800287e   0x00000004   Code   RO         1932    i.GPIO_SetBits      stm32f4xx_gpio.o
    0x08002882   0x08002882   0x00000004   Code   RO         1487    i.HardFault_Handler  stm32f4xx_it.o
    0x08002886   0x08002886   0x00000002   PAD
    0x08002888   0x08002888   0x00000048   Code   RO          356    i.Jetson_Mode       my_can.o
    0x080028d0   0x080028d0   0x00000114   Code   RO          357    i.Main_Operation    my_can.o
    0x080029e4   0x080029e4   0x00000004   Code   RO         1488    i.MemManage_Handler  stm32f4xx_it.o
    0x080029e8   0x080029e8   0x00000120   Code   RO         1294    i.Membership_Function_Declaration  my_balance.o
    0x08002b08   0x08002b08   0x00000002   Code   RO         1489    i.NMI_Handler       stm32f4xx_it.o
    0x08002b0a   0x08002b0a   0x00000002   PAD
    0x08002b0c   0x08002b0c   0x00000078   Code   RO         1576    i.NVIC_Init         misc.o
    0x08002b84   0x08002b84   0x000000b0   Code   RO         1430    i.Pack              my_uart_esp.o
    0x08002c34   0x08002c34   0x00000002   Code   RO         1490    i.PendSV_Handler    stm32f4xx_it.o
    0x08002c36   0x08002c36   0x00000002   PAD
    0x08002c38   0x08002c38   0x00000020   Code   RO         2843    i.RCC_AHB1PeriphClockCmd  stm32f4xx_rcc.o
    0x08002c58   0x08002c58   0x00000020   Code   RO         2852    i.RCC_APB1PeriphClockCmd  stm32f4xx_rcc.o
    0x08002c78   0x08002c78   0x00000020   Code   RO         2854    i.RCC_APB1PeriphResetCmd  stm32f4xx_rcc.o
    0x08002c98   0x08002c98   0x00000020   Code   RO         2855    i.RCC_APB2PeriphClockCmd  stm32f4xx_rcc.o
    0x08002cb8   0x08002cb8   0x00000064   Code   RO         2863    i.RCC_DeInit        stm32f4xx_rcc.o
    0x08002d1c   0x08002d1c   0x000000e8   Code   RO         2864    i.RCC_GetClocksFreq  stm32f4xx_rcc.o
    0x08002e04   0x08002e04   0x00000040   Code   RO         2865    i.RCC_GetFlagStatus  stm32f4xx_rcc.o
    0x08002e44   0x08002e44   0x00000018   Code   RO         2868    i.RCC_HCLKConfig    stm32f4xx_rcc.o
    0x08002e5c   0x08002e5c   0x00000010   Code   RO         2869    i.RCC_HSEConfig     stm32f4xx_rcc.o
    0x08002e6c   0x08002e6c   0x00000018   Code   RO         2879    i.RCC_PCLK1Config   stm32f4xx_rcc.o
    0x08002e84   0x08002e84   0x00000018   Code   RO         2880    i.RCC_PCLK2Config   stm32f4xx_rcc.o
    0x08002e9c   0x08002e9c   0x0000000c   Code   RO         2881    i.RCC_PLLCmd        stm32f4xx_rcc.o
    0x08002ea8   0x08002ea8   0x00000024   Code   RO         2882    i.RCC_PLLConfig     stm32f4xx_rcc.o
    0x08002ecc   0x08002ecc   0x00000018   Code   RO         2893    i.RCC_SYSCLKConfig  stm32f4xx_rcc.o
    0x08002ee4   0x08002ee4   0x00000038   Code   RO         2895    i.RCC_WaitForHSEStartUp  stm32f4xx_rcc.o
    0x08002f1c   0x08002f1c   0x000000a4   Code   RO         1295    i.Reset_Value       my_balance.o
    0x08002fc0   0x08002fc0   0x000002dc   Code   RO         1172    i.SBUS_read         ugv_sbus.o
    0x0800329c   0x0800329c   0x00000002   Code   RO         1491    i.SVC_Handler       stm32f4xx_it.o
    0x0800329e   0x0800329e   0x00000002   PAD
    0x080032a0   0x080032a0   0x00000040   Code   RO         2028    i.SYSCFG_EXTILineConfig  stm32f4xx_syscfg.o
    0x080032e0   0x080032e0   0x000000a0   Code   RO         1431    i.Send_Data_ESP     my_uart_esp.o
    0x08003380   0x08003380   0x00000068   Code   RO            5    i.SystemClock_Config  main.o
    0x080033e8   0x080033e8   0x000000c0   Code   RO         3824    i.SystemCoreClockUpdate  system_stm32f4xx.o
    0x080034a8   0x080034a8   0x00000064   Code   RO         3825    i.SystemInit        system_stm32f4xx.o
    0x0800350c   0x0800350c   0x0000001c   Code   RO         1296    i.TIM1_BRK_TIM9_IRQHandler  my_balance.o
    0x08003528   0x08003528   0x00000028   Code   RO         1067    i.TIM2_IRQHandler   my_antiroll.o
    0x08003550   0x08003550   0x00000020   Code   RO          358    i.TIM3_IRQHandler   my_can.o
    0x08003570   0x08003570   0x000000b8   Code   RO         1068    i.TIM4_IRQHandler   my_antiroll.o
    0x08003628   0x08003628   0x00000020   Code   RO          794    i.TIM7_IRQHandler   my_mx28.o
    0x08003648   0x08003648   0x00000006   Code   RO         2095    i.TIM_ClearFlag     stm32f4xx_tim.o
    0x0800364e   0x0800364e   0x00000006   Code   RO         2096    i.TIM_ClearITPendingBit  stm32f4xx_tim.o
    0x08003654   0x08003654   0x00000018   Code   RO         2101    i.TIM_Cmd           stm32f4xx_tim.o
    0x0800366c   0x0800366c   0x00000006   Code   RO         2120    i.TIM_GetCounter    stm32f4xx_tim.o
    0x08003672   0x08003672   0x00000012   Code   RO         2121    i.TIM_GetFlagStatus  stm32f4xx_tim.o
    0x08003684   0x08003684   0x00000022   Code   RO         2122    i.TIM_GetITStatus   stm32f4xx_tim.o
    0x080036a6   0x080036a6   0x00000012   Code   RO         2126    i.TIM_ITConfig      stm32f4xx_tim.o
    0x080036b8   0x080036b8   0x00000004   Code   RO         2163    i.TIM_SetCompare1   stm32f4xx_tim.o
    0x080036bc   0x080036bc   0x00000004   Code   RO         2167    i.TIM_SetCounter    stm32f4xx_tim.o
    0x080036c0   0x080036c0   0x00000084   Code   RO         2173    i.TIM_TimeBaseInit  stm32f4xx_tim.o
    0x08003744   0x08003744   0x0000001c   Code   RO         1070    i.UANRO_CCW_Direction  my_antiroll.o
    0x08003760   0x08003760   0x0000001c   Code   RO         1071    i.UANRO_CW_Direction  my_antiroll.o
    0x0800377c   0x0800377c   0x00000048   Code   RO         1074    i.UANRO_Limit_value  my_antiroll.o
    0x080037c4   0x080037c4   0x000001d8   Code   RO         1075    i.UANRO_PID_Control_Position  my_antiroll.o
    0x0800399c   0x0800399c   0x00000014   Code   RO         1077    i.UANRO_PWM_Out     my_antiroll.o
    0x080039b0   0x080039b0   0x00000024   Code   RO         1078    i.UANRO_ResetEncoder  my_antiroll.o
    0x080039d4   0x080039d4   0x0000001c   Code   RO         1081    i.UANRO_Stop_Motor  my_antiroll.o
    0x080039f0   0x080039f0   0x00000148   Code   RO         1432    i.UART4_ESP_Config  my_uart_esp.o
    0x08003b38   0x08003b38   0x00000078   Code   RO          562    i.UBMS40_ArrangeData  my_bms24v40ah.o
    0x08003bb0   0x08003bb0   0x0000001e   Code   RO          563    i.UBMS40_Checksum   my_bms24v40ah.o
    0x08003bce   0x08003bce   0x00000020   Code   RO          566    i.UBMS40_Convert_Bytes_to_Float  my_bms24v40ah.o
    0x08003bee   0x08003bee   0x0000001e   Code   RO          359    i.UCAN_Checksum     my_can.o
    0x08003c0c   0x08003c0c   0x0000019c   Code   RO          361    i.UCAN_Configure    my_can.o
    0x08003da8   0x08003da8   0x00000020   Code   RO          363    i.UCAN_Convert_Bytes_to_Float  my_can.o
    0x08003dc8   0x08003dc8   0x00000020   Code   RO          364    i.UCAN_Convert_Float_to_Bytes  my_can.o
    0x08003de8   0x08003de8   0x0000003c   Code   RO          368    i.UCAN_Open_Thruster  my_can.o
    0x08003e24   0x08003e24   0x00000084   Code   RO          370    i.UCAN_Run_Mass     my_can.o
    0x08003ea8   0x08003ea8   0x00000064   Code   RO          371    i.UCAN_Run_Mass_Position  my_can.o
    0x08003f0c   0x08003f0c   0x00000154   Code   RO          372    i.UCAN_Run_Motor    my_can.o
    0x08004060   0x08004060   0x00000068   Code   RO          373    i.UCAN_Run_Motor_Multi_Mode  my_can.o
    0x080040c8   0x080040c8   0x00000084   Code   RO          374    i.UCAN_Run_Pistol   my_can.o
    0x0800414c   0x0800414c   0x00000064   Code   RO          375    i.UCAN_Run_Pistol_Position  my_can.o
    0x080041b0   0x080041b0   0x00000084   Code   RO          376    i.UCAN_Run_Thruster  my_can.o
    0x08004234   0x08004234   0x000001e4   Code   RO          378    i.UCAN_Send_Data    my_can.o
    0x08004418   0x08004418   0x00000040   Code   RO          379    i.UCAN_Send_End_Frame_ARM2  my_can.o
    0x08004458   0x08004458   0x00000068   Code   RO          381    i.UCAN_Transmit     my_can.o
    0x080044c0   0x080044c0   0x00000020   Code   RO          223    i.UDELAY_Configuration  my_delay.o
    0x080044e0   0x080044e0   0x00000068   Code   RO          224    i.UDELAY_ms         my_delay.o
    0x08004548   0x08004548   0x00000068   Code   RO          225    i.UDELAY_us         my_delay.o
    0x080045b0   0x080045b0   0x0000003c   Code   RO          741    i.UDVL_ArrangeData  my_dvl.o
    0x080045ec   0x080045ec   0x0000000a   Code   RO          938    i.UHRST_ResetCNT    my_hardwarereset.o
    0x080045f6   0x080045f6   0x00000002   PAD
    0x080045f8   0x080045f8   0x000003b4   Code   RO          646    i.UIO_Configuration  my_io.o
    0x080049ac   0x080049ac   0x00000014   Code   RO          651    i.UIO_LEDORANGE_OFF  my_io.o
    0x080049c0   0x080049c0   0x00000014   Code   RO          652    i.UIO_LEDORANGE_ON  my_io.o
    0x080049d4   0x080049d4   0x0000014c   Code   RO          978    i.UKELLER_Configuration  my_keller_pa3.o
    0x08004b20   0x08004b20   0x00000020   Code   RO          979    i.UKELLER_Convert_Bytes_to_Float  my_keller_pa3.o
    0x08004b40   0x08004b40   0x000000c0   Code   RO          981    i.UKELLER_KELLER_Init  my_keller_pa3.o
    0x08004c00   0x08004c00   0x00000048   Code   RO          982    i.UKELLER_KELLER_ReadP1  my_keller_pa3.o
    0x08004c48   0x08004c48   0x00000048   Code   RO          983    i.UKELLER_KELLER_ReadTOB1  my_keller_pa3.o
    0x08004c90   0x08004c90   0x00000020   Code   RO          986    i.UKELLER_TxData    my_keller_pa3.o
    0x08004cb0   0x08004cb0   0x000000b8   Code   RO          795    i.UMX28_AnalycsData  my_mx28.o
    0x08004d68   0x08004d68   0x00000024   Code   RO          796    i.UMX28_CheckSum    my_mx28.o
    0x08004d8c   0x08004d8c   0x000001a4   Code   RO          797    i.UMX28_Configuration  my_mx28.o
    0x08004f30   0x08004f30   0x00000016   Code   RO          798    i.UMX28_Convert_Byte2Uint  my_mx28.o
    0x08004f46   0x08004f46   0x00000002   PAD
    0x08004f48   0x08004f48   0x0000004c   Code   RO          799    i.UMX28_Init        my_mx28.o
    0x08004f94   0x08004f94   0x00000030   Code   RO          800    i.UMX28_Transmit    my_mx28.o
    0x08004fc4   0x08004fc4   0x00000058   Code   RO          802    i.UMX28_getStallTorque  my_mx28.o
    0x0800501c   0x0800501c   0x00000034   Code   RO          804    i.UMX28_pingServo   my_mx28.o
    0x08005050   0x08005050   0x00000040   Code   RO          805    i.UMX28_readStatusData  my_mx28.o
    0x08005090   0x08005090   0x00000040   Code   RO          807    i.UMX28_setBaudrate  my_mx28.o
    0x080050d0   0x080050d0   0x00000048   Code   RO          808    i.UMX28_setGoalPosition  my_mx28.o
    0x08005118   0x08005118   0x00000048   Code   RO          812    i.UMX28_setMovingSpeed  my_mx28.o
    0x08005160   0x08005160   0x00000120   Code   RO         1248    i.USART6_DMA_Rx_Config  ugv_uart_joystick.o
    0x08005280   0x08005280   0x00000018   Code   RO         2655    i.USART_Cmd         stm32f4xx_usart.o
    0x08005298   0x08005298   0x00000012   Code   RO         2656    i.USART_DMACmd      stm32f4xx_usart.o
    0x080052aa   0x080052aa   0x0000001a   Code   RO         2658    i.USART_GetFlagStatus  stm32f4xx_usart.o
    0x080052c4   0x080052c4   0x000000d4   Code   RO         2662    i.USART_Init        stm32f4xx_usart.o
    0x08005398   0x08005398   0x0000000a   Code   RO         2669    i.USART_ReceiveData  stm32f4xx_usart.o
    0x080053a2   0x080053a2   0x00000008   Code   RO         2672    i.USART_SendData    stm32f4xx_usart.o
    0x080053aa   0x080053aa   0x00000002   PAD
    0x080053ac   0x080053ac   0x000000e4   Code   RO         1433    i.Update_Fuzzy_Data  my_uart_esp.o
    0x08005490   0x08005490   0x00000004   Code   RO         1492    i.UsageFault_Handler  stm32f4xx_it.o
    0x08005494   0x08005494   0x0000000c   Code   RO         3505    i.WWDG_ClearFlag    stm32f4xx_wwdg.o
    0x080054a0   0x080054a0   0x0000000c   Code   RO          939    i.WWDG_IRQHandler   my_hardwarereset.o
    0x080054ac   0x080054ac   0x00000010   Code   RO         3510    i.WWDG_SetCounter   stm32f4xx_wwdg.o
    0x080054bc   0x080054bc   0x00000030   Code   RO         3931    i.__ARM_fpclassify  m_wm.l(fpclassify.o)
    0x080054ec   0x080054ec   0x00000004   PAD
    0x080054f0   0x080054f0   0x00000358   Code   RO         3858    i.__hardfp_exp      m_wm.l(exp.o)
    0x08005848   0x08005848   0x000000f8   Code   RO         3933    i.__kernel_poly     m_wm.l(poly.o)
    0x08005940   0x08005940   0x00000014   Code   RO         3912    i.__mathlib_dbl_infnan  m_wm.l(dunder.o)
    0x08005954   0x08005954   0x00000004   PAD
    0x08005958   0x08005958   0x00000020   Code   RO         3915    i.__mathlib_dbl_overflow  m_wm.l(dunder.o)
    0x08005978   0x08005978   0x00000020   Code   RO         3917    i.__mathlib_dbl_underflow  m_wm.l(dunder.o)
    0x08005998   0x08005998   0x0000000e   Code   RO         3992    i.__scatterload_copy  mc_w.l(handlers.o)
    0x080059a6   0x080059a6   0x00000002   Code   RO         3993    i.__scatterload_null  mc_w.l(handlers.o)
    0x080059a8   0x080059a8   0x0000000e   Code   RO         3994    i.__scatterload_zeroinit  mc_w.l(handlers.o)
    0x080059b6   0x080059b6   0x00000002   PAD
    0x080059b8   0x080059b8   0x0000000c   Code   RO         3972    i.__set_errno       mc_w.l(errno.o)
    0x080059c4   0x080059c4   0x00000090   Code   RO            6    i.main              main.o
    0x08005a54   0x08005a54   0x00000016   Code   RO         1174    i.map               ugv_sbus.o
    0x08005a6a   0x08005a6a   0x00000002   PAD
    0x08005a6c   0x08005a6c   0x000000a8   Code   RO         1175    i.map_Ecap          ugv_sbus.o
    0x08005b14   0x08005b14   0x0000009c   Code   RO         1176    i.map_double        ugv_sbus.o
    0x08005bb0   0x08005bb0   0x0000001e   Code   RO         1177    i.map_float         ugv_sbus.o
    0x08005bce   0x08005bce   0x0000001a   Code   RO         1297    i.min               my_balance.o
    0x08005be8   0x08005be8   0x00000054   Code   RO         1298    i.rad2do            my_balance.o
    0x08005c3c   0x08005c3c   0x00000064   Code   RO         1299    i.x2xdot            my_balance.o
    0x08005ca0   0x08005ca0   0x00000020   Data   RO         1178    .constdata          ugv_sbus.o
    0x08005cc0   0x08005cc0   0x00000018   Data   RO         3826    .constdata          system_stm32f4xx.o
    0x08005cd8   0x08005cd8   0x00000058   Data   RO         3861    .constdata          m_wm.l(exp.o)
    0x08005d30   0x08005d30   0x00000020   Data   RO         3990    Region$$Table       anon$$obj.o


    Execution Region RW_IRAM1 (Exec base: 0x20000000, Load base: 0x08005d50, Size: 0x00001490, Max: 0x00020000, ABSOLUTE, COMPRESSED[0x00000040])

    Exec Addr    Load Addr    Size         Type   Attr      Idx    E Section Name        Object

    0x20000000   COMPRESSED   0x0000006c   Data   RW          383    .data               my_can.o
    0x2000006c   COMPRESSED   0x00000005   Data   RW          656    .data               my_io.o
    0x20000071   COMPRESSED   0x00000003   PAD
    0x20000074   COMPRESSED   0x0000000c   Data   RW          988    .data               my_keller_pa3.o
    0x20000080   COMPRESSED   0x00000040   Data   RW         1082    .data               my_antiroll.o
    0x200000c0   COMPRESSED   0x00000020   Data   RW         1250    .data               ugv_uart_joystick.o
    0x200000e0   COMPRESSED   0x00000058   Data   RW         1301    .data               my_balance.o
    0x20000138   COMPRESSED   0x00000009   Data   RW         1435    .data               my_uart_esp.o
    0x20000141   COMPRESSED   0x00000010   Data   RW         2896    .data               stm32f4xx_rcc.o
    0x20000151   COMPRESSED   0x00000003   PAD
    0x20000154   COMPRESSED   0x00000004   Data   RW         3827    .data               system_stm32f4xx.o
    0x20000158   COMPRESSED   0x00000004   Data   RW         3973    .data               mc_w.l(errno.o)
    0x2000015c        -       0x00000048   Zero   RW            7    .bss                main.o
    0x200001a4        -       0x0000000c   Zero   RW          226    .bss                my_delay.o
    0x200001b0        -       0x00000020   Zero   RW          382    .bss                my_can.o
    0x200001d0        -       0x00000060   Zero   RW          571    .bss                my_bms24v40ah.o
    0x20000230        -       0x0000004c   Zero   RW          745    .bss                my_dvl.o
    0x2000027c        -       0x00000030   Zero   RW          813    .bss                my_mx28.o
    0x200002ac        -       0x00000012   Zero   RW          987    .bss                my_keller_pa3.o
    0x200002be        -       0x0000012c   Zero   RW         1249    .bss                ugv_uart_joystick.o
    0x200003ea   COMPRESSED   0x00000002   PAD
    0x200003ec        -       0x00000094   Zero   RW         1300    .bss                my_balance.o
    0x20000480        -       0x0000000c   Zero   RW         1434    .bss                my_uart_esp.o
    0x2000048c   COMPRESSED   0x00000004   PAD
    0x20000490        -       0x00000fff   Zero   RW         3814    STACK               startup_stm32f407xx.o


==============================================================================

Image component sizes


      Code (inc. data)   RO Data    RW Data    ZI Data      Debug   Object Name

       328         26          0          0         72     321858   main.o
       120         14          0          0          0       1128   misc.o
        32         12          0          0          0        510   my_adc.o
       908        132          0         64          0       7203   my_antiroll.o
      3290        266          0         88        148      10929   my_balance.o
       402         24          0          0         96       5009   my_bms24v40ah.o
      4742        444          0        108         32      20094   my_can.o
       240         42          0          0         12     312227   my_delay.o
       112         22          0          0         76       2569   my_dvl.o
        22          0          0          0          0       1007   my_hardwarereset.o
      1124         48          0          5          0       3132   my_io.o
       978         70          0         12         18       8055   my_keller_pa3.o
      1722        100          0          0         48      13168   my_mx28.o
       994        140          0          9         12       5545   my_uart_esp.o
        36          8        392          0       4095        884   startup_stm32f407xx.o
      1360         34          0          0          0       7481   stm32f4xx_can.o
       320         38          0          0          0       4762   stm32f4xx_dma.o
       184         16          0          0          0       2324   stm32f4xx_exti.o
        12          6          0          0          0        587   stm32f4xx_flash.o
       222          0          0          0          0       3155   stm32f4xx_gpio.o
        24          0          0          0          0       3832   stm32f4xx_it.o
       740        102          0         16          0      11966   stm32f4xx_rcc.o
        64          4          0          0          0        704   stm32f4xx_syscfg.o
       252         28          0          0          0       7106   stm32f4xx_tim.o
       298          8          0          0          0       4823   stm32f4xx_usart.o
        28         10          0          0          0       1115   stm32f4xx_wwdg.o
       292         40         24          4          0       2015   system_stm32f4xx.o
      1108         60         32          0          0       5193   ugv_sbus.o
       360         56          0         32        300       4282   ugv_uart_joystick.o

    ----------------------------------------------------------------------
     20340       1750        480        344       4916     772663   Object Totals
         0          0         32          0          0          0   (incl. Generated)
        26          0          0          6          7          0   (incl. Padding)

    ----------------------------------------------------------------------

      Code (inc. data)   RO Data    RW Data    ZI Data      Debug   Library Member Name

        84         16          0          0          0        372   dunder.o
       856        142         88          0          0        288   exp.o
        48          0          0          0          0        124   fpclassify.o
       248          0          0          0          0        152   poly.o
        86          0          0          0          0          0   __dczerorl2.o
         0          0          0          0          0          0   entry.o
         0          0          0          0          0          0   entry10a.o
         0          0          0          0          0          0   entry11a.o
         4          0          0          0          0          0   entry12b.o
         8          4          0          0          0          0   entry2.o
         4          0          0          0          0          0   entry5.o
         0          0          0          0          0          0   entry7b.o
         0          0          0          0          0          0   entry8b.o
         8          4          0          0          0          0   entry9a.o
        12          6          0          4          0         68   errno.o
        30          0          0          0          0          0   handlers.o
        36          8          0          0          0         68   init.o
         0          0          0          0          0          0   iusefp.o
        30          0          0          0          0         68   llshl.o
        36          0          0          0          0         68   llsshr.o
        32          0          0          0          0         68   llushr.o
        48          0          0          0          0         68   cdcmple.o
        48          0          0          0          0         68   cdrcmple.o
        56          0          0          0          0         88   d2f.o
       334          0          0          0          0        148   dadd.o
       222          0          0          0          0        100   ddiv.o
       186          0          0          0          0        176   depilogue.o
        62          0          0          0          0         80   dfixi.o
        50          0          0          0          0         76   dfixui.o
        34          0          0          0          0         76   dflti.o
        26          0          0          0          0         76   dfltui.o
       228          0          0          0          0         96   dmul.o
        38          0          0          0          0         68   f2d.o
       110          0          0          0          0        168   fepilogue.o

    ----------------------------------------------------------------------
      2980        180         88          4          0       2564   Library Totals
        16          0          0          0          0          0   (incl. Padding)

    ----------------------------------------------------------------------

      Code (inc. data)   RO Data    RW Data    ZI Data      Debug   Library Name

      1236        158         88          0          0        936   m_wm.l
       286         22          0          4          0        340   mc_w.l
      1442          0          0          0          0       1288   mf_w.l

    ----------------------------------------------------------------------
      2980        180         88          4          0       2564   Library Totals

    ----------------------------------------------------------------------

==============================================================================


      Code (inc. data)   RO Data    RW Data    ZI Data      Debug   

     23320       1930        568        348       4916     758531   Grand Totals
     23320       1930        568         64       4916     758531   ELF Image Totals (compressed)
     23320       1930        568         64          0          0   ROM Totals

==============================================================================

    Total RO  Size (Code + RO Data)                23888 (  23.33kB)
    Total RW  Size (RW Data + ZI Data)              5264 (   5.14kB)
    Total ROM Size (Code + RO Data + RW Data)      23952 (  23.39kB)

==============================================================================

