<html>
<body>
<pre>
<h1>µVision Build Log</h1>
<h2>Tool Versions:</h2>
IDE-Version: µVision V5.27.1.0
Copyright (C) 2019 ARM Ltd and ARM Germany GmbH. All rights reserved.
License Information: Duc Acer, BKU, LIC=----
 
Tool Versions:
Toolchain:       MDK-Lite  Version: 5.32.0.0
Toolchain Path:  C:\Keil_v5\ARM\ARMCC\Bin
C Compiler:      Armcc.exe V5.06 update 7 (build 960)
Assembler:       Armasm.exe V5.06 update 7 (build 960)
Linker/Locator:  ArmLink.exe V5.06 update 7 (build 960)
Library Manager: ArmAr.exe V5.06 update 7 (build 960)
Hex Converter:   FromElf.exe V5.06 update 7 (build 960)
CPU DLL:         SARMCM3.DLL V5.32.0.0
Dialog DLL:      DCM.DLL V1.17.3.0
Target DLL:      STLink\ST-LINKIII-KEIL_SWO.dll V3.0.8.0
Dialog DLL:      TCM.DLL V1.46.0.0
 
<h2>Project:</h2>
E:\BKRA\AUV\AUV_Board_ARM_Coding-main\AUV_BLDC_DRIVER\BLDC_Driver_ARM.uvprojx
Project File Date:  10/28/2021

<h2>Output:</h2>
*** Using Compiler 'V5.06 update 7 (build 960)', folder: 'C:\Keil_v5\ARM\ARMCC\Bin'
Build target 'Control_BLDC'
compiling User_CAN.c...
User_CAN.c(22): warning:  #177-D: variable "_IDCANBUS_ARM_1"  was declared but never referenced
  static int _IDCANBUS_ARM_1 = 0x121;
User_CAN.c(23): warning:  #177-D: variable "_IDCANBUS_ARM_2"  was declared but never referenced
  static int _IDCANBUS_ARM_2 = 0x122;
User_CAN.c(24): warning:  #177-D: variable "_IDCANBUS_THRUSTER"  was declared but never referenced
  static int _IDCANBUS_THRUSTER = 0x123;
User_CAN.c(27): warning:  #177-D: variable "_IDCANBUS_EPC"  was declared but never referenced
  static int _IDCANBUS_EPC = 0x126;
User_CAN.c(28): warning:  #177-D: variable "_IDCANBUS_BLACKBOX"  was declared but never referenced
  static int _IDCANBUS_BLACKBOX = 0x127;
User_CAN.c: 5 warnings, 0 errors
linking...
Program Size: Code=16968 RO-data=364 RW-data=396 ZI-data=4228  
FromELF: creating hex file...
".\Objects\BLDC_Driver_ARM.axf" - 0 Error(s), 5 Warning(s).

<h2>Software Packages used:</h2>

Package Vendor: ARM
                http://www.keil.com/pack/ARM.CMSIS.5.7.0.pack
                ARM.CMSIS.5.7.0
                CMSIS (Cortex Microcontroller Software Interface Standard)
   * Component: CORE Version: 5.4.0

Package Vendor: Keil
                http://www.keil.com/pack/Keil.STM32F1xx_DFP.2.3.0.pack
                Keil.STM32F1xx_DFP.2.3.0
                STMicroelectronics STM32F1 Series Device Support, Drivers and Examples
   * Component: Startup Version: 1.0.0

<h2>Collection of Component include folders:</h2>
  .\RTE\Device\STM32F103C8
  .\RTE\_Control_BLDC
  C:\Users\Acer\AppData\Local\Arm\Packs\ARM\CMSIS\5.7.0\CMSIS\Core\Include
  C:\Users\Acer\AppData\Local\Arm\Packs\Keil\STM32F1xx_DFP\2.3.0\Device\Include

<h2>Collection of Component Files used:</h2>

   * Component: ARM::CMSIS:CORE:5.4.0

   * Component: Keil::Device:Startup:1.0.0
      Source file:   Device\Source\system_stm32f10x.c
      Include file:  RTE_Driver\Config\RTE_Device.h
      Source file:   Device\Source\ARM\startup_stm32f10x_md.s
      Source file:   Device\Source\ARM\STM32F1xx_OPT.s
Build Time Elapsed:  00:00:02
</pre>
</body>
</html>
