<html>
<body>
<pre>
<h1>µVision Build Log</h1>
<h2>Tool Versions:</h2>
IDE-Version: µVision V5.27.1.0
Copyright (C) 2019 ARM Ltd and ARM Germany GmbH. All rights reserved.
License Information: Duc Acer, BKU, LIC=----
 
Tool Versions:
Toolchain:       MDK-Lite  Version: 5.32.0.0
Toolchain Path:  C:\Keil_v5\ARM\ARMCC\Bin
C Compiler:      Armcc.exe V5.06 update 7 (build 960)
Assembler:       Armasm.exe V5.06 update 7 (build 960)
Linker/Locator:  ArmLink.exe V5.06 update 7 (build 960)
Library Manager: ArmAr.exe V5.06 update 7 (build 960)
Hex Converter:   FromElf.exe V5.06 update 7 (build 960)
CPU DLL:         SARMCM3.DLL V5.32.0.0
Dialog DLL:      DCM.DLL V1.17.3.0
Target DLL:      STLink\ST-LINKIII-KEIL_SWO.dll V3.0.8.0
Dialog DLL:      TCM.DLL V1.46.0.0
 
<h2>Project:</h2>
E:\BKRA\AUV\AUV_Board_ARM_Coding-main\fix can v6_2\AUV_BLDC_Mass\BLDC_Driver_ARM.uvprojx
Project File Date:  10/28/2021

<h2>Output:</h2>
*** Using Compiler 'V5.06 update 7 (build 960)', folder: 'C:\Keil_v5\ARM\ARMCC\Bin'
Build target 'Control_BLDC'
compiling User_HALLSensor.c...
User_HALLSensor.c(25): warning:  #550-D: variable "Timer_Overload"  was set but never used
  static uint32_t Timer_Overload = 0;
User_HALLSensor.c(26): warning:  #177-D: variable "Timer_Check_iMotor"  was declared but never referenced
  static uint32_t Timer_Check_iMotor = 0;
User_HALLSensor.c(27): warning:  #550-D: variable "Timer_Check_VeloMotor"  was set but never used
  static uint32_t Timer_Check_VeloMotor = 0;
User_HALLSensor.c(29): warning:  #550-D: variable "Timer_CounterPerRevolution"  was set but never used
  static uint32_t Timer_CounterPerRevolution = 0;
User_HALLSensor.c(30): warning:  #550-D: variable "Timer_FilterCounterPerRevolution"  was set but never used
  static uint32_t Timer_FilterCounterPerRevolution = 0;
User_HALLSensor.c(32): warning:  #177-D: variable "PoleCounts"  was declared but never referenced
  static uint8_t PoleCounts = 0, UALTHM_Time_Control = 0;
User_HALLSensor.c(33): warning:  #550-D: variable "Motor_Running"  was set but never used
  static bool Motor_Running = false;
User_HALLSensor.c: 7 warnings, 0 errors
linking...
Program Size: Code=20064 RO-data=484 RW-data=400 ZI-data=4224  
FromELF: creating hex file...
".\Objects\BLDC_Driver_ARM.axf" - 0 Error(s), 7 Warning(s).

<h2>Software Packages used:</h2>

Package Vendor: ARM
                http://www.keil.com/pack/ARM.CMSIS.5.7.0.pack
                ARM.CMSIS.5.7.0
                CMSIS (Cortex Microcontroller Software Interface Standard)
   * Component: CORE Version: 5.4.0

Package Vendor: Keil
                http://www.keil.com/pack/Keil.STM32F1xx_DFP.2.3.0.pack
                Keil.STM32F1xx_DFP.2.3.0
                STMicroelectronics STM32F1 Series Device Support, Drivers and Examples
   * Component: Startup Version: 1.0.0

<h2>Collection of Component include folders:</h2>
  .\RTE\Device\STM32F103C8
  .\RTE\_Control_BLDC
  C:\Users\Acer\AppData\Local\Arm\Packs\ARM\CMSIS\5.7.0\CMSIS\Core\Include
  C:\Users\Acer\AppData\Local\Arm\Packs\Keil\STM32F1xx_DFP\2.3.0\Device\Include

<h2>Collection of Component Files used:</h2>

   * Component: ARM::CMSIS:CORE:5.4.0

   * Component: Keil::Device:Startup:1.0.0
      Include file:  RTE_Driver\Config\RTE_Device.h
      Source file:   Device\Source\ARM\STM32F1xx_OPT.s
      Source file:   Device\Source\ARM\startup_stm32f10x_md.s
      Source file:   Device\Source\system_stm32f10x.c
Build Time Elapsed:  00:00:00
</pre>
</body>
</html>
